--------- beginning of main
06-27 19:44:47.364  2872  7896 I SarService: Receiver polling >>>> Change receiver mode: off
06-27 19:44:47.564  2872  7896 I SarService: Receiver polling >>>> Change receiver mode: off
06-27 19:44:47.764  2872  7896 I SarService: Receiver polling >>>> Change receiver mode: off
06-27 19:44:47.910 25032 25032 W ThreadPoolForeg: type=1400 audit(0.0:103636): avc: denied { write } for name="traced_producer" dev="tmpfs" ino=27986 scontext=u:r:gmscore_app:s0:c512,c768 tcontext=u:object_r:traced_producer_socket:s0 tclass=sock_file permissive=0 app=com.google.android.gms
06-27 19:44:47.964  2872  7896 I SarService: Receiver polling >>>> Change receiver mode: off
--------- beginning of system
06-27 19:44:47.965  1627  1901 W ActivityManager: Unable to start service Intent { cmp=com.miui.powerkeeper/.perfshielder.PerfShielderStatisticsService } U=0: not found
06-27 19:44:47.965  1627  1901 V PerfShielderService: Miui powerkeeper: can't bind to com.miui.powerkeeper.perfshielder.PerfShielderStatisticsService
06-27 19:44:48.165  2872  7896 I SarService: Receiver polling >>>> Change receiver mode: off
06-27 19:44:48.365  2872  7896 I SarService: Receiver polling >>>> Change receiver mode: off
06-27 19:44:48.565  2872  7896 I SarService: Receiver polling >>>> Change receiver mode: off
06-27 19:44:48.699 24983 24983 D BoundBrokerSvc: onUnbind: Intent { act=com.google.android.mobstore.service.START pkg=com.google.android.gms }
06-27 19:44:48.765  2872  7896 I SarService: Receiver polling >>>> Change receiver mode: off
06-27 19:44:48.966  2872  7896 I SarService: Receiver polling >>>> Change receiver mode: off
06-27 19:44:49.166  2872  7896 I SarService: Receiver polling >>>> Change receiver mode: off
06-27 19:44:49.366  2872  7896 I SarService: Receiver polling >>>> Change receiver mode: off
06-27 19:44:49.567  2872  7896 I SarService: Receiver polling >>>> Change receiver mode: off
06-27 19:44:49.767  2872  7896 I SarService: Receiver polling >>>> Change receiver mode: off
06-27 19:44:49.819 25032 25032 D BoundBrokerSvc: onUnbind: Intent { act=com.google.android.gms.libs.gmscorelogger.service.START dat=chimera-action: cmp=com.google.android.gms/.chimera.PersistentDirectBootAwareApiService }
06-27 19:44:49.864 24983 24983 D BoundBrokerSvc: onUnbind: Intent { act=com.google.android.gms.audit.service.START pkg=com.google.android.gms }
06-27 19:44:49.895 24983 24983 D BoundBrokerSvc: onUnbind: Intent { act=com.google.android.gms.facs.internal.service.START dat=chimera-action: cmp=com.google.android.gms/.chimera.GmsInternalApiService }
06-27 19:44:49.897  1627  2409 I MiuiNetworkPolicy: updateUidState uid = 99496, uidState = 5
06-27 19:44:49.967  2872  7896 I SarService: Receiver polling >>>> Change receiver mode: off
06-27 19:44:50.168  2872  7896 I SarService: Receiver polling >>>> Change receiver mode: off
06-27 19:44:50.368  2872  7896 I SarService: Receiver polling >>>> Change receiver mode: off
06-27 19:44:50.568  2872  7896 I SarService: Receiver polling >>>> Change receiver mode: off
06-27 19:44:50.768  2872  7896 I SarService: Receiver polling >>>> Change receiver mode: off
06-27 19:44:50.969  2872  7896 I SarService: Receiver polling >>>> Change receiver mode: off
06-27 19:44:51.169  2872  7896 I SarService: Receiver polling >>>> Change receiver mode: off
06-27 19:44:51.369  2872  7896 I SarService: Receiver polling >>>> Change receiver mode: off
06-27 19:44:51.570  2872  7896 I SarService: Receiver polling >>>> Change receiver mode: off
06-27 19:44:51.770  2872  7896 I SarService: Receiver polling >>>> Change receiver mode: off
06-27 19:44:51.970  2872  7896 I SarService: Receiver polling >>>> Change receiver mode: off
06-27 19:44:52.170  2872  7896 I SarService: Receiver polling >>>> Change receiver mode: off
06-27 19:44:52.371  2872  7896 I SarService: Receiver polling >>>> Change receiver mode: off
06-27 19:44:52.571  2872  7896 I SarService: Receiver polling >>>> Change receiver mode: off
06-27 19:44:52.771  2872  7896 I SarService: Receiver polling >>>> Change receiver mode: off
06-27 19:44:52.971  2872  7896 I SarService: Receiver polling >>>> Change receiver mode: off
06-27 19:44:53.172  2872  7896 I SarService: Receiver polling >>>> Change receiver mode: off
06-27 19:44:53.372  2872  7896 I SarService: Receiver polling >>>> Change receiver mode: off
06-27 19:44:53.572  2872  7896 I SarService: Receiver polling >>>> Change receiver mode: off
06-27 19:44:53.772  2872  7896 I SarService: Receiver polling >>>> Change receiver mode: off
06-27 19:44:53.973  2872  7896 I SarService: Receiver polling >>>> Change receiver mode: off
06-27 19:44:54.173  2872  7896 I SarService: Receiver polling >>>> Change receiver mode: off
06-27 19:44:54.281  2919  3349 D LocalBluetoothAdapter: isSupportBluetoothRestrict = 0
06-27 19:44:54.282  2919  3349 D LocalBluetoothAdapter: isSupportBluetoothRestrict = 0
06-27 19:44:54.288  2919  2919 D TileLayoutImpl: measure finished, width 1080, height 1151, rows 1, cell height 275, cell margin 17, header height 533, header margin 51.
06-27 19:44:54.290  1627  5969 I WindowManagerService: Physical orientation not applied, rotation=0
06-27 19:44:54.291  2919  2919 D TileLayoutImpl: measure finished, width 1080, height 1151, rows 1, cell height 275, cell margin 17, header height 533, header margin 51.
06-27 19:44:54.302  2919  2919 D TileLayoutImpl: measure finished, width 1080, height 1151, rows 3, cell height 275, cell margin 17, header height 0, header margin 0.
06-27 19:44:54.304  1627  5969 I WindowManagerService: Physical orientation not applied, rotation=0
06-27 19:44:54.305  2919  2919 D TileLayoutImpl: measure finished, width 1080, height 1151, rows 3, cell height 275, cell margin 17, header height 0, header margin 0.
06-27 19:44:54.373  2872  7896 I SarService: Receiver polling >>>> Change receiver mode: off
06-27 19:44:54.573  2872  7896 I SarService: Receiver polling >>>> Change receiver mode: off
06-27 19:44:54.774  2872  7896 I SarService: Receiver polling >>>> Change receiver mode: off
06-27 19:44:54.884  2919  3142 D MobileStatusTracker(1): onSignalStrengthsChanged signalStrength=SignalStrength:{mCdma=CellSignalStrengthCdma: cdmaDbm=2147483647 cdmaEcio=2147483647 evdoDbm=2147483647 evdoEcio=2147483647 evdoSnr=2147483647 miuiLevel=0 level=0,mGsm=CellSignalStrengthGsm: rssi=2147483647 ber=2147483647 mTa=2147483647 miuiLevel=0 mLevel=0,mWcdma=CellSignalStrengthWcdma: ss=2147483647 ber=2147483647 rscp=2147483647 ecno=2147483647 miuiLevel=0 level=0,mTdscdma=CellSignalStrengthTdscdma: rssi=2147483647 ber=2147483647 rscp=2147483647 miuiLevel=0 level=0,mLte=CellSignalStrengthLte: rssi=-83 rsrp=-114 rsrq=-12 rssnr=2 cqiTableIndex=2147483647 cqi=2147483647 ta=2147483647 miuiLevel=2 level=2 parametersUseForLevel=0,mNr=CellSignalStrengthNr:{ csiRsrp = 2147483647 csiRsrq = 2147483647 csiCqiTableIndex = 2147483647 csiCqiReport = [] ssRsrp = 2147483647 ssRsrq = 2147483647 ssSinr = 2147483647 miuiLevel = 0 level = 0 parametersUseForLevel = 0 },primary=CellSignalStrengthLte}
06-27 19:44:54.884  2919  3142 D NetworkController.MobileSignalController(1): update5GConnectState: false
06-27 19:44:54.884  2919  3142 D NetworkController.MobileSignalController(1): NotQcom5G, signal level = 2
06-27 19:44:54.974  2872  7896 I SarService: Receiver polling >>>> Change receiver mode: off
06-27 19:44:55.174  2872  7896 I SarService: Receiver polling >>>> Change receiver mode: off
06-27 19:44:55.374  2872  7896 I SarService: Receiver polling >>>> Change receiver mode: off
06-27 19:44:55.575  2872  7896 I SarService: Receiver polling >>>> Change receiver mode: off
06-27 19:44:55.775  2872  7896 I SarService: Receiver polling >>>> Change receiver mode: off
06-27 19:44:55.975  2872  7896 I SarService: Receiver polling >>>> Change receiver mode: off
06-27 19:44:56.175  2872  7896 I SarService: Receiver polling >>>> Change receiver mode: off
06-27 19:44:56.376  2872  7896 I SarService: Receiver polling >>>> Change receiver mode: off
06-27 19:44:56.576  2872  7896 I SarService: Receiver polling >>>> Change receiver mode: off
06-27 19:44:56.776  2872  7896 I SarService: Receiver polling >>>> Change receiver mode: off
06-27 19:44:56.976  2872  7896 I SarService: Receiver polling >>>> Change receiver mode: off
06-27 19:44:57.177  2872  7896 I SarService: Receiver polling >>>> Change receiver mode: off
06-27 19:44:57.377  2872  7896 I SarService: Receiver polling >>>> Change receiver mode: off
06-27 19:44:57.577  2872  7896 I SarService: Receiver polling >>>> Change receiver mode: off
06-27 19:44:57.777  2872  7896 I SarService: Receiver polling >>>> Change receiver mode: off
06-27 19:44:57.978  2872  7896 I SarService: Receiver polling >>>> Change receiver mode: off
06-27 19:44:58.178  2872  7896 I SarService: Receiver polling >>>> Change receiver mode: off
06-27 19:44:58.378  2872  7896 I SarService: Receiver polling >>>> Change receiver mode: off
06-27 19:44:58.424  2919  3142 D MobileStatusTracker(1): onSignalStrengthsChanged signalStrength=SignalStrength:{mCdma=CellSignalStrengthCdma: cdmaDbm=2147483647 cdmaEcio=2147483647 evdoDbm=2147483647 evdoEcio=2147483647 evdoSnr=2147483647 miuiLevel=0 level=0,mGsm=CellSignalStrengthGsm: rssi=2147483647 ber=2147483647 mTa=2147483647 miuiLevel=0 mLevel=0,mWcdma=CellSignalStrengthWcdma: ss=2147483647 ber=2147483647 rscp=2147483647 ecno=2147483647 miuiLevel=0 level=0,mTdscdma=CellSignalStrengthTdscdma: rssi=2147483647 ber=2147483647 rscp=2147483647 miuiLevel=0 level=0,mLte=CellSignalStrengthLte: rssi=-85 rsrp=-114 rsrq=-10 rssnr=3 cqiTableIndex=2147483647 cqi=2147483647 ta=2147483647 miuiLevel=2 level=2 parametersUseForLevel=0,mNr=CellSignalStrengthNr:{ csiRsrp = 2147483647 csiRsrq = 2147483647 csiCqiTableIndex = 2147483647 csiCqiReport = [] ssRsrp = 2147483647 ssRsrq = 2147483647 ssSinr = 2147483647 miuiLevel = 0 level = 0 parametersUseForLevel = 0 },primary=CellSignalStrengthLte}
06-27 19:44:58.424  2919  3142 D NetworkController.MobileSignalController(1): update5GConnectState: false
06-27 19:44:58.424  2919  3142 D NetworkController.MobileSignalController(1): NotQcom5G, signal level = 2
06-27 19:44:58.578  2872  7896 I SarService: Receiver polling >>>> Change receiver mode: off
06-27 19:44:58.732  2919  2919 W ContextImpl: Calling a method in the system process without a qualified user: android.app.ContextImpl.bindService:1906 android.content.ContextWrapper.bindService:822 android.service.quickaccesswallet.QuickAccessWalletClientImpl.connectInternal:349 android.service.quickaccesswallet.QuickAccessWalletClientImpl.$r8$lambda$ZVs3IwfL14SOwWl64RtuB_VVX0M:0 android.service.quickaccesswallet.QuickAccessWalletClientImpl$$ExternalSyntheticLambda4.run:2 
06-27 19:44:58.744  1627  5857 D CompatibilityInfo: mCompatibilityFlags - 0
06-27 19:44:58.744  1627  5857 D CompatibilityInfo: applicationDensity - 440
06-27 19:44:58.744  1627  5857 D CompatibilityInfo: applicationScale - 1.0
06-27 19:44:58.749 25032 14011 W GmsStrictMode: DISK_READ [CONTEXT service_id=256 ]
06-27 19:44:58.749 25032 14011 W GmsStrictMode: android.os.strictmode.DiskReadViolation
06-27 19:44:58.749 25032 14011 W GmsStrictMode: 	at android.os.StrictMode$AndroidBlockGuardPolicy.onReadFromDisk(StrictMode.java:1659)
06-27 19:44:58.749 25032 14011 W GmsStrictMode: 	at libcore.io.BlockGuardOs.access(BlockGuardOs.java:74)
06-27 19:44:58.749 25032 14011 W GmsStrictMode: 	at libcore.io.ForwardingOs.access(ForwardingOs.java:128)
06-27 19:44:58.749 25032 14011 W GmsStrictMode: 	at android.app.ActivityThread$AndroidOs.access(ActivityThread.java:8180)
06-27 19:44:58.749 25032 14011 W GmsStrictMode: 	at java.io.UnixFileSystem.checkAccess(UnixFileSystem.java:332)
06-27 19:44:58.749 25032 14011 W GmsStrictMode: 	at java.io.File.exists(File.java:829)
06-27 19:44:58.749 25032 14011 W GmsStrictMode: 	at android.app.ContextImpl.getDataDir(ContextImpl.java:2901)
06-27 19:44:58.749 25032 14011 W GmsStrictMode: 	at android.app.ContextImpl.getPreferencesDir(ContextImpl.java:698)
06-27 19:44:58.749 25032 14011 W GmsStrictMode: 	at android.app.ContextImpl.getSharedPreferencesPath(ContextImpl.java:925)
06-27 19:44:58.749 25032 14011 W GmsStrictMode: 	at android.app.ContextImpl.getSharedPreferences(ContextImpl.java:547)
06-27 19:44:58.749 25032 14011 W GmsStrictMode: 	at android.content.ContextWrapper.getSharedPreferences(ContextWrapper.java:206)
06-27 19:44:58.749 25032 14011 W GmsStrictMode: 	at android.content.ContextWrapper.getSharedPreferences(ContextWrapper.java:206)
06-27 19:44:58.749 25032 14011 W GmsStrictMode: 	at bzrm.a(:com.google.android.gms@252431029@25.24.31 (190400-772615181):59)
06-27 19:44:58.749 25032 14011 W GmsStrictMode: 	at bphi.getSharedPreferences(:com.google.android.gms@252431029@25.24.31 (190400-772615181):5)
06-27 19:44:58.749 25032 14011 W GmsStrictMode: 	at android.content.ContextWrapper.getSharedPreferences(ContextWrapper.java:206)
06-27 19:44:58.749 25032 14011 W GmsStrictMode: 	at android.content.ContextWrapper.getSharedPreferences(ContextWrapper.java:206)
06-27 19:44:58.749 25032 14011 W GmsStrictMode: 	at cgho.a(:com.google.android.gms@252431029@25.24.31 (190400-772615181):1)
06-27 19:44:58.749 25032 14011 W GmsStrictMode: 	at cghr.a(:com.google.android.gms@252431029@25.24.31 (190400-772615181):145)
06-27 19:44:58.749 25032 14011 W GmsStrictMode: 	at enkk.<init>(:com.google.android.gms@252431029@25.24.31 (190400-772615181):9)
06-27 19:44:58.749 25032 14011 W GmsStrictMode: 	at elye.<init>(:com.google.android.gms@252431029@25.24.31 (190400-772615181):14)
06-27 19:44:58.749 25032 14011 W GmsStrictMode: 	at elyl.onCreate(:com.google.android.gms@252431029@25.24.31 (190400-772615181):18)
06-27 19:44:58.749 25032 14011 W GmsStrictMode: 	at enkl.onCreate(:com.google.android.gms@252431029@25.24.31 (190400-772615181):7)
06-27 19:44:58.749 25032 14011 W GmsStrictMode: 	at vqw.onCreate(:com.google.android.gms@252431029@25.24.31 (190400-772615181):18)
06-27 19:44:58.749 25032 14011 W GmsStrictMode: 	at atup.onCreate(:com.google.android.gms@252431029@25.24.31 (190400-772615181):19)
06-27 19:44:58.749 25032 14011 W GmsStrictMode: 	at android.app.ActivityThread.handleCreateService(ActivityThread.java:4639)
06-27 19:44:58.749 25032 14011 W GmsStrictMode: 	at android.app.ActivityThread.access$1800(ActivityThread.java:271)
06-27 19:44:58.749 25032 14011 W GmsStrictMode: 	at android.app.ActivityThread$H.handleMessage(ActivityThread.java:2153)
06-27 19:44:58.749 25032 14011 W GmsStrictMode: 	at android.os.Handler.dispatchMessage(Handler.java:106)
06-27 19:44:58.749 25032 14011 W GmsStrictMode: 	at android.os.Looper.loopOnce(Looper.java:210)
06-27 19:44:58.749 25032 14011 W GmsStrictMode: 	at android.os.Looper.loop(Looper.java:299)
06-27 19:44:58.749 25032 14011 W GmsStrictMode: 	at android.app.ActivityThread.main(ActivityThread.java:8319)
06-27 19:44:58.749 25032 14011 W GmsStrictMode: 	at java.lang.reflect.Method.invoke(Native Method)
06-27 19:44:58.749 25032 14011 W GmsStrictMode: 	at com.android.internal.os.RuntimeInit$MethodAndArgsCaller.run(RuntimeInit.java:556)
06-27 19:44:58.749 25032 14011 W GmsStrictMode: 	at com.android.internal.os.ZygoteInit.main(ZygoteInit.java:1038)
06-27 19:44:58.750 25032 14011 W GmsStrictMode: DISK_READ [CONTEXT service_id=256 ]
06-27 19:44:58.750 25032 14011 W GmsStrictMode: android.os.strictmode.DiskReadViolation
06-27 19:44:58.750 25032 14011 W GmsStrictMode: 	at android.os.StrictMode$AndroidBlockGuardPolicy.onReadFromDisk(StrictMode.java:1659)
06-27 19:44:58.750 25032 14011 W GmsStrictMode: 	at libcore.io.BlockGuardOs.access(BlockGuardOs.java:74)
06-27 19:44:58.750 25032 14011 W GmsStrictMode: 	at libcore.io.ForwardingOs.access(ForwardingOs.java:128)
06-27 19:44:58.750 25032 14011 W GmsStrictMode: 	at android.app.ActivityThread$AndroidOs.access(ActivityThread.java:8180)
06-27 19:44:58.750 25032 14011 W GmsStrictMode: 	at java.io.UnixFileSystem.checkAccess(UnixFileSystem.java:332)
06-27 19:44:58.750 25032 14011 W GmsStrictMode: 	at java.io.File.exists(File.java:829)
06-27 19:44:58.750 25032 14011 W GmsStrictMode: 	at android.app.ContextImpl.ensurePrivateDirExists(ContextImpl.java:753)
06-27 19:44:58.750 25032 14011 W GmsStrictMode: 	at android.app.ContextImpl.ensurePrivateDirExists(ContextImpl.java:744)
06-27 19:44:58.750 25032 14011 W GmsStrictMode: 	at android.app.ContextImpl.getPreferencesDir(ContextImpl.java:700)
06-27 19:44:58.750 25032 14011 W GmsStrictMode: 	at android.app.ContextImpl.getSharedPreferencesPath(ContextImpl.java:925)
06-27 19:44:58.750 25032 14011 W GmsStrictMode: 	at android.app.ContextImpl.getSharedPreferences(ContextImpl.java:547)
06-27 19:44:58.750 25032 14011 W GmsStrictMode: 	at android.content.ContextWrapper.getSharedPreferences(ContextWrapper.java:206)
06-27 19:44:58.750 25032 14011 W GmsStrictMode: 	at android.content.ContextWrapper.getSharedPreferences(ContextWrapper.java:206)
06-27 19:44:58.750 25032 14011 W GmsStrictMode: 	at bzrm.a(:com.google.android.gms@252431029@25.24.31 (190400-772615181):59)
06-27 19:44:58.750 25032 14011 W GmsStrictMode: 	at bphi.getSharedPreferences(:com.google.android.gms@252431029@25.24.31 (190400-772615181):5)
06-27 19:44:58.750 25032 14011 W GmsStrictMode: 	at android.content.ContextWrapper.getSharedPreferences(ContextWrapper.java:206)
06-27 19:44:58.750 25032 14011 W GmsStrictMode: 	at android.content.ContextWrapper.getSharedPreferences(ContextWrapper.java:206)
06-27 19:44:58.750 25032 14011 W GmsStrictMode: 	at cgho.a(:com.google.android.gms@252431029@25.24.31 (190400-772615181):1)
06-27 19:44:58.750 25032 14011 W GmsStrictMode: 	at cghr.a(:com.google.android.gms@252431029@25.24.31 (190400-772615181):145)
06-27 19:44:58.750 25032 14011 W GmsStrictMode: 	at enkk.<init>(:com.google.android.gms@252431029@25.24.31 (190400-772615181):9)
06-27 19:44:58.750 25032 14011 W GmsStrictMode: 	at elye.<init>(:com.google.android.gms@252431029@25.24.31 (190400-772615181):14)
06-27 19:44:58.750 25032 14011 W GmsStrictMode: 	at elyl.onCreate(:com.google.android.gms@252431029@25.24.31 (190400-772615181):18)
06-27 19:44:58.750 25032 14011 W GmsStrictMode: 	at enkl.onCreate(:com.google.android.gms@252431029@25.24.31 (190400-772615181):7)
06-27 19:44:58.750 25032 14011 W GmsStrictMode: 	at vqw.onCreate(:com.google.android.gms@252431029@25.24.31 (190400-772615181):18)
06-27 19:44:58.750 25032 14011 W GmsStrictMode: 	at atup.onCreate(:com.google.android.gms@252431029@25.24.31 (190400-772615181):19)
06-27 19:44:58.750 25032 14011 W GmsStrictMode: 	at android.app.ActivityThread.handleCreateService(ActivityThread.java:4639)
06-27 19:44:58.750 25032 14011 W GmsStrictMode: 	at android.app.ActivityThread.access$1800(ActivityThread.java:271)
06-27 19:44:58.750 25032 14011 W GmsStrictMode: 	at android.app.ActivityThread$H.handleMessage(ActivityThread.java:2153)
06-27 19:44:58.750 25032 14011 W GmsStrictMode: 	at android.os.Handler.dispatchMessage(Handler.java:106)
06-27 19:44:58.750 25032 14011 W GmsStrictMode: 	at android.os.Looper.loopOnce(Looper.java:210)
06-27 19:44:58.750 25032 14011 W GmsStrictMode: 	at android.os.Looper.loop(Looper.java:299)
06-27 19:44:58.750 25032 14011 W GmsStrictMode: 	at android.app.ActivityThread.main(ActivityThread.java:8319)
06-27 19:44:58.750 25032 14011 W GmsStrictMode: 	at java.lang.reflect.Method.invoke(Native Method)
06-27 19:44:58.750 25032 14011 W GmsStrictMode: 	at com.android.internal.os.RuntimeInit$MethodAndArgsCaller.run(RuntimeInit.java:556)
06-27 19:44:58.750 25032 14011 W GmsStrictMode: 	at com.android.internal.os.ZygoteInit.main(ZygoteInit.java:1038)
06-27 19:44:58.757  1627  5857 D CompatibilityInfo: mCompatibilityFlags - 0
06-27 19:44:58.757  1627  5857 D CompatibilityInfo: applicationDensity - 440
06-27 19:44:58.758  1627  5857 D CompatibilityInfo: applicationScale - 1.0
06-27 19:44:58.758  1627  2409 I MiuiNetworkPolicy: updateUidState uid = 99496, uidState = 3
06-27 19:44:58.759 24983 24983 D BoundBrokerSvc: onBind: Intent { act=com.google.android.gms.pay.service.BIND dat=chimera-action: cmp=com.google.android.gms/.chimera.GmsApiService }
06-27 19:44:58.759 24983 24983 D BoundBrokerSvc: Loading bound service for intent: Intent { act=com.google.android.gms.pay.service.BIND dat=chimera-action: cmp=com.google.android.gms/.chimera.GmsApiService }
06-27 19:44:58.763  2919  2919 D TileLayoutImpl: measure finished, width 1080, height 1151, rows 3, cell height 275, cell margin 17, header height 0, header margin 0.
06-27 19:44:58.765  1627  5969 I WindowManagerService: Physical orientation not applied, rotation=0
06-27 19:44:58.767  2919  2919 D TileLayoutImpl: measure finished, width 1080, height 1151, rows 3, cell height 275, cell margin 17, header height 0, header margin 0.
06-27 19:44:58.779  2872  7896 I SarService: Receiver polling >>>> Change receiver mode: off
06-27 19:44:58.792 25032 14011 I TapAndPay: Getting intent [CONTEXT service_id=79 ]
06-27 19:44:58.792 25032 14011 I TapAndPay: Not at least Baklava. Navigating to card details. [CONTEXT service_id=79 ]
06-27 19:44:58.800 25032 14011 W GmsStrictMode: CUSTOM_SLOW_CALL [CONTEXT service_id=256 ]
06-27 19:44:58.800 25032 14011 W GmsStrictMode: android.os.strictmode.CustomViolation: Warning: attempt to read pixels from hardware bitmap, which is very slow operation
06-27 19:44:58.800 25032 14011 W GmsStrictMode: 	at android.os.StrictMode$AndroidBlockGuardPolicy.onCustomSlowCall(StrictMode.java:1626)
06-27 19:44:58.800 25032 14011 W GmsStrictMode: 	at android.os.StrictMode.noteSlowCall(StrictMode.java:2694)
06-27 19:44:58.800 25032 14011 W GmsStrictMode: 	at android.graphics.Bitmap.noteHardwareBitmapSlowCall(Bitmap.java:668)
06-27 19:44:58.800 25032 14011 W GmsStrictMode: 	at android.graphics.Bitmap.writeToParcel(Bitmap.java:2139)
06-27 19:44:58.800 25032 14011 W GmsStrictMode: 	at android.graphics.drawable.Icon.writeToParcel(Icon.java:918)
06-27 19:44:58.800 25032 14011 W GmsStrictMode: 	at android.service.quickaccesswallet.WalletCard.writeToParcel(WalletCard.java:59)
06-27 19:44:58.800 25032 14011 W GmsStrictMode: 	at android.os.Parcel.writeParcelable(Parcel.java:1953)
06-27 19:44:58.800 25032 14011 W GmsStrictMode: 	at android.os.Parcel.writeParcelableList(Parcel.java:1737)
06-27 19:44:58.800 25032 14011 W GmsStrictMode: 	at android.service.quickaccesswallet.GetWalletCardsResponse.writeToParcel(GetWalletCardsResponse.java:59)
06-27 19:44:58.800 25032 14011 W GmsStrictMode: 	at android.service.quickaccesswallet.IQuickAccessWalletServiceCallbacks$Stub$Proxy.onGetWalletCardsSuccess(IQuickAccessWalletServiceCallbacks.java:170)
06-27 19:44:58.800 25032 14011 W GmsStrictMode: 	at android.service.quickaccesswallet.GetWalletCardsCallbackImpl.onSuccessInternal(GetWalletCardsCallbackImpl.java:84)
06-27 19:44:58.800 25032 14011 W GmsStrictMode: 	at android.service.quickaccesswallet.GetWalletCardsCallbackImpl.lambda$onSuccess$0$GetWalletCardsCallbackImpl(GetWalletCardsCallbackImpl.java:58)
06-27 19:44:58.800 25032 14011 W GmsStrictMode: 	at android.service.quickaccesswallet.GetWalletCardsCallbackImpl$$ExternalSyntheticLambda2.run(Unknown Source:4)
06-27 19:44:58.800 25032 14011 W GmsStrictMode: 	at android.os.Handler.handleCallback(Handler.java:938)
06-27 19:44:58.800 25032 14011 W GmsStrictMode: 	at android.os.Handler.dispatchMessage(Handler.java:99)
06-27 19:44:58.800 25032 14011 W GmsStrictMode: 	at android.os.Looper.loopOnce(Looper.java:210)
06-27 19:44:58.800 25032 14011 W GmsStrictMode: 	at android.os.Looper.loop(Looper.java:299)
06-27 19:44:58.800 25032 14011 W GmsStrictMode: 	at android.app.ActivityThread.main(ActivityThread.java:8319)
06-27 19:44:58.800 25032 14011 W GmsStrictMode: 	at java.lang.reflect.Method.invoke(Native Method)
06-27 19:44:58.800 25032 14011 W GmsStrictMode: 	at com.android.internal.os.RuntimeInit$MethodAndArgsCaller.run(RuntimeInit.java:556)
06-27 19:44:58.800 25032 14011 W GmsStrictMode: 	at com.android.internal.os.ZygoteInit.main(ZygoteInit.java:1038)
06-27 19:44:58.800  2919  2919 I QuickAccessWalletTile: Successfully retrieved wallet cards.
06-27 19:44:58.800 25032 14011 W GmsStrictMode: CUSTOM_SLOW_CALL [CONTEXT service_id=256 ]
06-27 19:44:58.800 25032 14011 W GmsStrictMode: android.os.strictmode.CustomViolation: Warning: attempt to read pixels from hardware bitmap, which is very slow operation
06-27 19:44:58.800 25032 14011 W GmsStrictMode: 	at android.os.StrictMode$AndroidBlockGuardPolicy.onCustomSlowCall(StrictMode.java:1626)
06-27 19:44:58.800 25032 14011 W GmsStrictMode: 	at android.os.StrictMode.noteSlowCall(StrictMode.java:2694)
06-27 19:44:58.800 25032 14011 W GmsStrictMode: 	at android.graphics.Bitmap.noteHardwareBitmapSlowCall(Bitmap.java:668)
06-27 19:44:58.800 25032 14011 W GmsStrictMode: 	at android.graphics.Bitmap.writeToParcel(Bitmap.java:2139)
06-27 19:44:58.800 25032 14011 W GmsStrictMode: 	at android.graphics.drawable.Icon.writeToParcel(Icon.java:918)
06-27 19:44:58.800 25032 14011 W GmsStrictMode: 	at android.service.quickaccesswallet.WalletCard.writeToParcel(WalletCard.java:66)
06-27 19:44:58.800 25032 14011 W GmsStrictMode: 	at android.os.Parcel.writeParcelable(Parcel.java:1953)
06-27 19:44:58.800 25032 14011 W GmsStrictMode: 	at android.os.Parcel.writeParcelableList(Parcel.java:1737)
06-27 19:44:58.800 25032 14011 W GmsStrictMode: 	at android.service.quickaccesswallet.GetWalletCardsResponse.writeToParcel(GetWalletCardsResponse.java:59)
06-27 19:44:58.800 25032 14011 W GmsStrictMode: 	at android.service.quickaccesswallet.IQuickAccessWalletServiceCallbacks$Stub$Proxy.onGetWalletCardsSuccess(IQuickAccessWalletServiceCallbacks.java:170)
06-27 19:44:58.800 25032 14011 W GmsStrictMode: 	at android.service.quickaccesswallet.GetWalletCardsCallbackImpl.onSuccessInternal(GetWalletCardsCallbackImpl.java:84)
06-27 19:44:58.800 25032 14011 W GmsStrictMode: 	at android.service.quickaccesswallet.GetWalletCardsCallbackImpl.lambda$onSuccess$0$GetWalletCardsCallbackImpl(GetWalletCardsCallbackImpl.java:58)
06-27 19:44:58.800 25032 14011 W GmsStrictMode: 	at android.service.quickaccesswallet.GetWalletCardsCallbackImpl$$ExternalSyntheticLambda2.run(Unknown Source:4)
06-27 19:44:58.800 25032 14011 W GmsStrictMode: 	at android.os.Handler.handleCallback(Handler.java:938)
06-27 19:44:58.800 25032 14011 W GmsStrictMode: 	at android.os.Handler.dispatchMessage(Handler.java:99)
06-27 19:44:58.800 25032 14011 W GmsStrictMode: 	at android.os.Looper.loopOnce(Looper.java:210)
06-27 19:44:58.800 25032 14011 W GmsStrictMode: 	at android.os.Looper.loop(Looper.java:299)
06-27 19:44:58.800 25032 14011 W GmsStrictMode: 	at android.app.ActivityThread.main(ActivityThread.java:8319)
06-27 19:44:58.800 25032 14011 W GmsStrictMode: 	at java.lang.reflect.Method.invoke(Native Method)
06-27 19:44:58.800 25032 14011 W GmsStrictMode: 	at com.android.internal.os.RuntimeInit$MethodAndArgsCaller.run(RuntimeInit.java:556)
06-27 19:44:58.800 25032 14011 W GmsStrictMode: 	at com.android.internal.os.ZygoteInit.main(ZygoteInit.java:1038)
06-27 19:44:58.813  2919  2919 D TileLayoutImpl: measure finished, width 1080, height 1151, rows 3, cell height 275, cell margin 17, header height 0, header margin 0.
06-27 19:44:58.815  1627  5969 I WindowManagerService: Physical orientation not applied, rotation=0
06-27 19:44:58.818  2919  2919 D TileLayoutImpl: measure finished, width 1080, height 1151, rows 3, cell height 275, cell margin 17, header height 0, header margin 0.
06-27 19:44:58.878  1627  1657 I system_server: Background concurrent copying GC freed 23MB AllocSpace bytes, 8(176KB) LOS objects, 28% free, 60MB/84MB, paused 156us,93us total 144.491ms
06-27 19:44:58.893  1627  1659 W System  : A resource failed to call close. 
06-27 19:44:58.894  1627  1659 W System  : A resource failed to call close. 
06-27 19:44:58.932 25032 25042 I .gms.persisten: Background concurrent copying GC freed 23MB AllocSpace bytes, 55(1720KB) LOS objects, 41% free, 34MB/58MB, paused 109us,44us total 182.430ms
06-27 19:44:58.979  2872  7896 I SarService: Receiver polling >>>> Change receiver mode: off
06-27 19:44:59.179  2872  7896 I SarService: Receiver polling >>>> Change receiver mode: off
06-27 19:44:59.379  2872  7896 I SarService: Receiver polling >>>> Change receiver mode: off
06-27 19:44:59.580  2872  7896 I SarService: Receiver polling >>>> Change receiver mode: off
06-27 19:44:59.780  2872  7896 I SarService: Receiver polling >>>> Change receiver mode: off
06-27 19:44:59.980  2872  7896 I SarService: Receiver polling >>>> Change receiver mode: off
06-27 19:45:00.000  1627  2269 V AlarmManager: Triggering alarm #0: Alarm{9ee6ae8 type 3 origWhen 95604532 whenElapsed 95604532 android}
06-27 19:45:00.002  2919  2919 D KeyguardUpdateMonitor: received broadcast android.intent.action.TIME_TICK
06-27 19:45:00.002  2919  2919 D KeyguardUpdateMonitor: handleTimeUpdate
06-27 19:45:00.023  1627  5982 I WindowManagerService: Physical orientation not applied, rotation=0
06-27 19:45:00.180  2872  7896 I SarService: Receiver polling >>>> Change receiver mode: off
06-27 19:45:00.381  2872  7896 I SarService: Receiver polling >>>> Change receiver mode: off
06-27 19:45:00.581  2872  7896 I SarService: Receiver polling >>>> Change receiver mode: off
06-27 19:45:00.781  2872  7896 I SarService: Receiver polling >>>> Change receiver mode: off
06-27 19:45:00.981  2919  3142 D MobileStatusTracker(1): onSignalStrengthsChanged signalStrength=SignalStrength:{mCdma=CellSignalStrengthCdma: cdmaDbm=2147483647 cdmaEcio=2147483647 evdoDbm=2147483647 evdoEcio=2147483647 evdoSnr=2147483647 miuiLevel=0 level=0,mGsm=CellSignalStrengthGsm: rssi=2147483647 ber=2147483647 mTa=2147483647 miuiLevel=0 mLevel=0,mWcdma=CellSignalStrengthWcdma: ss=2147483647 ber=2147483647 rscp=2147483647 ecno=2147483647 miuiLevel=0 level=0,mTdscdma=CellSignalStrengthTdscdma: rssi=2147483647 ber=2147483647 rscp=2147483647 miuiLevel=0 level=0,mLte=CellSignalStrengthLte: rssi=-85 rsrp=-115 rsrq=-12 rssnr=2 cqiTableIndex=2147483647 cqi=2147483647 ta=2147483647 miuiLevel=2 level=2 parametersUseForLevel=0,mNr=CellSignalStrengthNr:{ csiRsrp = 2147483647 csiRsrq = 2147483647 csiCqiTableIndex = 2147483647 csiCqiReport = [] ssRsrp = 2147483647 ssRsrq = 2147483647 ssSinr = 2147483647 miuiLevel = 0 level = 0 parametersUseForLevel = 0 },primary=CellSignalStrengthLte}
06-27 19:45:00.981  2919  3142 D NetworkController.MobileSignalController(1): update5GConnectState: false
06-27 19:45:00.981  2919  3142 D NetworkController.MobileSignalController(1): NotQcom5G, signal level = 2
06-27 19:45:00.981  2872  7896 I SarService: Receiver polling >>>> Change receiver mode: off
06-27 19:45:01.182  2872  7896 I SarService: Receiver polling >>>> Change receiver mode: off
06-27 19:45:01.382  2872  7896 I SarService: Receiver polling >>>> Change receiver mode: off
06-27 19:45:01.398  1627  1822 D HeapUsage Monitor: HeapAllocSize : 60MB; monitorSize : 500MB
06-27 19:45:01.580  5878  6029 I bbkx    : (REDACTED) getHotwordActive::active query: %s, watch: %s, devices connected: %s
06-27 19:45:01.582  2872  7896 I SarService: Receiver polling >>>> Change receiver mode: off
06-27 19:45:01.783  2872  7896 I SarService: Receiver polling >>>> Change receiver mode: off
06-27 19:45:01.983  2872  7896 I SarService: Receiver polling >>>> Change receiver mode: off
06-27 19:45:02.183  2872  7896 I SarService: Receiver polling >>>> Change receiver mode: off
06-27 19:45:02.383  2872  7896 I SarService: Receiver polling >>>> Change receiver mode: off
06-27 19:45:02.415  1627  2388 D MIUIInput: [MotionEvent] publisher action=0x4, 57268392, channel '83dff92 NavigationBar0 (server)'
06-27 19:45:02.415  1627  2388 D MIUIInput: [MotionEvent] publisher action=0x0, 57268392, channel '9b02302 com.miui.home/com.miui.home.launcher.Launcher (server)'
06-27 19:45:02.415  1627  2388 D MIUIInput: [MotionEvent] publisher action=0x0, 57268392, channel '8ba4243 com.miui.miwallpaper.wallpaperservice.MiuiKeyguardPictorialWallpaper (server)'
06-27 19:45:02.415  1627  2388 D MIUIInput: [MotionEvent] publisher action=0x0, 57268392, channel '8426ed4 com.miui.miwallpaper.wallpaperservice.ImageWallpaper (server)'
06-27 19:45:02.416 25950 25950 D EventBus: No subscribers registered for event class com.miui.home.launcher.common.messages.EndSpringAnimatorMessage
06-27 19:45:02.417 25950 25950 D EventBus: No subscribers registered for event class org.greenrobot.eventbus.NoSubscriberEvent
06-27 19:45:02.417 25950 25950 D FeedSwipeController: touchState : 0 scrolling : false normalEditing : false WidgetThumbnailViewShowing : false UninstallDialogShowing : false isMinusScreenShowing: false
06-27 19:45:02.417 25950 25950 D FeedSwipeController: can not use
06-27 19:45:02.417 25950 25950 D Launcher.StatusBarController: try intercept touch, isProxySurvive=true
06-27 19:45:02.418 25950 25950 D Launcher.Workspace: Workspace touch down
06-27 19:45:02.418 25950 25950 D ScreenView_Workspace: onIntercept:0.0
06-27 19:45:02.418 25950 25950 D ScreenView_Workspace: not intercept
06-27 19:45:02.418 25950 25950 D Launcher.CellLayout: touch item:ShortcutInfo, id=787, itemType=0, user=UserHandle{0}, mIconType=0, pkgName=org.alexandreareias.edmundoapp, className=org.kivy.android.PythonActivity, screenId=3, container=-100, cellX=3, cellY=3, spanX=1, spanY=1
06-27 19:45:02.419 25950 25950 D Launcher.itemIcon: folmeDown
06-27 19:45:02.422 25950 26230 D Launcher.Boost: bindcore 200
06-27 19:45:02.481  1627  2388 D MIUIInput: [MotionEvent] publisher action=0x1, 57268458, channel '9b02302 com.miui.home/com.miui.home.launcher.Launcher (server)'
06-27 19:45:02.481  1627  2388 D MIUIInput: [MotionEvent] publisher action=0x1, 57268458, channel '8ba4243 com.miui.miwallpaper.wallpaperservice.MiuiKeyguardPictorialWallpaper (server)'
06-27 19:45:02.481  1627  2388 D MIUIInput: [MotionEvent] publisher action=0x1, 57268458, channel '8426ed4 com.miui.miwallpaper.wallpaperservice.ImageWallpaper (server)'
06-27 19:45:02.482 25950 25950 D Launcher.Workspace: Workspace touch up or cancel
06-27 19:45:02.482 25950 25950 D ScreenView_Workspace: oninterceput up
06-27 19:45:02.482 25950 25950 E BranchAllAppsIndicator: changedByBranch: callBack = null
06-27 19:45:02.482 25950 25950 D Launcher.itemIcon: folmeUp
06-27 19:45:02.485 25950 25950 D Launcher.AnalyticalDataCollector: inDesktop, screenIndex=2, row3, column=3
06-27 19:45:02.487 25950 25950 E QuickstepAppTransitionManagerImpl: getActivityLaunchOptions   iconLoc=Rect(838, 1098 - 1010, 1270)
06-27 19:45:02.489  1627  5982 I ActivityTaskManager: START u0 {act=android.intent.action.MAIN cat=[android.intent.category.LAUNCHER] flg=0x10200000 cmp=org.alexandreareias.edmundoapp/org.kivy.android.PythonActivity bnds=[838,1098][1010,1270] (has extras)} from uid 10092 from pid 25950 callingPackage com.miui.home
06-27 19:45:02.493  1053  1109 E ANDR-PERF-LM: MetaMeter: handleAsync() 166: AdaptLaunch Invalid Async
06-27 19:45:02.493  1053  3925 E ANDR-PERF-LM: ThreadHelper: thread_callback() 145: More than one pending updates!!! This should not happen. MeterMgr should avoid this case.
06-27 19:45:02.494  1053  1109 E ANDR-PERF-LM: MetaMeter: handleAsync() 166: AdaptLaunch Invalid Async
06-27 19:45:02.495  1627  5982 E ANDR-PERF-JNI: com_qualcomm_qtiperformance_native_perf_io_prefetch_start
06-27 19:45:02.496  1627  5982 W ActivityTaskManager: Can't find TaskDisplayArea to determine support for multi window. Task id=3388 attached=false
06-27 19:45:02.496  1627  5982 V ActivityTaskManager: onConfigurationChanged overrideWindowingMode = 0 prevWindowingMode = 0 isEnterFreeformMode = false isEnterFreeformMode = false isOutFreeformMode = false alreadySetFreeformBounds = false
06-27 19:45:02.497  1052  3918 E ANDR-IOP: io prefetch is disabled
06-27 19:45:02.499  1627  5982 D CompatibilityChangeReporter: Compat change id reported: 174042980; UID 10869; state: DISABLED
06-27 19:45:02.500  1627  5982 D CompatibilityChangeReporter: Compat change id reported: 184838306; UID 10869; state: DISABLED
06-27 19:45:02.500  1627  5982 D CompatibilityChangeReporter: Compat change id reported: 185004937; UID 10869; state: DISABLED
06-27 19:45:02.500  1627  5982 D CompatibilityChangeReporter: Compat change id reported: 181136395; UID 10869; state: DISABLED
06-27 19:45:02.501  1627  5982 D CompatibilityChangeReporter: Compat change id reported: 174042936; UID 10869; state: DISABLED
06-27 19:45:02.504  1627  5982 D CompatibilityChangeReporter: Compat change id reported: 168419799; UID 10869; state: DISABLED
06-27 19:45:02.504  1627  5982 D CompatibilityInfo: mCompatibilityFlags - 0
06-27 19:45:02.504  1627  5982 D CompatibilityInfo: applicationDensity - 440
06-27 19:45:02.504  1627  5982 D CompatibilityInfo: applicationScale - 1.0
06-27 19:45:02.506  1627  5982 D ActivityTrigger: ActivityTrigger activityPauseTrigger 
06-27 19:45:02.511  2919  3120 E ndroid.systemu: Invalid ID 0x00000000.
06-27 19:45:02.514  2919  2919 D OneHandedController: stopOneHanded state isTransitioning or STATE_NONE
06-27 19:45:02.515 25950 12715 D TaskStackChangeListeners: onTaskDisplayChanged =  taskId = 3388 newDisplayId = 0
06-27 19:45:02.517  1627  1817 D CompatibilityChangeReporter: Compat change id reported: 135634846; UID 10869; state: DISABLED
06-27 19:45:02.517  2919  2919 D OneHandedController: stopOneHanded state isTransitioning or STATE_NONE
06-27 19:45:02.517  2919  2919 D OneHandedController: stopOneHanded state isTransitioning or STATE_NONE
06-27 19:45:02.520 25950 25950 D Launcher.Lifecycle: onPause:UserHandle{0},ce92670,true
06-27 19:45:02.520 25950 25950 D Launcher_UnlockAnimationStateMachine: onPause = IDLE
06-27 19:45:02.520 25950 25950 D Launcher_UnlockAnimationStateMachine: setState:PAUSE_WAIT
06-27 19:45:02.522  1627  1817 D CompatibilityChangeReporter: Compat change id reported: 177438394; UID 10869; state: DISABLED
06-27 19:45:02.522  1627  1817 D CompatibilityChangeReporter: Compat change id reported: 135772972; UID 10869; state: DISABLED
06-27 19:45:02.522  1627  1817 D CompatibilityChangeReporter: Compat change id reported: 135754954; UID 10869; state: ENABLED
06-27 19:45:02.522  1627  1906 D CompatibilityChangeReporter: Compat change id reported: 143937733; UID 10869; state: ENABLED
06-27 19:45:02.523  2919  3121 D TaskSnapshot_Helper: SYS is normal.
06-27 19:45:02.527  1053  1109 W ANDR-PERF-LM: MetaMeter: handlePrimaryAsync() 118: AdaptLaunch MetaMeter. No MeterMgr Available to handle this Primary Async. !!!!
06-27 19:45:02.527  1053  1109 W ANDR-PERF-LM: MetaMeter: handlePrimaryAsync() 118: AdaptLaunch MetaMeter. No MeterMgr Available to handle this Primary Async. !!!!
06-27 19:45:02.537  1627  5857 D WindowManager: Input focus has changed to null display=0 updateInputWindows = true
06-27 19:45:02.537  1627  5857 I WindowManagerService: Physical orientation not applied, rotation=0
06-27 19:45:02.541 25950 25950 D Launcher.Lifecycle: onWindowFocusChanged:false,UserHandle{0},ce92670,true
06-27 19:45:02.541 25950 25950 D DecorView[]: onWindowFocusChanged hasWindowFocus false
06-27 19:45:02.542  2535  2590 D HomeWallpaperRenderer: OFFSET  x: 1.0  y: 0.0
06-27 19:45:02.543  2535  3079 W OpenGLRenderer: Surface doesn't have any previously queued frames, nothing to readback from
06-27 19:45:02.546  1627  5969 D CompatibilityInfo: mCompatibilityFlags - 0
06-27 19:45:02.546  1627  5969 D CompatibilityInfo: applicationDensity - 440
06-27 19:45:02.546  1627  5969 D CompatibilityInfo: applicationScale - 1.0
06-27 19:45:02.548 24983 24983 D BoundBrokerSvc: onBind: Intent { act=com.google.android.gms.measurement.START pkg=com.google.android.gms }
06-27 19:45:02.548 24983 24983 D BoundBrokerSvc: Loading bound service for intent: Intent { act=com.google.android.gms.measurement.START pkg=com.google.android.gms }
06-27 19:45:02.551  1627  2409 I MiuiNetworkPolicy: updateUidState uid = 10869, uidState = 19
06-27 19:45:02.551  2535  3079 W OpenGLRenderer: Surface doesn't have any previously queued frames, nothing to readback from
06-27 19:45:02.551  2535  2590 D HomeWallpaperRenderer: OFFSET  x: 1.0  y: 0.0
06-27 19:45:02.560   884   884 D Zygote  : Forked child process 17348
06-27 19:45:02.560  1627  1906 D Boost   : hostingType=pre-top-activity, hostingName={org.alexandreareias.edmundoapp/org.kivy.android.PythonActivity}, callerPackage=others, isSystem=true, isBoostNeeded=false.
06-27 19:45:02.563  1627  1906 I ActivityManager: Start proc 17348:org.alexandreareias.edmundoapp/u0a869 for pre-top-activity {org.alexandreareias.edmundoapp/org.kivy.android.PythonActivity} caller=others
06-27 19:45:02.563  1053  3925 E ANDR-PERF-LM: ThreadHelper: thread_callback() 145: More than one pending updates!!! This should not happen. MeterMgr should avoid this case.
06-27 19:45:02.563  2535  2590 D HomeWallpaperRenderer: OFFSET  x: 1.0  y: 0.0
06-27 19:45:02.564  1053  1109 E ANDR-PERF-LM: MetaMeter: handleAsync() 166: AdaptLaunch Invalid Async
06-27 19:45:02.564  2535  3079 W OpenGLRenderer: Surface doesn't have any previously queued frames, nothing to readback from
06-27 19:45:02.577 25950 25964 E LauncherAnimationRunner: onAnimationStart
06-27 19:45:02.577 25950 25964 E LauncherAnimationRunner: onAnimationStart:   mode=1   taskId=2   isTranslucent=false
06-27 19:45:02.577 25950 25964 E LauncherAnimationRunner: onAnimationStart:   mode=0   taskId=3388   isTranslucent=false
06-27 19:45:02.580  2535  2590 D HomeWallpaperRenderer: OFFSET  x: 1.0  y: 0.0
06-27 19:45:02.580  2535  3079 W OpenGLRenderer: Surface doesn't have any previously queued frames, nothing to readback from
06-27 19:45:02.582 25950 25950 E QuickstepAppTransitionManagerImpl: startIconLaunchAnimator:launcherClosing=true   iconLoc=Rect(838, 1098 - 1010, 1270)
06-27 19:45:02.582 25950 25950 E QuickstepAppTransitionManagerImpl: startOpeningWindowAnimators:iconLoc=Rect(838, 1098 - 1010, 1270)
06-27 19:45:02.582 25950 25950 E ClipAnimationHelper: updateSourceStack  mSourceInsets=Rect(0, 102 - 0, 130), mSourceStackBounds=Rect(0, 0 - 1080, 2400)
06-27 19:45:02.582 25950 25950 E ClipAnimationHelper: updateHomeStack  mSourceInsets=Rect(0, 102 - 0, 130), mHomeStackBounds=Rect(0, 0 - 1080, 2400)
06-27 19:45:02.582 25950 25950 E ClipAnimationHelper: updateTargetRect  mSourceRect=RectF(0.0, 102.0, 1080.0, 2502.0)   mTargetRect=RectF(0.0, 0.0, 1080.0, 2400.0)   mSourceWindowClipInsets=RectF(0.0, 102.0, 0.0, 0.0)   mHomeStackBounds=Rect(0, 0 - 1080, 2400)   targetRect=Rect(0, 0 - 1080, 2400)
06-27 19:45:02.583 25950 25950 I QuickstepAppTransitionManagerImpl: startOpeningWindowAnimators, currentDisplayRotation=0, homeRotation=0, startRectF=RectF(838.0, 1098.0, 1010.0, 1270.0), endRectF=RectF(0.0, 0.0, 1080.0, 2400.0), startRadius = 226.04651, endRadius = 90.0, isUseTranslucentAnim = false
06-27 19:45:02.583 25950 25950 E QuickstepAppTransitionManagerImpl: startLauncherContentAnimator:isAppOpening=true
06-27 19:45:02.583 25950 27291 W FloatingIconLayer: getFloatingIconLayer
06-27 19:45:02.584  2872  7896 I SarService: Receiver polling >>>> Change receiver mode: off
06-27 19:45:02.585 25950 27291 W FloatingIconLayer: drawIcon
06-27 19:45:02.592 17348 17348 I eias.edmundoap: Late-enabling -Xcheck:jni
06-27 19:45:02.595  2535  2590 D HomeWallpaperRenderer: OFFSET  x: 1.0  y: 0.0
06-27 19:45:02.595  2535  3079 W OpenGLRenderer: Surface doesn't have any previously queued frames, nothing to readback from
06-27 19:45:02.608  2535  3079 W OpenGLRenderer: Surface doesn't have any previously queued frames, nothing to readback from
06-27 19:45:02.609  2535  2590 D HomeWallpaperRenderer: OFFSET  x: 1.0  y: 0.0
06-27 19:45:02.614 17348 17348 I eias.edmundoap: Using CollectorTypeCC GC.
06-27 19:45:02.619  4870  4875 I adbd    : jdwp connection from 17348
06-27 19:45:02.620 26283 26283 I cpwx    : onPause
06-27 19:45:02.625  2535  2590 D HomeWallpaperRenderer: OFFSET  x: 1.0  y: 0.0
06-27 19:45:02.625  2535  3079 W OpenGLRenderer: Surface doesn't have any previously queued frames, nothing to readback from
06-27 19:45:02.629 17348 17348 D ProcessState: Binder ioctl to enable oneway spam detection failed: Invalid argument
06-27 19:45:02.632 25950 25964 D RecentsModel: onTaskStackChangedBackground
06-27 19:45:02.632 25950 27307 D RecentsModel: onTaskStackChangedBackground    MSG_TASK_STACK_CHANGE
06-27 19:45:02.632 25950 27307 D RecentsModel: preloadRecents
06-27 19:45:02.632 25950 27307 W RecentsModel: getRunningTask
06-27 19:45:02.633 26331 27249 I SCTaskStackListener: onTaskStackChanged! inSplit = false
06-27 19:45:02.633  8221  9648 I MultiScreenObserver: onTaskStackChanged, splitScreenMode: false isCameraFloat: false isSmallScreen: false
06-27 19:45:02.633 26331 26343 I SCTaskStackListener: onTaskStackChanged! inSplit = false
06-27 19:45:02.634 25950 27307 W RecentsModel: getRunningTask   taskInfo=TaskInfo{userId=0 taskId=3388 displayId=0 isRunning=true baseIntent=Intent { act=android.intent.action.MAIN cat=[android.intent.category.LAUNCHER] flg=0x10200000 cmp=org.alexandreareias.edmundoapp/org.kivy.android.PythonActivity } baseActivity=ComponentInfo{org.alexandreareias.edmundoapp/org.kivy.android.PythonActivity} topActivity=ComponentInfo{org.alexandreareias.edmundoapp/org.kivy.android.PythonActivity} origActivity=null realActivity=ComponentInfo{org.alexandreareias.edmundoapp/org.kivy.android.PythonActivity} numActivities=1 lastActiveTime=95607165 supportsSplitScreenMultiWindow=true supportsMultiWindow=true resizeMode=1 isResizeable=true token=WCT{android.window.IWindowContainerToken$Stub$Proxy@1dccd6c} topActivityType=1 pictureInPictureParams=PictureInPictureParams( aspectRatio=null sourceRectHint=null hasSetActions=false isAutoPipEnabled=false isSeamlessResizeEnabled=true) displayCutoutSafeInsets=Rect(0, 102 - 0, 0) topActivityInfo=ActivityInfo{f228f35 org.kivy.android.PythonActivity} launchCookies=[] positionInParent=Point(0, 0) parentTaskId=-1 isFocused=false isVisible=true topActivityInSizeCompat=false locusId= null windowMode=0}
06-27 19:45:02.634 25950 27307 W RecentsModel: getTaskInfoIgnoreHomeAndFreeform   taskInfo=ComponentInfo{org.alexandreareias.edmundoapp/org.kivy.android.PythonActivity}
06-27 19:45:02.634 17348 17348 I MessageMonitor: Load libmiui_runtime
06-27 19:45:02.635 25950 27307 E ActivityManagerWrapper: get all recent tasks force including 3388
06-27 19:45:02.635 25950 25950 D Launcher_WallpaperUtils: changeStatusBarMode:false
06-27 19:45:02.635 25950 26124 D StatusBarController: handleMessage: flag 800000  disable false
06-27 19:45:02.637 25950 27307 E ActivityManagerWrapper: getRecentTasks: size=4
06-27 19:45:02.637 25950 27307 E ActivityManagerWrapper: getRecentTasks: taskId=3388   userId=0   baseIntent=Intent { act=android.intent.action.MAIN flag=270532608 cmp=ComponentInfo{org.alexandreareias.edmundoapp/org.kivy.android.PythonActivity} }
06-27 19:45:02.637 25950 27307 E ActivityManagerWrapper: getRecentTasks: taskId=3387   userId=0   baseIntent=Intent { act=null flag=276824064 cmp=ComponentInfo{com.android.settings/com.android.settings.Settings$UsbDetailsActivity} }
06-27 19:45:02.637 25950 27307 E ActivityManagerWrapper: getRecentTasks: taskId=3382   userId=0   baseIntent=Intent { act=android.intent.action.MAIN flag=270532608 cmp=ComponentInfo{com.mi.android.globalFileexplorer/com.android.fileexplorer.FileExplorerTabActivity} }
06-27 19:45:02.637 25950 27307 E ActivityManagerWrapper: getRecentTasks: taskId=3380   userId=0   baseIntent=Intent { act=android.intent.action.MAIN flag=270532608 cmp=ComponentInfo{com.whatsapp/com.whatsapp.Main} }
06-27 19:45:02.642  2535  3079 W OpenGLRenderer: Surface doesn't have any previously queued frames, nothing to readback from
06-27 19:45:02.642  2535  2590 D HomeWallpaperRenderer: OFFSET  x: 1.0  y: 0.0
06-27 19:45:02.647  1053  1109 E ANDR-PERF-LM: MetaMeter: handleAsync() 166: AdaptLaunch Invalid Async
06-27 19:45:02.648  1627  5969 D CompatibilityInfo: mCompatibilityFlags - 0
06-27 19:45:02.648  1627  5969 D CompatibilityInfo: applicationDensity - 440
06-27 19:45:02.648  1627  5969 D CompatibilityInfo: applicationScale - 1.0
06-27 19:45:02.653  1627  5969 D CompatibilityInfo: mCompatibilityFlags - 0
06-27 19:45:02.653  1627  5969 D CompatibilityInfo: applicationDensity - 440
06-27 19:45:02.653  1627  5969 D CompatibilityInfo: applicationScale - 1.0
06-27 19:45:02.657 25950 26230 D Launcher.Boost: bindcore 63
06-27 19:45:02.660 26331 26343 I ProcessMonitor: onForegroundInfoChanged: ForegroundInfo{mForegroundPackageName='org.alexandreareias.edmundoapp', mForegroundUid=10869, mForegroundPid=17348, mLastForegroundPackageName='com.miui.home', mLastForegroundUid=10092, mLastForegroundPid=25950, mMultiWindowForegroundPackageName='org.alexandreareias.edmundoapp', mMultiWindowForegroundUid=10869, mFlags=1}
06-27 19:45:02.659  8270  8303 I GST     : forePkg: org.alexandreareias.edmundoapp, preForePkg: com.miui.home
06-27 19:45:02.660  8221  8419 I ThermalInfoCollector: collectForgroundAppsInfo: com.miui.home
06-27 19:45:02.660 25792 31695 I ProcessMonitor: onForegroundInfoChanged: ForegroundInfo{mForegroundPackageName='org.alexandreareias.edmundoapp', mForegroundUid=10869, mForegroundPid=17348, mLastForegroundPackageName='com.miui.home', mLastForegroundUid=10092, mLastForegroundPid=25950, mMultiWindowForegroundPackageName='org.alexandreareias.edmundoapp', mMultiWindowForegroundUid=10869, mFlags=1}
06-27 19:45:02.660  8221 10446 D PerfEngineController: ForegroundInfo{mForegroundPackageName='org.alexandreareias.edmundoapp', mForegroundUid=10869, mForegroundPid=17348, mLastForegroundPackageName='com.miui.home', mLastForegroundUid=10092, mLastForegroundPid=25950, mMultiWindowForegroundPackageName='org.alexandreareias.edmundoapp', mMultiWindowForegroundUid=10869, mFlags=1}
06-27 19:45:02.661  8221  8569 D LS-ForegroundStatusManager: handleMessage ForegroundInfoChanged. pkg = org.alexandreareias.edmundoapp, uid = 10869, mCurrentForegroundUid = 10092
06-27 19:45:02.661  8221  8569 D LS-ForegroundStatusManager: onForegroundChanged mCurrentForegroundUid = 10092, new uid = 10869
