06-27 18:55:01.774 26106 26106 W IgMetaConfig: 	at X.4mp.A03(:2)
06-27 18:55:01.774 26106 26106 W IgMetaConfig: 	at X.8MR.invoke(:1191)
06-27 18:55:01.774 26106 26106 W IgMetaConfig: 	at X.0Mt.invoke(:126)
06-27 18:55:01.774 26106 26106 W IgMetaConfig: 	at X.1np.getValue(:25)
06-27 18:55:01.774 26106 26106 W IgMetaConfig: 	at X.3eo.getScopedClass(:28)
06-27 18:55:01.774 26106 26106 W IgMetaConfig: 	at com.instagram.common.session.UserSession.getScopedClass(:61)
06-27 18:55:01.774 26106 26106 W IgMetaConfig: 	at X.4ny.A00(:14)
06-27 18:55:01.774 26106 26106 W IgMetaConfig: 	at X.4np.invoke(:84)
06-27 18:55:01.774 26106 26106 W IgMetaConfig: 	at X.1np.getValue(:25)
06-27 18:55:01.774 26106 26106 W IgMetaConfig: 	at X.8GX.invoke(:950)
06-27 18:55:01.774 26106 26106 W IgMetaConfig: 	at X.1np.getValue(:25)
06-27 18:55:01.774 26106 26106 W IgMetaConfig: 	at com.instagram.user.model.User.A0m(:33)
06-27 18:55:01.774 26106 26106 W IgMetaConfig: 	at X.4mc.A01(:317)
06-27 18:55:01.774 26106 26106 W IgMetaConfig: 	at X.0Ym.<init>(:229)
06-27 18:55:01.774 26106 26106 W IgMetaConfig: 	at X.1gr.invoke(:714)
06-27 18:55:01.774 26106 26106 W IgMetaConfig: 	at X.1np.getValue(:25)
06-27 18:55:01.774 26106 26106 W IgMetaConfig: 	at X.0bm.A00(:4)
06-27 18:55:01.774 26106 26106 W IgMetaConfig: 	at X.0bm.A05(:4)
06-27 18:55:01.774 26106 26106 W IgMetaConfig: 	at X.4at.A08(:43)
06-27 18:55:01.774 26106 26106 W IgMetaConfig: 	at X.4aX.A04(:33)
06-27 18:55:01.774 26106 26106 W IgMetaConfig: 	at X.4a5.A00(:89)
06-27 18:55:01.774 26106 26106 W IgMetaConfig: 	at com.instagram.process.instagram.InstagramApplicationForMainProcess.initializeAllColdStartJobs(:844)
06-27 18:55:01.774 26106 26106 W IgMetaConfig: 	at com.instagram.process.instagram.InstagramApplicationForMainProcess.scheduleInitializers(:246)
06-27 18:55:01.774 26106 26106 W IgMetaConfig: 	at com.instagram.process.instagram.InstagramApplicationForMainProcess.onCreate(:78)
06-27 18:55:01.774 26106 26106 W IgMetaConfig: 	at com.instagram.app.InstagramAppShell.onCreate(:1001)
06-27 18:55:01.774 26106 26106 W IgMetaConfig: 	at android.app.Instrumentation.callApplicationOnCreate(Instrumentation.java:1212)
06-27 18:55:01.774 26106 26106 W IgMetaConfig: 	at android.app.ActivityThread.handleBindApplication(ActivityThread.java:7103)
06-27 18:55:01.774 26106 26106 W IgMetaConfig: 	at android.app.ActivityThread.access$1600(ActivityThread.java:271)
06-27 18:55:01.774 26106 26106 W IgMetaConfig: 	at android.app.ActivityThread$H.handleMessage(ActivityThread.java:2134)
06-27 18:55:01.774 26106 26106 W IgMetaConfig: 	at android.os.Handler.dispatchMessage(Handler.java:106)
06-27 18:55:01.774 26106 26106 W IgMetaConfig: 	at android.os.Looper.loopOnce(Looper.java:210)
06-27 18:55:01.774 26106 26106 W IgMetaConfig: 	at android.os.Looper.loop(Looper.java:299)
06-27 18:55:01.774 26106 26106 W IgMetaConfig: 	at android.app.ActivityThread.main(ActivityThread.java:8319)
06-27 18:55:01.774 26106 26106 W IgMetaConfig: 	at java.lang.reflect.Method.invoke(Native Method)
06-27 18:55:01.774 26106 26106 W IgMetaConfig: 	at com.android.internal.os.RuntimeInit$MethodAndArgsCaller.run(RuntimeInit.java:556)
06-27 18:55:01.774 26106 26106 W IgMetaConfig: 	at com.android.internal.os.ZygoteInit.main(ZygoteInit.java:1038)
06-27 18:55:01.775 26106 26106 W SoLoader: Loading live-tree-jni on the main thread
06-27 18:55:01.776 26106 26106 W IgMetaConfig: Could not obtain MC: null_factory 
06-27 18:55:01.776 26106 26106 W IgMetaConfig: java.lang.RuntimeException: Could not obtain MC, call-site will receive default values
06-27 18:55:01.776 26106 26106 W IgMetaConfig: 	at X.4mp.A06(:4)
06-27 18:55:01.776 26106 26106 W IgMetaConfig: 	at X.4mp.A05(:8)
06-27 18:55:01.776 26106 26106 W IgMetaConfig: 	at X.4mp.A03(:2)
06-27 18:55:01.776 26106 26106 W IgMetaConfig: 	at com.instagram.user.model.User.A0m(:53)
06-27 18:55:01.776 26106 26106 W IgMetaConfig: 	at X.4mc.A01(:317)
06-27 18:55:01.776 26106 26106 W IgMetaConfig: 	at X.0Ym.<init>(:229)
06-27 18:55:01.776 26106 26106 W IgMetaConfig: 	at X.1gr.invoke(:714)
06-27 18:55:01.776 26106 26106 W IgMetaConfig: 	at X.1np.getValue(:25)
06-27 18:55:01.776 26106 26106 W IgMetaConfig: 	at X.0bm.A00(:4)
06-27 18:55:01.776 26106 26106 W IgMetaConfig: 	at X.0bm.A05(:4)
06-27 18:55:01.776 26106 26106 W IgMetaConfig: 	at X.4at.A08(:43)
06-27 18:55:01.776 26106 26106 W IgMetaConfig: 	at X.4aX.A04(:33)
06-27 18:55:01.776 26106 26106 W IgMetaConfig: 	at X.4a5.A00(:89)
06-27 18:55:01.776 26106 26106 W IgMetaConfig: 	at com.instagram.process.instagram.InstagramApplicationForMainProcess.initializeAllColdStartJobs(:844)
06-27 18:55:01.776 26106 26106 W IgMetaConfig: 	at com.instagram.process.instagram.InstagramApplicationForMainProcess.scheduleInitializers(:246)
06-27 18:55:01.776 26106 26106 W IgMetaConfig: 	at com.instagram.process.instagram.InstagramApplicationForMainProcess.onCreate(:78)
06-27 18:55:01.776 26106 26106 W IgMetaConfig: 	at com.instagram.app.InstagramAppShell.onCreate(:1001)
06-27 18:55:01.776 26106 26106 W IgMetaConfig: 	at android.app.Instrumentation.callApplicationOnCreate(Instrumentation.java:1212)
06-27 18:55:01.776 26106 26106 W IgMetaConfig: 	at android.app.ActivityThread.handleBindApplication(ActivityThread.java:7103)
06-27 18:55:01.776 26106 26106 W IgMetaConfig: 	at android.app.ActivityThread.access$1600(ActivityThread.java:271)
06-27 18:55:01.776 26106 26106 W IgMetaConfig: 	at android.app.ActivityThread$H.handleMessage(ActivityThread.java:2134)
06-27 18:55:01.776 26106 26106 W IgMetaConfig: 	at android.os.Handler.dispatchMessage(Handler.java:106)
06-27 18:55:01.776 26106 26106 W IgMetaConfig: 	at android.os.Looper.loopOnce(Looper.java:210)
06-27 18:55:01.776 26106 26106 W IgMetaConfig: 	at android.os.Looper.loop(Looper.java:299)
06-27 18:55:01.776 26106 26106 W IgMetaConfig: 	at android.app.ActivityThread.main(ActivityThread.java:8319)
06-27 18:55:01.776 26106 26106 W IgMetaConfig: 	at java.lang.reflect.Method.invoke(Native Method)
06-27 18:55:01.776 26106 26106 W IgMetaConfig: 	at com.android.internal.os.RuntimeInit$MethodAndArgsCaller.run(RuntimeInit.java:556)
06-27 18:55:01.776 26106 26106 W IgMetaConfig: 	at com.android.internal.os.ZygoteInit.main(ZygoteInit.java:1038)
06-27 18:55:01.776 26106 26106 W IgMetaConfig: Could not obtain MC: null_factory 
06-27 18:55:01.776 26106 26106 W IgMetaConfig: java.lang.RuntimeException: Could not obtain MC, call-site will receive default values
06-27 18:55:01.776 26106 26106 W IgMetaConfig: 	at X.4mp.A06(:4)
06-27 18:55:01.776 26106 26106 W IgMetaConfig: 	at X.4mp.A05(:8)
06-27 18:55:01.776 26106 26106 W IgMetaConfig: 	at X.4mp.A03(:2)
06-27 18:55:01.776 26106 26106 W IgMetaConfig: 	at com.instagram.user.model.User.A0m(:71)
06-27 18:55:01.776 26106 26106 W IgMetaConfig: 	at X.4mc.A01(:317)
06-27 18:55:01.776 26106 26106 W IgMetaConfig: 	at X.0Ym.<init>(:229)
06-27 18:55:01.776 26106 26106 W IgMetaConfig: 	at X.1gr.invoke(:714)
06-27 18:55:01.776 26106 26106 W IgMetaConfig: 	at X.1np.getValue(:25)
06-27 18:55:01.776 26106 26106 W IgMetaConfig: 	at X.0bm.A00(:4)
06-27 18:55:01.776 26106 26106 W IgMetaConfig: 	at X.0bm.A05(:4)
06-27 18:55:01.776 26106 26106 W IgMetaConfig: 	at X.4at.A08(:43)
06-27 18:55:01.776 26106 26106 W IgMetaConfig: 	at X.4aX.A04(:33)
06-27 18:55:01.776 26106 26106 W IgMetaConfig: 	at X.4a5.A00(:89)
06-27 18:55:01.776 26106 26106 W IgMetaConfig: 	at com.instagram.process.instagram.InstagramApplicationForMainProcess.initializeAllColdStartJobs(:844)
06-27 18:55:01.776 26106 26106 W IgMetaConfig: 	at com.instagram.process.instagram.InstagramApplicationForMainProcess.scheduleInitializers(:246)
06-27 18:55:01.776 26106 26106 W IgMetaConfig: 	at com.instagram.process.instagram.InstagramApplicationForMainProcess.onCreate(:78)
06-27 18:55:01.776 26106 26106 W IgMetaConfig: 	at com.instagram.app.InstagramAppShell.onCreate(:1001)
06-27 18:55:01.776 26106 26106 W IgMetaConfig: 	at android.app.Instrumentation.callApplicationOnCreate(Instrumentation.java:1212)
06-27 18:55:01.776 26106 26106 W IgMetaConfig: 	at android.app.ActivityThread.handleBindApplication(ActivityThread.java:7103)
06-27 18:55:01.776 26106 26106 W IgMetaConfig: 	at android.app.ActivityThread.access$1600(ActivityThread.java:271)
06-27 18:55:01.776 26106 26106 W IgMetaConfig: 	at android.app.ActivityThread$H.handleMessage(ActivityThread.java:2134)
06-27 18:55:01.776 26106 26106 W IgMetaConfig: 	at android.os.Handler.dispatchMessage(Handler.java:106)
06-27 18:55:01.776 26106 26106 W IgMetaConfig: 	at android.os.Looper.loopOnce(Looper.java:210)
06-27 18:55:01.776 26106 26106 W IgMetaConfig: 	at android.os.Looper.loop(Looper.java:299)
06-27 18:55:01.776 26106 26106 W IgMetaConfig: 	at android.app.ActivityThread.main(ActivityThread.java:8319)
06-27 18:55:01.776 26106 26106 W IgMetaConfig: 	at java.lang.reflect.Method.invoke(Native Method)
06-27 18:55:01.776 26106 26106 W IgMetaConfig: 	at com.android.internal.os.RuntimeInit$MethodAndArgsCaller.run(RuntimeInit.java:556)
06-27 18:55:01.776 26106 26106 W IgMetaConfig: 	at com.android.internal.os.ZygoteInit.main(ZygoteInit.java:1038)
06-27 18:55:01.777 26106 26106 W IgMetaConfig: Could not obtain MC: null_factory 
06-27 18:55:01.777 26106 26106 W IgMetaConfig: java.lang.RuntimeException: Could not obtain MC, call-site will receive default values
06-27 18:55:01.777 26106 26106 W IgMetaConfig: 	at X.4mp.A06(:4)
06-27 18:55:01.777 26106 26106 W IgMetaConfig: 	at X.4mp.A05(:8)
06-27 18:55:01.777 26106 26106 W IgMetaConfig: 	at X.4mp.A03(:2)
06-27 18:55:01.777 26106 26106 W IgMetaConfig: 	at com.instagram.user.model.User.A0m(:86)
06-27 18:55:01.777 26106 26106 W IgMetaConfig: 	at X.4mc.A01(:317)
06-27 18:55:01.777 26106 26106 W IgMetaConfig: 	at X.0Ym.<init>(:229)
06-27 18:55:01.777 26106 26106 W IgMetaConfig: 	at X.1gr.invoke(:714)
06-27 18:55:01.777 26106 26106 W IgMetaConfig: 	at X.1np.getValue(:25)
06-27 18:55:01.777 26106 26106 W IgMetaConfig: 	at X.0bm.A00(:4)
06-27 18:55:01.777 26106 26106 W IgMetaConfig: 	at X.0bm.A05(:4)
06-27 18:55:01.777 26106 26106 W IgMetaConfig: 	at X.4at.A08(:43)
06-27 18:55:01.777 26106 26106 W IgMetaConfig: 	at X.4aX.A04(:33)
06-27 18:55:01.777 26106 26106 W IgMetaConfig: 	at X.4a5.A00(:89)
06-27 18:55:01.777 26106 26106 W IgMetaConfig: 	at com.instagram.process.instagram.InstagramApplicationForMainProcess.initializeAllColdStartJobs(:844)
06-27 18:55:01.777 26106 26106 W IgMetaConfig: 	at com.instagram.process.instagram.InstagramApplicationForMainProcess.scheduleInitializers(:246)
06-27 18:55:01.777 26106 26106 W IgMetaConfig: 	at com.instagram.process.instagram.InstagramApplicationForMainProcess.onCreate(:78)
06-27 18:55:01.777 26106 26106 W IgMetaConfig: 	at com.instagram.app.InstagramAppShell.onCreate(:1001)
06-27 18:55:01.777 26106 26106 W IgMetaConfig: 	at android.app.Instrumentation.callApplicationOnCreate(Instrumentation.java:1212)
06-27 18:55:01.777 26106 26106 W IgMetaConfig: 	at android.app.ActivityThread.handleBindApplication(ActivityThread.java:7103)
06-27 18:55:01.777 26106 26106 W IgMetaConfig: 	at android.app.ActivityThread.access$1600(ActivityThread.java:271)
06-27 18:55:01.777 26106 26106 W IgMetaConfig: 	at android.app.ActivityThread$H.handleMessage(ActivityThread.java:2134)
06-27 18:55:01.777 26106 26106 W IgMetaConfig: 	at android.os.Handler.dispatchMessage(Handler.java:106)
06-27 18:55:01.777 26106 26106 W IgMetaConfig: 	at android.os.Looper.loopOnce(Looper.java:210)
06-27 18:55:01.777 26106 26106 W IgMetaConfig: 	at android.os.Looper.loop(Looper.java:299)
06-27 18:55:01.777 26106 26106 W IgMetaConfig: 	at android.app.ActivityThread.main(ActivityThread.java:8319)
06-27 18:55:01.777 26106 26106 W IgMetaConfig: 	at java.lang.reflect.Method.invoke(Native Method)
06-27 18:55:01.777 26106 26106 W IgMetaConfig: 	at com.android.internal.os.RuntimeInit$MethodAndArgsCaller.run(RuntimeInit.java:556)
06-27 18:55:01.777 26106 26106 W IgMetaConfig: 	at com.android.internal.os.ZygoteInit.main(ZygoteInit.java:1038)
06-27 18:55:01.777 26106 26106 W SoLoader: Loading live-tree-jni on the main thread
06-27 18:55:01.777 26106 26106 W SoLoader: Loading pando-jni on the main thread
06-27 18:55:01.786 26106 26106 W SoLoader: Loading live-tree-jni on the main thread
06-27 18:55:01.787 26106 26106 W IgMetaConfig: Could not obtain MC: null_factory 
06-27 18:55:01.787 26106 26106 W IgMetaConfig: java.lang.RuntimeException: Could not obtain MC, call-site will receive default values
06-27 18:55:01.787 26106 26106 W IgMetaConfig: 	at X.4mp.A06(:4)
06-27 18:55:01.787 26106 26106 W IgMetaConfig: 	at X.4mp.A05(:8)
06-27 18:55:01.787 26106 26106 W IgMetaConfig: 	at X.4mp.A03(:2)
06-27 18:55:01.787 26106 26106 W IgMetaConfig: 	at X.4mc.A01(:321)
06-27 18:55:01.787 26106 26106 W IgMetaConfig: 	at X.0Ym.<init>(:229)
06-27 18:55:01.787 26106 26106 W IgMetaConfig: 	at X.1gr.invoke(:714)
06-27 18:55:01.787 26106 26106 W IgMetaConfig: 	at X.1np.getValue(:25)
06-27 18:55:01.787 26106 26106 W IgMetaConfig: 	at X.0bm.A00(:4)
06-27 18:55:01.787 26106 26106 W IgMetaConfig: 	at X.0bm.A05(:4)
06-27 18:55:01.787 26106 26106 W IgMetaConfig: 	at X.4at.A08(:43)
06-27 18:55:01.787 26106 26106 W IgMetaConfig: 	at X.4aX.A04(:33)
06-27 18:55:01.787 26106 26106 W IgMetaConfig: 	at X.4a5.A00(:89)
06-27 18:55:01.787 26106 26106 W IgMetaConfig: 	at com.instagram.process.instagram.InstagramApplicationForMainProcess.initializeAllColdStartJobs(:844)
06-27 18:55:01.787 26106 26106 W IgMetaConfig: 	at com.instagram.process.instagram.InstagramApplicationForMainProcess.scheduleInitializers(:246)
06-27 18:55:01.787 26106 26106 W IgMetaConfig: 	at com.instagram.process.instagram.InstagramApplicationForMainProcess.onCreate(:78)
06-27 18:55:01.787 26106 26106 W IgMetaConfig: 	at com.instagram.app.InstagramAppShell.onCreate(:1001)
06-27 18:55:01.787 26106 26106 W IgMetaConfig: 	at android.app.Instrumentation.callApplicationOnCreate(Instrumentation.java:1212)
06-27 18:55:01.787 26106 26106 W IgMetaConfig: 	at android.app.ActivityThread.handleBindApplication(ActivityThread.java:7103)
06-27 18:55:01.787 26106 26106 W IgMetaConfig: 	at android.app.ActivityThread.access$1600(ActivityThread.java:271)
06-27 18:55:01.787 26106 26106 W IgMetaConfig: 	at android.app.ActivityThread$H.handleMessage(ActivityThread.java:2134)
06-27 18:55:01.787 26106 26106 W IgMetaConfig: 	at android.os.Handler.dispatchMessage(Handler.java:106)
06-27 18:55:01.787 26106 26106 W IgMetaConfig: 	at android.os.Looper.loopOnce(Looper.java:210)
06-27 18:55:01.787 26106 26106 W IgMetaConfig: 	at android.os.Looper.loop(Looper.java:299)
06-27 18:55:01.787 26106 26106 W IgMetaConfig: 	at android.app.ActivityThread.main(ActivityThread.java:8319)
06-27 18:55:01.787 26106 26106 W IgMetaConfig: 	at java.lang.reflect.Method.invoke(Native Method)
06-27 18:55:01.787 26106 26106 W IgMetaConfig: 	at com.android.internal.os.RuntimeInit$MethodAndArgsCaller.run(RuntimeInit.java:556)
06-27 18:55:01.787 26106 26106 W IgMetaConfig: 	at com.android.internal.os.ZygoteInit.main(ZygoteInit.java:1038)
06-27 18:55:01.790 26106 26106 W SoLoader: Loading mobileconfig-jni on the main thread
06-27 18:55:01.798 26106 26106 W IgMetaConfig: Could not obtain MC: not_user_session session=X.3eq@38e7a9
06-27 18:55:01.798 26106 26106 W IgMetaConfig: java.lang.RuntimeException: Could not obtain MC, call-site will receive default values
06-27 18:55:01.798 26106 26106 W IgMetaConfig: 	at X.4mp.A06(:4)
06-27 18:55:01.798 26106 26106 W IgMetaConfig: 	at X.4mp.A05(:8)
06-27 18:55:01.798 26106 26106 W IgMetaConfig: 	at X.4mp.A03(:2)
06-27 18:55:01.798 26106 26106 W IgMetaConfig: 	at X.3a8.A00(:8)
06-27 18:55:01.798 26106 26106 W IgMetaConfig: 	at X.3a8.A01(:3)
06-27 18:55:01.798 26106 26106 W IgMetaConfig: 	at X.4pd.A00(:10)
06-27 18:55:01.798 26106 26106 W IgMetaConfig: 	at X.8KN.invoke(:1012)
06-27 18:55:01.798 26106 26106 W IgMetaConfig: 	at X.1np.getValue(:25)
06-27 18:55:01.798 26106 26106 W IgMetaConfig: 	at X.4pb.A01(:2)
06-27 18:55:01.798 26106 26106 W IgMetaConfig: 	at X.8KN.invoke(:968)
06-27 18:55:01.798 26106 26106 W IgMetaConfig: 	at X.4op.A03(:21)
06-27 18:55:01.798 26106 26106 W IgMetaConfig: 	at X.4cd.A08(:171)
06-27 18:55:01.798 26106 26106 W IgMetaConfig: 	at X.4aX.A04(:33)
06-27 18:55:01.798 26106 26106 W IgMetaConfig: 	at X.4a5.A00(:89)
06-27 18:55:01.798 26106 26106 W IgMetaConfig: 	at com.instagram.process.instagram.InstagramApplicationForMainProcess.initializeAllColdStartJobs(:844)
06-27 18:55:01.798 26106 26106 W IgMetaConfig: 	at com.instagram.process.instagram.InstagramApplicationForMainProcess.scheduleInitializers(:246)
06-27 18:55:01.798 26106 26106 W IgMetaConfig: 	at com.instagram.process.instagram.InstagramApplicationForMainProcess.onCreate(:78)
06-27 18:55:01.798 26106 26106 W IgMetaConfig: 	at com.instagram.app.InstagramAppShell.onCreate(:1001)
06-27 18:55:01.798 26106 26106 W IgMetaConfig: 	at android.app.Instrumentation.callApplicationOnCreate(Instrumentation.java:1212)
06-27 18:55:01.798 26106 26106 W IgMetaConfig: 	at android.app.ActivityThread.handleBindApplication(ActivityThread.java:7103)
06-27 18:55:01.798 26106 26106 W IgMetaConfig: 	at android.app.ActivityThread.access$1600(ActivityThread.java:271)
06-27 18:55:01.798 26106 26106 W IgMetaConfig: 	at android.app.ActivityThread$H.handleMessage(ActivityThread.java:2134)
06-27 18:55:01.798 26106 26106 W IgMetaConfig: 	at android.os.Handler.dispatchMessage(Handler.java:106)
06-27 18:55:01.798 26106 26106 W IgMetaConfig: 	at android.os.Looper.loopOnce(Looper.java:210)
06-27 18:55:01.798 26106 26106 W IgMetaConfig: 	at android.os.Looper.loop(Looper.java:299)
06-27 18:55:01.798 26106 26106 W IgMetaConfig: 	at android.app.ActivityThread.main(ActivityThread.java:8319)
06-27 18:55:01.798 26106 26106 W IgMetaConfig: 	at java.lang.reflect.Method.invoke(Native Method)
06-27 18:55:01.798 26106 26106 W IgMetaConfig: 	at com.android.internal.os.RuntimeInit$MethodAndArgsCaller.run(RuntimeInit.java:556)
06-27 18:55:01.798 26106 26106 W IgMetaConfig: 	at com.android.internal.os.ZygoteInit.main(ZygoteInit.java:1038)
06-27 18:55:01.799 26106 26106 W SoLoader: Loading mobileconfig-jni on the main thread
06-27 18:55:01.801 26106 26106 W SoLoader: Loading mobileconfig-jni on the main thread
06-27 18:55:01.818 26106 26106 W SoLoader: Loading mobileconfig-jni on the main thread
06-27 18:55:01.822 26106 26106 W SoLoader: Loading mobileconfig-jni on the main thread
06-27 18:55:01.828 26106 26106 W SoLoader: Loading mobileconfig-jni on the main thread
06-27 18:55:01.843 26106 26106 W SoLoader: Loading mobileconfig-jni on the main thread
06-27 18:55:01.944 26106 26109 I stagram.androi: JIT allocated 118KB for compiled code of X.4ke X.4iz.A00(X.4id)
06-27 18:55:01.945 26106 26109 I stagram.androi: Compiler allocated 5210KB to compile X.4ke X.4iz.A00(X.4id)
06-27 18:55:01.950  2872  7896 I SarService: Receiver polling >>>> Change receiver mode: off
06-27 18:55:01.953 26106 26106 W SoLoader: Loading bandwidth_estimator_jni on the main thread
06-27 18:55:01.960 26106 26106 W SWPool2_t1of2: type=1400 audit(0.0:99637): avc: granted { execute } for path="/data/data/com.instagram.android/lib-compressed/libigtigonusdidrequestinterceptor.so" dev="sda18" ino=2976018 scontext=u:r:untrusted_app:s0:c62,c258,c512,c768 tcontext=u:object_r:app_data_file:s0:c62,c258,c512,c768 tclass=file app=com.instagram.android
06-27 18:55:01.972 26106 26139 D nativeloader: Load /data/data/com.instagram.android/lib-compressed/libigtigonusdidrequestinterceptor.so using ns clns-6 from class loader (caller=base.apk): ok
06-27 18:55:01.978 26106 26139 D nativeloader: Load /data/data/com.instagram.android/lib-compressed/libtigonzerocodeattestationrequestinterceptor.so using ns clns-6 from class loader (caller=base.apk): ok
06-27 18:55:01.985 26106 26187 W QPLConfig: failed to load config
06-27 18:55:01.985 26106 26187 W QPLConfig: java.io.FileNotFoundException: /data/user/0/com.instagram.android/app_qpl/qpl_sampling_config_v2.null: open failed: ENOENT (No such file or directory)
06-27 18:55:01.985 26106 26187 W QPLConfig: 	at libcore.io.IoBridge.open(IoBridge.java:574)
06-27 18:55:01.985 26106 26187 W QPLConfig: 	at java.io.FileInputStream.<init>(FileInputStream.java:179)
06-27 18:55:01.985 26106 26187 W QPLConfig: 	at X.2bl.A00(:37)
06-27 18:55:01.985 26106 26187 W QPLConfig: 	at X.2ca.run(:46)
06-27 18:55:01.985 26106 26187 W QPLConfig: 	at X.3jl.run(:2)
06-27 18:55:01.985 26106 26187 W QPLConfig: 	at X.3ld.run(:25)
06-27 18:55:01.985 26106 26187 W QPLConfig: 	at X.3lh.run(:43)
06-27 18:55:01.985 26106 26187 W QPLConfig: 	at X.3ld.run(:25)
06-27 18:55:01.985 26106 26187 W QPLConfig: 	at java.util.concurrent.ThreadPoolExecutor.runWorker(ThreadPoolExecutor.java:1145)
06-27 18:55:01.985 26106 26187 W QPLConfig: 	at java.util.concurrent.ThreadPoolExecutor$Worker.run(ThreadPoolExecutor.java:644)
06-27 18:55:01.985 26106 26187 W QPLConfig: 	at X.3jz.run(:99)
06-27 18:55:01.985 26106 26187 W QPLConfig: 	at java.lang.Thread.run(Thread.java:1012)
06-27 18:55:01.985 26106 26187 W QPLConfig: 	at X.3kv.run(:8)
06-27 18:55:01.985 26106 26187 W QPLConfig: Caused by: android.system.ErrnoException: open failed: ENOENT (No such file or directory)
06-27 18:55:01.985 26106 26187 W QPLConfig: 	at libcore.io.Linux.open(Native Method)
06-27 18:55:01.985 26106 26187 W QPLConfig: 	at libcore.io.ForwardingOs.open(ForwardingOs.java:563)
06-27 18:55:01.985 26106 26187 W QPLConfig: 	at libcore.io.BlockGuardOs.open(BlockGuardOs.java:274)
06-27 18:55:01.985 26106 26187 W QPLConfig: 	at libcore.io.ForwardingOs.open(ForwardingOs.java:563)
06-27 18:55:01.985 26106 26187 W QPLConfig: 	at android.app.ActivityThread$AndroidOs.open(ActivityThread.java:8189)
06-27 18:55:01.985 26106 26187 W QPLConfig: 	at libcore.io.IoBridge.open(IoBridge.java:560)
06-27 18:55:01.985 26106 26187 W QPLConfig: 	... 12 more
06-27 18:55:01.989 26106 26106 W SoLoader: Loading xanalyticsadapter-jni on the main thread
06-27 18:55:02.011 22905 23087 I DEBUG   : begin to generate unexp report
06-27 18:55:02.015 26106 26106 W SoLoader: Loading perfloggerxplat_init on the main thread
06-27 18:55:02.018 26106 26139 D nativeloader: Load /data/data/com.instagram.android/lib-compressed/libtntstigonrequestint.so using ns clns-6 from class loader (caller=base.apk): ok
06-27 18:55:02.024 26106 26139 D nativeloader: Load /data/data/com.instagram.android/lib-compressed/libsixresponseinterceptor.so using ns clns-6 from class loader (caller=base.apk): ok
06-27 18:55:02.027 22905 23087 I DEBUG   : unexp report not generated
06-27 18:55:02.030 26106 26106 W SoLoader: Loading cache_key_generator_jni on the main thread
06-27 18:55:02.032  1627  2877 D PackageManager: set app  component=com.instagram.android/com.instagram.share.handleractivity.ShareHandlerActivity enabled state: 1 from null,uid=10574,pid=26106
06-27 18:55:02.033  1627  2877 D PackageManager: set app  component=com.instagram.android/com.instagram.share.handleractivity.ShareHandlerActivityMultipleFeedAlias enabled state: 2 from null,uid=10574,pid=26106
06-27 18:55:02.037  1627  2877 D ConnectivityService: Returning BLOCKED NetworkInfo to uid=10574
06-27 18:55:02.060 26106 26221 W LibevQuicAsyncUDPSocket.h: setTosOrTrafficClass not implemented in LibevQuicAsyncUDPSocket
06-27 18:55:02.061 26106 26106 W FrscLanguagePackLoader: Loading FRSC strings for locale (pt)
06-27 18:55:02.068 26106 26106 D CACHE_HINTS: Entering madvise file
06-27 18:55:02.068 26106 26221 E MvfstCallbacks.cpp: onConnectionSetupError: error=TransportError: Internal Error, Error on socket write Operation not permitted, 
06-27 18:55:02.069 26106 26221 W LibevQuicAsyncUDPSocket.h: setTosOrTrafficClass not implemented in LibevQuicAsyncUDPSocket
06-27 18:55:02.071 26106 26106 D CACHE_HINTS: MADVISE_RAND file 0x71c9314000 10035199 /data/data/com.instagram.android/app_restricks/layouts.bin
06-27 18:55:02.076 26106 26239 W FrscLanguagePackLoader: FRSC English strings buffer size - (limit : 1004792, capacity : 1004792)
06-27 18:55:02.079 26106 26221 E MvfstCallbacks.cpp: onConnectionSetupError: error=TransportError: Internal Error, Error on socket write Operation not permitted, 
06-27 18:55:02.114 26106 26106 W SoLoader: Loading scrambler on the main thread
06-27 18:55:02.114 26106 26106 W SoLoader: Loading strings on the main thread
06-27 18:55:02.115 26106 26106 W StringBridge:loadOnMainThread: StringBridge load on main - time=0ms
06-27 18:55:02.115 26106 26106 W StringBridge:loadOnMainThread: java.lang.Throwable
06-27 18:55:02.115 26106 26106 W StringBridge:loadOnMainThread: 	at X.UgW.A00(:51)
06-27 18:55:02.115 26106 26106 W StringBridge:loadOnMainThread: 	at com.instagram.strings.StringBridge$NativeStringBridge.<clinit>(:7)
06-27 18:55:02.115 26106 26106 W StringBridge:loadOnMainThread: 	at X.7kq.<clinit>(:8)
06-27 18:55:02.115 26106 26106 W StringBridge:loadOnMainThread: 	at X.4gb.A08(:20)
06-27 18:55:02.115 26106 26106 W StringBridge:loadOnMainThread: 	at X.4aX.A04(:33)
06-27 18:55:02.115 26106 26106 W StringBridge:loadOnMainThread: 	at X.4a5.A00(:89)
06-27 18:55:02.115 26106 26106 W StringBridge:loadOnMainThread: 	at com.instagram.process.instagram.InstagramApplicationForMainProcess.initializeAllColdStartJobs(:844)
06-27 18:55:02.115 26106 26106 W StringBridge:loadOnMainThread: 	at com.instagram.process.instagram.InstagramApplicationForMainProcess.scheduleInitializers(:246)
06-27 18:55:02.115 26106 26106 W StringBridge:loadOnMainThread: 	at com.instagram.process.instagram.InstagramApplicationForMainProcess.onCreate(:78)
06-27 18:55:02.115 26106 26106 W StringBridge:loadOnMainThread: 	at com.instagram.app.InstagramAppShell.onCreate(:1001)
06-27 18:55:02.115 26106 26106 W StringBridge:loadOnMainThread: 	at android.app.Instrumentation.callApplicationOnCreate(Instrumentation.java:1212)
06-27 18:55:02.115 26106 26106 W StringBridge:loadOnMainThread: 	at android.app.ActivityThread.handleBindApplication(ActivityThread.java:7103)
06-27 18:55:02.115 26106 26106 W StringBridge:loadOnMainThread: 	at android.app.ActivityThread.access$1600(ActivityThread.java:271)
06-27 18:55:02.115 26106 26106 W StringBridge:loadOnMainThread: 	at android.app.ActivityThread$H.handleMessage(ActivityThread.java:2134)
06-27 18:55:02.115 26106 26106 W StringBridge:loadOnMainThread: 	at android.os.Handler.dispatchMessage(Handler.java:106)
06-27 18:55:02.115 26106 26106 W StringBridge:loadOnMainThread: 	at android.os.Looper.loopOnce(Looper.java:210)
06-27 18:55:02.115 26106 26106 W StringBridge:loadOnMainThread: 	at android.os.Looper.loop(Looper.java:299)
06-27 18:55:02.115 26106 26106 W StringBridge:loadOnMainThread: 	at android.app.ActivityThread.main(ActivityThread.java:8319)
06-27 18:55:02.115 26106 26106 W StringBridge:loadOnMainThread: 	at java.lang.reflect.Method.invoke(Native Method)
06-27 18:55:02.115 26106 26106 W StringBridge:loadOnMainThread: 	at com.android.internal.os.RuntimeInit$MethodAndArgsCaller.run(RuntimeInit.java:556)
06-27 18:55:02.115 26106 26106 W StringBridge:loadOnMainThread: 	at com.android.internal.os.ZygoteInit.main(ZygoteInit.java:1038)
06-27 18:55:02.124 26106 26145 D CompatibilityChangeReporter: Compat change id reported: 147600208; UID 10574; state: ENABLED
06-27 18:55:02.127  1627  2877 D CompatibilityChangeReporter: Compat change id reported: 183164979; UID 10574; state: ENABLED
06-27 18:55:02.150  2872  7896 I SarService: Receiver polling >>>> Change receiver mode: off
06-27 18:55:02.161 26106 26259 W SoLoader: SoLoader already initialized
06-27 18:55:02.174 26106 26175 W DGWClientHolder: DGWClientConfig IG4A\B4A: {deviceOS:android,isWorkBuild:false,appVersion:385.0.0.47.74,appId:567067343352427,streamIdleTimeoutMs:1800000,responseCompression:,enableHTTP3:false,zeroRatingEnabled:false,zeroUrlRewritingV2Enabled:false,gatewayDomain:gateway.instagram.com,streamGroupPingPeriod:0,streamGroupPingTimeout:0,streamGroupStopBgPingDelay:0,debugCallbackCrashes2:true,useCachedStreamGroupsStatus:false,closeNetworkConnectionOnTimeout:false,connectivityManagerOptions:{enablePingInBackground:true,bgPingIntervalMs:60000,pingIntervalInMs:{HIGH:0,MID:0,LOW:0,DEFAULT:60000},pingTimeoutInMs:{HIGH:0,MID:0,LOW:0,DEFAULT:5000},pingLatencyInMs:{HIGH:0, MID:0},skipPingAfterIngressTraffic:true,disablePingWhileNoActiveStream:false,sendPingOnAppForeground:false,pingTrafficTracingSamplingRate:0,initAppStateAsBackground:true,ignoreOnNetworkDisconnectedSignalForPing:true,initialUnreachableDelayFastMode:1000,ignoreOnNetworkDisconnectedSignalAndSendPing:false,markDisconnectedInBackground:false,shouldSetNotStartedOnFg:false,enableNetworkMonitorV2:false,extendedFgIntervalSeconds:120,useExtendedFgInterval:false,disableTransportInitFromNetworkMonitor:false,useExtendedFgIntervalNetworkChangeOnly:false},personalizationConfig:{enabled:false,streamEstablishmentLatencyInMs:{HIGH:0, MID:0},streamEstablishmentTimeoutInSeconds:{HIGH:10,MID:10,LOW:10,DEFAULT:30},publishTimeoutInSeconds:{HIGH:10,MID:10,LOW:10,DEFAULT:10},resetPersonalizationClassOnTimeout:false,sgConnectTimeoutInSeconds:{HIGH:0,MID:0,LOW:0,DEFAULT:0},sgPingTimeoutInSeconds:{HIGH:0,MID:0,LOW:0,DEFAULT:0},tunnelConnectTimeoutInSeconds:{HIGH:0,MID:0,LOW:0,DEFAULT:0},tunnelConnectAckTimeoutInSeconds:{HIGH:0,MID:0,LOW:0,DEFAULT:0},trackSgDataLatency:false},eagerStreamGroupEnabled:false,bufferRequestWhileConnectivityNotStarted:false,keepStreamGroupAliveAfterLastStream:false,enableFetchRegionHintFromWww:false,regionHintCacheTtlHours:0,matchMqttWakeup:false,enableTunnelRetriableLayer:false,useExecutorProxies:false,avoidCopyingBuffer:false,fallbackConfig:null,retryableLayerConfig:{useStreamGroupsForConnectivity: false, maxRetries: 10, connectTimeoutSeconds: 10, bgTeardownDelaySeconds: 0, connectSchedulerConfig: {numberOfFastModeRetries: 2, initialUnreachableDelayFastMode: 200, additionalBackgroundDelayFastMode: 100, additionalDelayPerTryFastMode: 100, initialReachableDelayBackOffMode: 500, initialUnreachableDelayBackOffMode: 1000, additionalBackgroundDelayBackOffMode: 300, maxDelayBackOffMode: 40000, randomizeFactorBackOffModeEnabled: true, triesOffsetBackOffMode: 0}, closeConnectionOnNetworkInterfaceChange: true, closeConnectionOnSuspended: false},enableEligibilityHashHeader:false,userAgent:,removeAsyncExecutorFromTunnelNetworkCallbacks:false,enableCallingSgErrorOnlyOnceInSgt:false,msysStreamGroupTransportSampleRate:0,msysStreamLifecycleSampleRate:0,msysNotifyStreamGroupOnPubAckTimeout:false,closeNetworkRequestOnTunnelStreamDestruct:true,useMSG_NOSIGNALForAndroid:false,allowRetriableWithConnectivityAwareLayer:false,msysBufferRequestWhileNoConnectivity:true, disableRetriableLayer:false, disableCancellationForTigonRequests:false, msysBufferRequestWhileConnectivityNotStarted:true}
06-27 18:55:02.175 26106 26175 W DGWClientHolder: DGWMNSConfig IG4A\B4A: MNSDGWNetworkStackConfig: dnsCacheDir:null, quicEnabled:false, quicIdleTimeoutSec:65, quicKeepAliveTimeoutSec:30, quicHandshakeTimeoutSec:5, http2PingIntervalSec:30, http2MaxRequestsPerConnection:0, userAgent:Instagram 385.0.0.47.74 Android (31/12; 440dpi; 1080x2168; Xiaomi/Redmi; Redmi Note 9 Pro; joyeuse; qcom; pt_BR; 750732404), enableQuicEarlyData:false, tcpDelayMs:200, tcpHappyEyeballsDelayMs:150, tcpConnectTimeoutSec:30, highPriorityEvLoopThread:false, enableHttpVersionCache:false, quicKnobs:, trustSandboxCertificates:false, useMvfstMobileLibrary:true, enableQlog:false, maxQlogLines:500, mvfstUseHandshakeTimeout:false, preferIPv6ForBothTCPAndQUIC:false, closeWhenNoRequests:false,  useMSG_NOSIGNALForAndroid:false, closeConnectionThrottlingWindowMs:0
06-27 18:55:02.213 26106 26136 W SessionScopedProviderInitializer: Initialize com.instagram.quickexperiment.early.UserSessionStart start
06-27 18:55:02.214 26106 26136 W SessionScopedProviderInitializer: Initialize com.instagram.quickexperiment.early.UserSessionStart end
06-27 18:55:02.214 26106 26136 W SessionScopedProviderInitializer: Initialize com.instagram.ui.widget.keyboardlistenerprovider.KeyboardChangeDetectorProvider.SessionStartHook start
06-27 18:55:02.214 26106 26136 W SessionScopedProviderInitializer: Initialize com.instagram.ui.widget.keyboardlistenerprovider.KeyboardChangeDetectorProvider.SessionStartHook end
06-27 18:55:02.214 26106 26136 W SessionScopedProviderInitializer: Initialize com.instagram.lazyload.downloadablemodules.impl.IgFallbackPrefetcherImpl start
06-27 18:55:02.214 26106 26135 W SessionScopedProviderInitializer: Initialize com.instagram.preferences.user.UserSessionStart start
06-27 18:55:02.214 26106 26135 W SessionScopedProviderInitializer: Initialize com.instagram.preferences.user.UserSessionStart end
06-27 18:55:02.215 26106 26135 W SessionScopedProviderInitializer: Initialize com.instagram.autofill.store.AutofillStore start
06-27 18:55:02.215 26106 26135 W SessionScopedProviderInitializer: Initialize com.instagram.autofill.store.AutofillStore end
06-27 18:55:02.215 26106 26135 W SessionScopedProviderInitializer: Initialize com.instagram.fxcache.cache.helper.UserSessionStart start
06-27 18:55:02.215 26106 26135 W SessionScopedProviderInitializer: Initialize com.instagram.fxcache.cache.helper.UserSessionStart end
06-27 18:55:02.216 26106 26135 W SessionScopedProviderInitializer: Initialize com.instagram.fxcache.fetainfo.UserSessionStart start
06-27 18:55:02.216 26106 26135 W SessionScopedProviderInitializer: Initialize com.instagram.fxcache.fetainfo.UserSessionStart end
06-27 18:55:02.216 26106 26135 W SessionScopedProviderInitializer: Initialize com.facebook.mobileboost.apps.instagram.BoostSessionScopedUpdater start
06-27 18:55:02.216 26106 26135 W SessionScopedProviderInitializer: Initialize com.facebook.mobileboost.apps.instagram.BoostSessionScopedUpdater end
06-27 18:55:02.216 26106 26135 W SessionScopedProviderInitializer: Initialize com.facebook.papaya.fb.instagram.papaya.UserSessionStart start
06-27 18:55:02.216 26106 26135 W SessionScopedProviderInitializer: Initialize com.facebook.papaya.fb.instagram.papaya.UserSessionStart end
06-27 18:55:02.216 26106 26135 W SessionScopedProviderInitializer: Initialize com.facebook.papaya.fb.instagram.UserSessionStart start
06-27 18:55:02.216 26106 26135 W SessionScopedProviderInitializer: Initialize com.facebook.papaya.fb.instagram.UserSessionStart end
06-27 18:55:02.217 26106 26135 W SessionScopedProviderInitializer: Initialize com.facebook.papaya.fb.instagram.lightweight.UserSessionStart start
06-27 18:55:02.217 26106 26135 W SessionScopedProviderInitializer: Initialize com.facebook.papaya.fb.instagram.lightweight.UserSessionStart end
06-27 18:55:02.217 26106 26135 W SessionScopedProviderInitializer: Initialize com.instagram.common.lifecycle.lifecyclelistener.LifecycleDetector.LifecycleListenersUserSessionManager start
06-27 18:55:02.217 26106 26135 W SessionScopedProviderInitializer: Initialize com.instagram.common.lifecycle.lifecyclelistener.LifecycleDetector.LifecycleListenersUserSessionManager end
06-27 18:55:02.217 26106 26135 W SessionScopedProviderInitializer: Initialize com.instagram.distribgw.client.DGWZeroUrlUpdaterOnUserSessionStart start
06-27 18:55:02.218 26106 26106 W IgMetaConfig: Could not obtain MC: not_user_session session=X.3eq@38e7a9
06-27 18:55:02.218 26106 26106 W IgMetaConfig: java.lang.RuntimeException: Could not obtain MC, call-site will receive default values
06-27 18:55:02.218 26106 26106 W IgMetaConfig: 	at X.4mp.A06(:4)
06-27 18:55:02.218 26106 26106 W IgMetaConfig: 	at X.4mp.A05(:8)
06-27 18:55:02.218 26106 26106 W IgMetaConfig: 	at X.4mp.A03(:2)
06-27 18:55:02.218 26106 26106 W IgMetaConfig: 	at X.8KW.invoke(:1469)
06-27 18:55:02.218 26106 26106 W IgMetaConfig: 	at X.0Mt.invoke(:126)
06-27 18:55:02.218 26106 26106 W IgMetaConfig: 	at X.1np.getValue(:25)
06-27 18:55:02.218 26106 26106 W IgMetaConfig: 	at X.3eo.getScopedClass(:28)
06-27 18:55:02.218 26106 26106 W IgMetaConfig: 	at X.8vc.A00(:13)
06-27 18:55:02.218 26106 26106 W IgMetaConfig: 	at X.8nz.A02(:285)
06-27 18:55:02.218 26106 26106 W IgMetaConfig: 	at X.2ys.A01(:30)
06-27 18:55:02.218 26106 26106 W IgMetaConfig: 	at X.2yk.<init>(:0)
06-27 18:55:02.218 26106 26106 W IgMetaConfig: 	at X.1gr.invoke(:20)
06-27 18:55:02.218 26106 26106 W IgMetaConfig: 	at X.0Mt.invoke(:126)
06-27 18:55:02.218 26106 26106 W IgMetaConfig: 	at X.1np.getValue(:25)
06-27 18:55:02.218 26106 26106 W IgMetaConfig: 	at X.3eo.getScopedClass(:28)
06-27 18:55:02.218 26106 26106 W IgMetaConfig: 	at X.2yh.A00(:43)
06-27 18:55:02.218 26106 26106 W IgMetaConfig: 	at X.9rs.<init>(:8)
06-27 18:55:02.218 26106 26106 W IgMetaConfig: 	at X.9rr.A16(:253)
06-27 18:55:02.218 26106 26106 W IgMetaConfig: 	at X.9rq.A00(:25)
06-27 18:55:02.218 26106 26106 W IgMetaConfig: 	at X.9rq.A08(:0)
06-27 18:55:02.218 26106 26106 W IgMetaConfig: 	at X.4gf.A08(:49)
06-27 18:55:02.218 26106 26106 W IgMetaConfig: 	at X.4aX.A04(:33)
06-27 18:55:02.218 26106 26106 W IgMetaConfig: 	at X.4a5.A00(:89)
06-27 18:55:02.218 26106 26106 W IgMetaConfig: 	at com.instagram.process.instagram.InstagramApplicationForMainProcess.initializeAllColdStartJobs(:844)
06-27 18:55:02.218 26106 26106 W IgMetaConfig: 	at com.instagram.process.instagram.InstagramApplicationForMainProcess.scheduleInitializers(:246)
06-27 18:55:02.218 26106 26106 W IgMetaConfig: 	at com.instagram.process.instagram.InstagramApplicationForMainProcess.onCreate(:78)
06-27 18:55:02.218 26106 26106 W IgMetaConfig: 	at com.instagram.app.InstagramAppShell.onCreate(:1001)
06-27 18:55:02.218 26106 26106 W IgMetaConfig: 	at android.app.Instrumentation.callApplicationOnCreate(Instrumentation.java:1212)
06-27 18:55:02.218 26106 26106 W IgMetaConfig: 	at android.app.ActivityThread.handleBindApplication(ActivityThread.java:7103)
06-27 18:55:02.218 26106 26106 W IgMetaConfig: 	at android.app.ActivityThread.access$1600(ActivityThread.java:271)
06-27 18:55:02.218 26106 26106 W IgMetaConfig: 	at android.app.ActivityThread$H.handleMessage(ActivityThread.java:2134)
06-27 18:55:02.218 26106 26106 W IgMetaConfig: 	at android.os.Handler.dispatchMessage(Handler.java:106)
06-27 18:55:02.218 26106 26106 W IgMetaConfig: 	at android.os.Looper.loopOnce(Looper.java:210)
06-27 18:55:02.218 26106 26106 W IgMetaConfig: 	at android.os.Looper.loop(Looper.java:299)
06-27 18:55:02.218 26106 26106 W IgMetaConfig: 	at android.app.ActivityThread.main(ActivityThread.java:8319)
06-27 18:55:02.218 26106 26106 W IgMetaConfig: 	at java.lang.reflect.Method.invoke(Native Method)
06-27 18:55:02.218 26106 26106 W IgMetaConfig: 	at com.android.internal.os.RuntimeInit$MethodAndArgsCaller.run(RuntimeInit.java:556)
06-27 18:55:02.218 26106 26106 W IgMetaConfig: 	at com.android.internal.os.ZygoteInit.main(ZygoteInit.java:1038)
06-27 18:55:02.219 26106 26135 W SessionScopedProviderInitializer: Initialize com.instagram.distribgw.client.DGWZeroUrlUpdaterOnUserSessionStart end
06-27 18:55:02.219 26106 26135 W SessionScopedProviderInitializer: Initialize com.instagram.analytics.videoqpl.VideoQpl start
06-27 18:55:02.219 26106 26135 W SessionScopedProviderInitializer: Initialize com.instagram.analytics.videoqpl.VideoQpl end
06-27 18:55:02.219 26106 26135 W SessionScopedProviderInitializer: Initialize com.instagram.audio.AudioFocusUserSessionStart start
06-27 18:55:02.220 26106 26135 W SessionScopedProviderInitializer: Initialize com.instagram.audio.AudioFocusUserSessionStart end
06-27 18:55:02.220 26106 26135 W SessionScopedProviderInitializer: Initialize com.instagram.audio.SystemAudioVolumeUserSessionStart start
06-27 18:55:02.220 26106 26135 W SessionScopedProviderInitializer: Initialize com.instagram.audio.SystemAudioVolumeUserSessionStart end
06-27 18:55:02.220 26106 26135 W SessionScopedProviderInitializer: Initialize com.instagram.model.sponsored.UserSessionStart start
06-27 18:55:02.221 26106 26135 W SessionScopedProviderInitializer: Initialize com.instagram.model.sponsored.UserSessionStart end
06-27 18:55:02.221 26106 26135 W SessionScopedProviderInitializer: Initialize com.instagram.video.player.hero.IgHeroServiceController.IgHeroServiceControllerInitializerProvider start
06-27 18:55:02.264 26106 26136 W SessionScopedProviderInitializer: Initialize com.instagram.lazyload.downloadablemodules.impl.IgFallbackPrefetcherImpl end
06-27 18:55:02.264 26106 26136 W SessionScopedProviderInitializer: Initialize com.instagram.video.player.common.VideoBoundaryTestHelper start
06-27 18:55:02.265 26106 26136 W SessionScopedProviderInitializer: Initialize com.instagram.video.player.common.VideoBoundaryTestHelper end
06-27 18:55:02.265 26106 26136 W SessionScopedProviderInitializer: Initialize com.facebook.security.detectkit.ig4a.DetectController.OnSessionStart start
06-27 18:55:02.265 26106 26136 W SessionScopedProviderInitializer: Initialize com.facebook.security.detectkit.ig4a.DetectController.OnSessionStart end
06-27 18:55:02.265 26106 26136 W SessionScopedProviderInitializer: Initialize com.facebook.showreelnativesdk.instagram.dependencyprovider.UserSessionStart start
06-27 18:55:02.265 26106 26136 W SessionScopedProviderInitializer: Initialize com.facebook.showreelnativesdk.instagram.dependencyprovider.UserSessionStart end
06-27 18:55:02.265 26106 26136 W SessionScopedProviderInitializer: Initialize com.instagram.creation.capture.quickcapture.lifecyclemanager.UserSessionStart start
06-27 18:55:02.267 26106 26136 W SessionScopedProviderInitializer: Initialize com.instagram.creation.capture.quickcapture.lifecyclemanager.UserSessionStart end
06-27 18:55:02.268 26106 26136 W SessionScopedProviderInitializer: Initialize com.instagram.creation.capture.quickcapture.analytics.UserSessionStart start
06-27 18:55:02.273 26106 26135 W SessionScopedProviderInitializer: Initialize com.instagram.video.player.hero.IgHeroServiceController.IgHeroServiceControllerInitializerProvider end
06-27 18:55:02.273 26106 26135 W SessionScopedProviderInitializer: Initialize com.instagram.privacy.cpdp.loggers.UserSessionStartListener start
06-27 18:55:02.274 26106 26135 W SessionScopedProviderInitializer: Initialize com.instagram.privacy.cpdp.loggers.UserSessionStartListener end
06-27 18:55:02.274 26106 26135 W SessionScopedProviderInitializer: Initialize com.instagram.analytics.datausage.DataUsageReporter start
06-27 18:55:02.274 26106 26135 W SessionScopedProviderInitializer: Initialize com.instagram.analytics.datausage.DataUsageReporter end
06-27 18:55:02.274 26106 26135 W SessionScopedProviderInitializer: Initialize com.instagram.api.tigon.appnetsessionid.igsessionidgenerator.UserSessionStart start
06-27 18:55:02.274 26106 26135 W SessionScopedProviderInitializer: Initialize com.instagram.api.tigon.appnetsessionid.igsessionidgenerator.UserSessionStart end
06-27 18:55:02.275 26106 26135 W SessionScopedProviderInitializer: Initialize com.instagram.analytics.traffic.UserSessionStart start
06-27 18:55:02.275 26106 26135 W SessionScopedProviderInitializer: Initialize com.instagram.analytics.traffic.UserSessionStart end
06-27 18:55:02.275 26106 26135 W SessionScopedProviderInitializer: Initialize com.instagram.appinitializer.session.UserSessionStart start
06-27 18:55:02.276 26106 26135 W SessionScopedProviderInitializer: Initialize com.instagram.appinitializer.session.UserSessionStart end
06-27 18:55:02.276 26106 26135 W SessionScopedProviderInitializer: Initialize com.instagram.direct.send.deduplication.UserSessionStart start
06-27 18:55:02.276 26106 26135 W SessionScopedProviderInitializer: Initialize com.instagram.direct.send.deduplication.UserSessionStart end
06-27 18:55:02.276 26106 26135 W SessionScopedProviderInitializer: Initialize com.instagram.pendingmedia.store.UserSessionStart start
06-27 18:55:02.277 26106 26135 W SessionScopedProviderInitializer: Initialize com.instagram.pendingmedia.store.UserSessionStart end
06-27 18:55:02.277 26106 26135 W SessionScopedProviderInitializer: Initialize com.instagram.prefetch.PrefetchScheduler start
06-27 18:55:02.277 26106 26135 W SessionScopedProviderInitializer: Initialize com.instagram.prefetch.PrefetchScheduler end
06-27 18:55:02.277 26106 26135 W SessionScopedProviderInitializer: Initialize com.instagram.appinitializer.imageinfra.ImageInfraSessionInitializerProvider start
06-27 18:55:02.280 26106 26136 W SessionScopedProviderInitializer: Initialize com.instagram.creation.capture.quickcapture.analytics.UserSessionStart end
06-27 18:55:02.281 26106 26136 W SessionScopedProviderInitializer: Initialize com.instagram.mainfeed.delivery.logging.UserSessionStart start
06-27 18:55:02.281 26106 26136 W SessionScopedProviderInitializer: Initialize com.instagram.mainfeed.delivery.logging.UserSessionStart end
06-27 18:55:02.281 26106 26136 W SessionScopedProviderInitializer: Initialize com.instagram.appinitializer.requeststreamclient.RequestStreamClientInitializer start
06-27 18:55:02.288 26106 26285 W VideoCapabilities: Unrecognized profile/level 0/3 for video/mpeg2
06-27 18:55:02.288 26106 26285 W VideoCapabilities: Unrecognized profile/level 0/3 for video/mpeg2
06-27 18:55:02.306 26106 26136 W SessionScopedProviderInitializer: Initialize com.instagram.appinitializer.requeststreamclient.RequestStreamClientInitializer end
06-27 18:55:02.306 26106 26135 W SessionScopedProviderInitializer: Initialize com.instagram.appinitializer.imageinfra.ImageInfraSessionInitializerProvider end
06-27 18:55:02.306 26106 26135 W SessionScopedProviderInitializer: Initialize com.instagram.autocomplete.ChallengeUserSessionStart start
06-27 18:55:02.307 26106 26135 W SessionScopedProviderInitializer: Initialize com.instagram.autocomplete.ChallengeUserSessionStart end
06-27 18:55:02.307 26106 26135 W SessionScopedProviderInitializer: Initialize com.instagram.autocomplete.HashtagUserSessionStart start
06-27 18:55:02.308 26106 26135 W SessionScopedProviderInitializer: Initialize com.instagram.autocomplete.HashtagUserSessionStart end
06-27 18:55:02.308 26106 26135 W SessionScopedProviderInitializer: Initialize com.instagram.avatars.store.UserSessionStart start
06-27 18:55:02.309 26106 26135 W SessionScopedProviderInitializer: Initialize com.instagram.avatars.store.UserSessionStart end
06-27 18:55:02.309 26106 26135 W SessionScopedProviderInitializer: Initialize com.instagram.barcelona.fx.cache.helper.UserSessionStart start
06-27 18:55:02.309 26106 26135 W SessionScopedProviderInitializer: Initialize com.instagram.barcelona.fx.cache.helper.UserSessionStart end
06-27 18:55:02.309 26106 26135 W SessionScopedProviderInitializer: Initialize com.instagram.barcelona.libraries.access.accountmanager.listener.BarcelonaAccountManagerListenerSessionBinder start
06-27 18:55:02.309 26106 26136 W SessionScopedProviderInitializer: Initialize com.instagram.appinstallnotification.UserSessionStart start
06-27 18:55:02.309 26106 26135 W SessionScopedProviderInitializer: Initialize com.instagram.barcelona.libraries.access.accountmanager.listener.BarcelonaAccountManagerListenerSessionBinder end
06-27 18:55:02.310 26106 26135 W SessionScopedProviderInitializer: Initialize com.instagram.basel.logging.creation.UserSessionStart start
06-27 18:55:02.310 26106 26135 W SessionScopedProviderInitializer: Initialize com.instagram.basel.logging.creation.UserSessionStart end
06-27 18:55:02.310 26106 26135 W SessionScopedProviderInitializer: Initialize com.instagram.maps.analytics.MapAnalyticsLogger.UserSessionStart start
06-27 18:55:02.311 26106 26135 W SessionScopedProviderInitializer: Initialize com.instagram.maps.analytics.MapAnalyticsLogger.UserSessionStart end
06-27 18:55:02.311 26106 26135 W SessionScopedProviderInitializer: Initialize com.instagram.igpermissions.igpermissionsutil.IGPermissionsFeatureControlsSessionStart start
06-27 18:55:02.316 26106 26135 W SessionScopedProviderInitializer: Initialize com.instagram.igpermissions.igpermissionsutil.IGPermissionsFeatureControlsSessionStart end
06-27 18:55:02.316 26106 26135 W SessionScopedProviderInitializer: Initialize com.instagram.igpermissions.igpermissionsutil.IGPermissionsMessagingControlsSessionStart start
06-27 18:55:02.316 26106 26135 W SessionScopedProviderInitializer: Initialize com.instagram.igpermissions.igpermissionsutil.IGPermissionsMessagingControlsSessionStart end
06-27 18:55:02.317 26106 26135 W SessionScopedProviderInitializer: Initialize com.instagram.igpermissions.igpermissionsutil.IGPermissionsSharedAccountsSessionStart start
06-27 18:55:02.318 26106 26135 W SessionScopedProviderInitializer: Initialize com.instagram.igpermissions.igpermissionsutil.IGPermissionsSharedAccountsSessionStart end
06-27 18:55:02.318 26106 26135 W SessionScopedProviderInitializer: Initialize com.instagram.zero.experiments.ZeroEarlyExperimentsUserSessionStart start
06-27 18:55:02.318 26106 26136 W SessionScopedProviderInitializer: Initialize com.instagram.appinstallnotification.UserSessionStart end
06-27 18:55:02.319 26106 26136 W SessionScopedProviderInitializer: Initialize com.instagram.zero.main.IgZeroMainInitializer start
06-27 18:55:02.319 26106 26136 W SessionScopedProviderInitializer: Initialize com.instagram.zero.main.IgZeroMainInitializer end
06-27 18:55:02.320 26106 26136 W SessionScopedProviderInitializer: Initialize com.instagram.zero.main.IgZeroMainStartupLog start
06-27 18:55:02.321 26106 26136 W SessionScopedProviderInitializer: Initialize com.instagram.zero.main.IgZeroMainStartupLog end
06-27 18:55:02.321 26106 26136 W SessionScopedProviderInitializer: Initialize com.instagram.wellbeing.timespent.listeners.InstagramLastActiveTimeLogger start
06-27 18:55:02.323 26106 26136 W SessionScopedProviderInitializer: Initialize com.instagram.wellbeing.timespent.listeners.InstagramLastActiveTimeLogger end
06-27 18:55:02.323 26106 26136 W SessionScopedProviderInitializer: Initialize com.instagram.wellbeing.timespent.listeners.InstagramTimeSpentManager start
06-27 18:55:02.324 26106 26135 W SessionScopedProviderInitializer: Initialize com.instagram.zero.experiments.ZeroEarlyExperimentsUserSessionStart end
06-27 18:55:02.324 26106 26135 W SessionScopedProviderInitializer: Initialize com.instagram.perf.scroll.UserSessionStart start
