06-27 18:55:10.283  1627  2877 D CompatibilityInfo: applicationScale - 1.0
06-27 18:55:10.298  1627  2409 I MiuiNetworkPolicy: updateUidState uid = 10459, uidState = 19
06-27 18:55:10.300  1627  2409 I MiuiNetworkPolicy: updateUidState uid = 10459, uidState = 10
06-27 18:55:10.304  1627  2409 I MiuiNetworkPolicy: updateUidState uid = 10459, uidState = 19
06-27 18:55:10.358  2872  7896 I SarService: Receiver polling >>>> Change receiver mode: off
06-27 18:55:10.558  2872  7896 I SarService: Receiver polling >>>> Change receiver mode: off
06-27 18:55:10.759  2872  7896 I SarService: Receiver polling >>>> Change receiver mode: off
06-27 18:55:10.778  1627  2409 I MiuiNetworkPolicy: updateUidState uid = 10098, uidState = 10
06-27 18:55:10.959  2872  7896 I SarService: Receiver polling >>>> Change receiver mode: off
06-27 18:55:11.159  2872  7896 I SarService: Receiver polling >>>> Change receiver mode: off
06-27 18:55:11.360  2872  7896 I SarService: Receiver polling >>>> Change receiver mode: off
06-27 18:55:11.417 26106 26111 W JavaBinder: BinderProxy is being destroyed but the application did not call unlinkToDeath to unlink all of its death recipients beforehand.  Releasing leaked death recipient: X.1bq
06-27 18:55:11.445 26106 26112 W System  : A resource failed to call close. 
06-27 18:55:11.446 26106 26112 W System  : A resource failed to call close. 
06-27 18:55:11.446 26106 26112 W System  : A resource failed to call close. 
06-27 18:55:11.446 26106 26112 W System  : A resource failed to call close. 
06-27 18:55:11.560  2872  7896 I SarService: Receiver polling >>>> Change receiver mode: off
06-27 18:55:11.760  2872  7896 I SarService: Receiver polling >>>> Change receiver mode: off
06-27 18:55:11.828  1627  5915 W BroadcastQueue: Background execution not allowed: receiving Intent { act=android.intent.action.DROPBOX_ENTRY_ADDED flg=0x10 (has extras) } to com.google.android.gms/.stats.service.DropBoxEntryAddedReceiver
06-27 18:55:11.831  1627  2409 I MiuiNetworkPolicy: updateUidState uid = 10574, uidState = 19
06-27 18:55:11.834  1627  2409 I MiuiNetworkPolicy: updateUidState uid = 10574, uidState = 11
06-27 18:55:11.834  1627  1905 D CompatibilityInfo: mCompatibilityFlags - 0
06-27 18:55:11.834  1627  1905 D CompatibilityInfo: applicationDensity - 440
06-27 18:55:11.834  1627  1905 D CompatibilityInfo: applicationScale - 1.0
06-27 18:55:11.860 24983 24983 W ThreadPoolForeg: type=1400 audit(0.0:99671): avc: denied { write } for name="traced_producer" dev="tmpfs" ino=27986 scontext=u:r:gmscore_app:s0:c512,c768 tcontext=u:object_r:traced_producer_socket:s0 tclass=sock_file permissive=0 app=com.google.android.gms
06-27 18:55:11.961  2872  7896 I SarService: Receiver polling >>>> Change receiver mode: off
06-27 18:55:12.161  2872  7896 I SarService: Receiver polling >>>> Change receiver mode: off
06-27 18:55:12.361  2872  7896 I SarService: Receiver polling >>>> Change receiver mode: off
06-27 18:55:12.561  2872  7896 I SarService: Receiver polling >>>> Change receiver mode: off
06-27 18:55:12.762  2872  7896 I SarService: Receiver polling >>>> Change receiver mode: off
06-27 18:55:12.873   678 26185 I keystore2: keystore2::watchdog: Watchdog thread idle -> terminating. Have a great day.
06-27 18:55:12.935  1627  2409 I MiuiNetworkPolicy: updateUidState uid = 99496, uidState = 5
06-27 18:55:12.963  2872  7896 I SarService: Receiver polling >>>> Change receiver mode: off
06-27 18:55:13.099 23545 23802 I TRuntime.CctTransportBackend: Status Code: 200
06-27 18:55:13.165  2872  7896 I SarService: Receiver polling >>>> Change receiver mode: off
06-27 18:55:13.365  2872  7896 I SarService: Receiver polling >>>> Change receiver mode: off
06-27 18:55:13.565  2872  7896 I SarService: Receiver polling >>>> Change receiver mode: off
06-27 18:55:13.713 24029 24086 I Finsky  : [464] SCH: Scheduling phonesky job Id: 26-1414141414, CT: 1751061297671, Constraints: [{ L: 43199999, D: 44099999, C: CHARGING_NONE, I: IDLE_NONE, N: NET_NONE, B: BATTERY_ANY }]
06-27 18:55:13.718 24029 24091 I Finsky  : [470] SCH: Scheduling 1 system job(s)
06-27 18:55:13.718 24029 24091 I Finsky  : [470] SCH: Scheduling system job Id: 9992, L: 43183952, D: 44083952, C: false, I: false, N: 0
06-27 18:55:13.766  2872  7896 I SarService: Receiver polling >>>> Change receiver mode: off
06-27 18:55:13.938  1627  2409 D MiuiNetworkPolicy: updateLimit mLimitEnabled=false,enabled=true,mNetworkPriorityMode=2
06-27 18:55:13.966  2872  7896 I SarService: Receiver polling >>>> Change receiver mode: off
06-27 18:55:14.047 26331 26530 D TrafficManageService: onReceive: intent.action = com.android.server.action.NETWORK_STATS_UPDATED
06-27 18:55:14.166  2872  7896 I SarService: Receiver polling >>>> Change receiver mode: off
06-27 18:55:14.367  2872  7896 I SarService: Receiver polling >>>> Change receiver mode: off
06-27 18:55:14.567  2872  7896 I SarService: Receiver polling >>>> Change receiver mode: off
06-27 18:55:14.767  2872  7896 I SarService: Receiver polling >>>> Change receiver mode: off
06-27 18:55:14.968  2872  7896 I SarService: Receiver polling >>>> Change receiver mode: off
06-27 18:55:15.168  2872  7896 I SarService: Receiver polling >>>> Change receiver mode: off
06-27 18:55:15.368  2872  7896 I SarService: Receiver polling >>>> Change receiver mode: off
06-27 18:55:15.569  2872  7896 I SarService: Receiver polling >>>> Change receiver mode: off
06-27 18:55:15.590 24029 24054 I Finsky  : [445] Stats for Executor: BlockingExecutor tbi@c63599d[Running, pool size = 4, active threads = 0, queued tasks = 0, completed tasks = 24]
06-27 18:55:15.590 24029 24054 I Finsky  : [445] Stats for Executor: LightweightExecutor tbi@8092e12[Running, pool size = 4, active threads = 0, queued tasks = 0, completed tasks = 150]
06-27 18:55:15.619 24029 24054 I Finsky  : [445] Stats for Executor: bgExecutor tbi@bde49e3[Running, pool size = 4, active threads = 0, queued tasks = 0, completed tasks = 129]
06-27 18:55:15.650  1627  2388 D MIUIInput: [MotionEvent] publisher action=0x4, 54281622, channel '83dff92 NavigationBar0 (server)'
06-27 18:55:15.650  1627  2388 D MIUIInput: [MotionEvent] publisher action=0x0, 54281622, channel '9b02302 com.miui.home/com.miui.home.launcher.Launcher (server)'
06-27 18:55:15.650  1627  2388 D MIUIInput: [MotionEvent] publisher action=0x0, 54281622, channel '8ba4243 com.miui.miwallpaper.wallpaperservice.MiuiKeyguardPictorialWallpaper (server)'
06-27 18:55:15.650  1627  2388 D MIUIInput: [MotionEvent] publisher action=0x0, 54281622, channel '8426ed4 com.miui.miwallpaper.wallpaperservice.ImageWallpaper (server)'
06-27 18:55:15.654 25950 25950 D EventBus: No subscribers registered for event class com.miui.home.launcher.common.messages.EndSpringAnimatorMessage
06-27 18:55:15.654 25950 25950 D EventBus: No subscribers registered for event class org.greenrobot.eventbus.NoSubscriberEvent
06-27 18:55:15.663 25950 25950 W AssistantOverlaySwipeController:  Can't scroll to -1 screen 
06-27 18:55:15.663 25950 25950 W AssistantOverlaySwipeController:  Check Launcher status 
06-27 18:55:15.663 25950 25950 W AssistantOverlaySwipeController:  1 true 2 true 3 true 4 true 5 true 6 true 7 true 8 true 9 true 10 true 11 true 12 true 13 true 14 true 15 true 16 true 17 false 18 true 19 true 20 false
06-27 18:55:15.663 25950 25950 D FeedSwipeController: touchState : 0 scrolling : false normalEditing : false WidgetThumbnailViewShowing : false UninstallDialogShowing : false isMinusScreenShowing: false
06-27 18:55:15.663 25950 25950 D FeedSwipeController: can not use
06-27 18:55:15.663 25950 25950 D Launcher.StatusBarController: try intercept touch, isProxySurvive=true
06-27 18:55:15.665 25950 25950 D Launcher.Workspace: Workspace touch down
06-27 18:55:15.670 25950 25950 D ScreenView_Workspace: onIntercept:0.0
06-27 18:55:15.670 25950 25950 D ScreenView_Workspace: not intercept
06-27 18:55:15.670 25950 25950 D Launcher.CellLayout: touch item:ShortcutInfo, id=705, itemType=0, user=UserHandle{0}, mIconType=0, pkgName=com.vgfit.timerplus, className=com.vgfit.timer.PreloadingFotoApp, screenId=1, container=-100, cellX=3, cellY=5, spanX=1, spanY=1
06-27 18:55:15.671 25950 26230 D Launcher.Boost: bindcore 200
06-27 18:55:15.675 25950 25950 D Launcher.itemIcon: folmeDown
06-27 18:55:15.702 25950 25950 D Launcher.StatusBarController: dx(-47.063843) over mTouchSlop(44.0), don't intercept
06-27 18:55:15.704 25950 25950 E BranchAllAppsIndicator: changedByBranch: callBack = null
06-27 18:55:15.704 25950 25950 D Launcher.itemIcon: folmeUp
06-27 18:55:15.723  2535  2590 D HomeWallpaperRenderer: OFFSET  x: 0.021759259  y: 0.0
06-27 18:55:15.723  2535  3079 W OpenGLRenderer: Surface doesn't have any previously queued frames, nothing to readback from
06-27 18:55:15.725  2535  2590 D HomeWallpaperRenderer: OFFSET  x: 0.05138889  y: 0.0
06-27 18:55:15.741  2535  2590 D HomeWallpaperRenderer: OFFSET  x: 0.08842593  y: 0.0
06-27 18:55:15.755  2535  2590 D HomeWallpaperRenderer: OFFSET  x: 0.12592593  y: 0.0
06-27 18:55:15.769  2872  7896 I SarService: Receiver polling >>>> Change receiver mode: off
06-27 18:55:15.775  2535  2590 D HomeWallpaperRenderer: OFFSET  x: 0.17453703  y: 0.0
06-27 18:55:15.792  2535  2590 D HomeWallpaperRenderer: OFFSET  x: 0.23518519  y: 0.0
06-27 18:55:15.807  2535  2590 D HomeWallpaperRenderer: OFFSET  x: 0.28657407  y: 0.0
06-27 18:55:15.824  2535  2590 D HomeWallpaperRenderer: OFFSET  x: 0.34074074  y: 0.0
06-27 18:55:15.839  2535  2590 D HomeWallpaperRenderer: OFFSET  x: 0.38148147  y: 0.0
06-27 18:55:15.853  1627  2388 D MIUIInput: [MotionEvent] publisher action=0x1, 54281830, channel '9b02302 com.miui.home/com.miui.home.launcher.Launcher (server)'
06-27 18:55:15.853  1627  2388 D MIUIInput: [MotionEvent] publisher action=0x1, 54281830, channel '8ba4243 com.miui.miwallpaper.wallpaperservice.MiuiKeyguardPictorialWallpaper (server)'
06-27 18:55:15.853  1627  2388 D MIUIInput: [MotionEvent] publisher action=0x1, 54281830, channel '8426ed4 com.miui.miwallpaper.wallpaperservice.ImageWallpaper (server)'
06-27 18:55:15.854 25950 25950 D Launcher.Workspace: Workspace touch up or cancel
06-27 18:55:15.854 25950 25950 D ScreenView_Workspace: on touch up
06-27 18:55:15.854 25950 25950 D ScreenView_Workspace: snapByVelocity
06-27 18:55:15.854 25950 25950 D ScreenView_Workspace: startScroll:1080
06-27 18:55:15.855 25950 25950 E BranchAllAppsIndicator: changedByBranch: callBack = null
06-27 18:55:15.857 25950 26124 D StatusBarController: handleMessage: flag 800000  disable false
06-27 18:55:15.858  2919  2919 D StatusBar: disable<e i a s b h r c!s > disable2<q i n >
06-27 18:55:15.858  2919  2919 D CollapsedStatusBarFragment: adjustDisableFlags: mStatusBarView.getState() = 0 mHideIconsForBouncer = false mWereIconsJustHidden = false, mWakeUpCoordinator.getNotificationsFullyHidden = false, mIsExpanded = false, mBypassController.getBypassEnabled = false, mStatusBarStateController.getState() = 0, mKeyguardStateController.isKeyguardGoingAway() = false, mHeadsUpManager.hasPinnedHeadsUp = false, mIsLaunchAnimationRunning = false, mHideIconsDuringLaunchAnimation = false, isFullWidth()true, mShowIconsWhenExpanded = true, mControlPanelExpand = false
06-27 18:55:15.862  2535  2590 D HomeWallpaperRenderer: OFFSET  x: 0.3861111  y: 0.0
06-27 18:55:15.870 25950 25950 D Launcher_WallpaperUtils: changeStatusBarMode:false
06-27 18:55:15.905  2535  2590 D HomeWallpaperRenderer: OFFSET  x: 0.4212963  y: 0.0
06-27 18:55:15.907 25950 26230 D Launcher.Boost: bindcore 189
06-27 18:55:15.923  2535  2590 D HomeWallpaperRenderer: OFFSET  x: 0.43611112  y: 0.0
06-27 18:55:15.940  2535  2590 D HomeWallpaperRenderer: OFFSET  x: 0.44907406  y: 0.0
06-27 18:55:15.958  2535  2590 D HomeWallpaperRenderer: OFFSET  x: 0.4587963  y: 0.0
06-27 18:55:15.970  2872  7896 I SarService: Receiver polling >>>> Change receiver mode: off
06-27 18:55:15.973  2535  2590 D HomeWallpaperRenderer: OFFSET  x: 0.4675926  y: 0.0
06-27 18:55:15.992  2535  2590 D HomeWallpaperRenderer: OFFSET  x: 0.475  y: 0.0
06-27 18:55:15.995 24029 24054 I Finsky  : [445] Stats for Executor: GrpcBackgroundExecutor tbi@bacfe0[Running, pool size = 1, active threads = 0, queued tasks = 0, completed tasks = 1]
06-27 18:55:16.006  2535  2590 D HomeWallpaperRenderer: OFFSET  x: 0.48009259  y: 0.0
06-27 18:55:16.024  2535  2590 D HomeWallpaperRenderer: OFFSET  x: 0.48472223  y: 0.0
06-27 18:55:16.042  2535  2590 D HomeWallpaperRenderer: OFFSET  x: 0.48842594  y: 0.0
06-27 18:55:16.058  2535  2590 D HomeWallpaperRenderer: OFFSET  x: 0.4912037  y: 0.0
06-27 18:55:16.074  2535  2590 D HomeWallpaperRenderer: OFFSET  x: 0.49305555  y: 0.0
06-27 18:55:16.091  2535  2590 D HomeWallpaperRenderer: OFFSET  x: 0.4949074  y: 0.0
06-27 18:55:16.107  2535  2590 D HomeWallpaperRenderer: OFFSET  x: 0.4962963  y: 0.0
06-27 18:55:16.124  2535  2590 D HomeWallpaperRenderer: OFFSET  x: 0.49722221  y: 0.0
06-27 18:55:16.139  2535  2590 D HomeWallpaperRenderer: OFFSET  x: 0.4976852  y: 0.0
06-27 18:55:16.156  2535  2590 D HomeWallpaperRenderer: OFFSET  x: 0.49814814  y: 0.0
06-27 18:55:16.174  2872  7896 I SarService: Receiver polling >>>> Change receiver mode: off
06-27 18:55:16.174  2535  2590 D HomeWallpaperRenderer: OFFSET  x: 0.49861112  y: 0.0
06-27 18:55:16.191  2535  2590 D HomeWallpaperRenderer: OFFSET  x: 0.49907407  y: 0.0
06-27 18:55:16.220 25950 25950 D ScreenView_Workspace: setCurrentScreenInner:1
06-27 18:55:16.222 25950 25950 D Launcher.RecommendController: folder display but only request when folder open
06-27 18:55:16.222 25950 25950 D Launcher.RecommendController: folder display but only request when folder open
06-27 18:55:16.222 25950 25950 D Launcher.RecommendController: folder display but only request when folder open
06-27 18:55:16.222 25950 25950 D Launcher.RecommendController: folder display but only request when folder open
06-27 18:55:16.222 25950 25950 D EventBus: No subscribers registered for event class com.miui.home.launcher.common.messages.CurrentScreenIdMessage
06-27 18:55:16.222 25950 25950 D EventBus: No subscribers registered for event class org.greenrobot.eventbus.NoSubscriberEvent
06-27 18:55:16.222 25950 25950 E BranchAllAppsIndicator: changedByBranch: callBack = null
06-27 18:55:16.223 25950 25950 D Launcher.UserPresentAnimation: checkMissingIcon
06-27 18:55:16.241  2535  2590 D HomeWallpaperRenderer: OFFSET  x: 0.5  y: 0.0
06-27 18:55:16.241  2535  3079 W OpenGLRenderer: Surface doesn't have any previously queued frames, nothing to readback from
06-27 18:55:16.323 25950 26124 D StatusBarController: handleMessage: flag 800000  disable false
06-27 18:55:16.323 25950 25950 D Launcher_WallpaperUtils: changeStatusBarMode:false
06-27 18:55:16.374  2872  7896 I SarService: Receiver polling >>>> Change receiver mode: off
06-27 18:55:16.432 24189 24225 I Finsky:background: [446] Stats for Executor: LightweightExecutor tbi@170d403[Running, pool size = 4, active threads = 0, queued tasks = 0, completed tasks = 12]
06-27 18:55:16.471 24189 24225 I Finsky:background: [446] Stats for Executor: bgExecutor tbi@af55f80[Running, pool size = 4, active threads = 0, queued tasks = 0, completed tasks = 42]
06-27 18:55:16.529 24189 24225 I Finsky:background: [446] Stats for Executor: BlockingExecutor tbi@a92d9b9[Running, pool size = 1, active threads = 0, queued tasks = 0, completed tasks = 1]
06-27 18:55:16.547  1627  2388 D MIUIInput: [MotionEvent] publisher action=0x4, 54282525, channel '83dff92 NavigationBar0 (server)'
06-27 18:55:16.548 25950 25950 D EventBus: No subscribers registered for event class com.miui.home.launcher.common.messages.EndSpringAnimatorMessage
06-27 18:55:16.548 25950 25950 D EventBus: No subscribers registered for event class org.greenrobot.eventbus.NoSubscriberEvent
06-27 18:55:16.548 25950 25950 D FeedSwipeController: touchState : 0 scrolling : false normalEditing : false WidgetThumbnailViewShowing : false UninstallDialogShowing : false isMinusScreenShowing: false
06-27 18:55:16.548 25950 25950 D FeedSwipeController: can not use
06-27 18:55:16.548 25950 25950 D Launcher.StatusBarController: try intercept touch, isProxySurvive=true
06-27 18:55:16.549 25950 25950 D Launcher.Workspace: Workspace touch down
06-27 18:55:16.549 25950 25950 D ScreenView_Workspace: onIntercept:0.0
06-27 18:55:16.549 25950 25950 D ScreenView_Workspace: not intercept
06-27 18:55:16.550 25950 26230 D Launcher.Boost: bindcore 200
06-27 18:55:16.550  1627  2388 D MIUIInput: [MotionEvent] publisher action=0x0, 54282525, channel '9b02302 com.miui.home/com.miui.home.launcher.Launcher (server)'
06-27 18:55:16.550  1627  2388 D MIUIInput: [MotionEvent] publisher action=0x0, 54282525, channel '8ba4243 com.miui.miwallpaper.wallpaperservice.MiuiKeyguardPictorialWallpaper (server)'
06-27 18:55:16.550  1627  2388 D MIUIInput: [MotionEvent] publisher action=0x0, 54282525, channel '8426ed4 com.miui.miwallpaper.wallpaperservice.ImageWallpaper (server)'
06-27 18:55:16.571 25950 25950 E BranchAllAppsIndicator: changedByBranch: callBack = null
06-27 18:55:16.573  2535  2590 D HomeWallpaperRenderer: OFFSET  x: 0.50648147  y: 0.0
06-27 18:55:16.573  2535  3079 W OpenGLRenderer: Surface doesn't have any previously queued frames, nothing to readback from
06-27 18:55:16.574  2872  7896 I SarService: Receiver polling >>>> Change receiver mode: off
06-27 18:55:16.570 25032 25032 W ThreadPoolForeg: type=1400 audit(0.0:99672): avc: denied { write } for name="traced_producer" dev="tmpfs" ino=27986 scontext=u:r:gmscore_app:s0:c512,c768 tcontext=u:object_r:traced_producer_socket:s0 tclass=sock_file permissive=0 app=com.google.android.gms
06-27 18:55:16.593  2535  2590 D HomeWallpaperRenderer: OFFSET  x: 0.524537  y: 0.0
06-27 18:55:16.594  2535  3079 W OpenGLRenderer: Surface doesn't have any previously queued frames, nothing to readback from
06-27 18:55:16.610  2535  2590 D HomeWallpaperRenderer: OFFSET  x: 0.55  y: 0.0
06-27 18:55:16.623  2535  2590 D HomeWallpaperRenderer: OFFSET  x: 0.5777778  y: 0.0
06-27 18:55:16.643  2535  2590 D HomeWallpaperRenderer: OFFSET  x: 0.61296296  y: 0.0
06-27 18:55:16.660  2535  2590 D HomeWallpaperRenderer: OFFSET  x: 0.662963  y: 0.0
06-27 18:55:16.675  2535  2590 D HomeWallpaperRenderer: OFFSET  x: 0.71712965  y: 0.0
06-27 18:55:16.691  2535  2590 D HomeWallpaperRenderer: OFFSET  x: 0.7662037  y: 0.0
06-27 18:55:16.710  2535  2590 D HomeWallpaperRenderer: OFFSET  x: 0.8023148  y: 0.0
06-27 18:55:16.725  2535  2590 D HomeWallpaperRenderer: OFFSET  x: 0.825  y: 0.0
06-27 18:55:16.730  1627  2388 D MIUIInput: [MotionEvent] publisher action=0x1, 54282708, channel '9b02302 com.miui.home/com.miui.home.launcher.Launcher (server)'
06-27 18:55:16.730  1627  2388 D MIUIInput: [MotionEvent] publisher action=0x1, 54282708, channel '8ba4243 com.miui.miwallpaper.wallpaperservice.MiuiKeyguardPictorialWallpaper (server)'
06-27 18:55:16.730  1627  2388 D MIUIInput: [MotionEvent] publisher action=0x1, 54282708, channel '8426ed4 com.miui.miwallpaper.wallpaperservice.ImageWallpaper (server)'
06-27 18:55:16.731 25950 25950 D Launcher.Workspace: Workspace touch up or cancel
06-27 18:55:16.731 25950 25950 D ScreenView_Workspace: on touch up
06-27 18:55:16.731 25950 25950 D ScreenView_Workspace: snapByVelocity
06-27 18:55:16.731 25950 25950 D ScreenView_Workspace: startScroll:2160
06-27 18:55:16.731 25950 25950 E BranchAllAppsIndicator: changedByBranch: callBack = null
06-27 18:55:16.732 25950 26124 D StatusBarController: handleMessage: flag 800000  disable false
06-27 18:55:16.740 25950 25950 D Launcher_WallpaperUtils: changeStatusBarMode:false
06-27 18:55:16.758  2535  2590 D HomeWallpaperRenderer: OFFSET  x: 0.8462963  y: 0.0
06-27 18:55:16.774  2872  7896 I SarService: Receiver polling >>>> Change receiver mode: off
06-27 18:55:16.775  2535  2590 D HomeWallpaperRenderer: OFFSET  x: 0.86944443  y: 0.0
06-27 18:55:16.791 25950 26230 D Launcher.Boost: bindcore 182
06-27 18:55:16.793  2535  2590 D HomeWallpaperRenderer: OFFSET  x: 0.8912037  y: 0.0
06-27 18:55:16.810  2535  2590 D HomeWallpaperRenderer: OFFSET  x: 0.9097222  y: 0.0
06-27 18:55:16.826  2535  2590 D HomeWallpaperRenderer: OFFSET  x: 0.92685187  y: 0.0
06-27 18:55:16.841  2535  2590 D HomeWallpaperRenderer: OFFSET  x: 0.94166666  y: 0.0
06-27 18:55:16.858  2535  2590 D HomeWallpaperRenderer: OFFSET  x: 0.9537037  y: 0.0
06-27 18:55:16.876  2535  2590 D HomeWallpaperRenderer: OFFSET  x: 0.962963  y: 0.0
06-27 18:55:16.892  2535  2590 D HomeWallpaperRenderer: OFFSET  x: 0.9712963  y: 0.0
06-27 18:55:16.910  2535  2590 D HomeWallpaperRenderer: OFFSET  x: 0.9777778  y: 0.0
06-27 18:55:16.926  2535  2590 D HomeWallpaperRenderer: OFFSET  x: 0.9824074  y: 0.0
06-27 18:55:16.943 22905 23082 W SQLiteLog: (28) double-quoted string literal: "networkPrefer"
06-27 18:55:16.943  2535  2590 D HomeWallpaperRenderer: OFFSET  x: 0.98657405  y: 0.0
06-27 18:55:16.944 22905 23082 W SQLiteLog: (28) double-quoted string literal: "okhttp_available"
06-27 18:55:16.946 22905 23082 W SQLiteLog: (28) double-quoted string literal: "networkPrefer"
06-27 18:55:16.946 22905 23082 W SQLiteLog: (28) double-quoted string literal: "amdcReqStrategySort"
06-27 18:55:16.948 22905 23082 W SQLiteLog: (28) double-quoted string literal: "networkPrefer"
06-27 18:55:16.948 22905 23082 W SQLiteLog: (28) double-quoted string literal: "strategy_stat"
06-27 18:55:16.950 22905 23082 W SQLiteLog: (28) double-quoted string literal: "Page"
06-27 18:55:16.950 22905 23082 W SQLiteLog: (28) double-quoted string literal: "performance"
06-27 18:55:16.951 22905 23082 W SQLiteLog: (28) double-quoted string literal: "painter"
06-27 18:55:16.951 22905 23082 W SQLiteLog: (28) double-quoted string literal: "dns"
06-27 18:55:16.953 22905 23082 W SQLiteLog: (28) double-quoted string literal: "painter"
06-27 18:55:16.953 22905 23082 W SQLiteLog: (28) double-quoted string literal: "image_load_rt"
06-27 18:55:16.954 22905 23082 W SQLiteLog: (28) double-quoted string literal: "painter"
06-27 18:55:16.954 22905 23082 W SQLiteLog: (28) double-quoted string literal: "image_load_hit"
06-27 18:55:16.956 22905 23082 W SQLiteLog: (28) double-quoted string literal: "feedbackModule"
06-27 18:55:16.956 22905 23082 W SQLiteLog: (28) double-quoted string literal: "commit_feedback"
06-27 18:55:16.958 22905 23082 W SQLiteLog: (28) double-quoted string literal: "json"
06-27 18:55:16.958 22905 23082 W SQLiteLog: (28) double-quoted string literal: "json2pojo"
06-27 18:55:16.959  2535  2590 D HomeWallpaperRenderer: OFFSET  x: 0.9898148  y: 0.0
06-27 18:55:16.960 22905 23082 W SQLiteLog: (28) double-quoted string literal: "Live"
06-27 18:55:16.960 22905 23082 W SQLiteLog: (28) double-quoted string literal: "live_play_monitor"
06-27 18:55:16.962 22905 23082 W SQLiteLog: (28) double-quoted string literal: "Live"
06-27 18:55:16.962 22905 23082 W SQLiteLog: (28) double-quoted string literal: "live_first_render"
06-27 18:55:16.963 22905 23082 W SQLiteLog: (28) double-quoted string literal: "Live"
06-27 18:55:16.963 22905 23082 W SQLiteLog: (28) double-quoted string literal: "live_buffe"
06-27 18:55:16.964 22905 23082 W SQLiteLog: (28) double-quoted string literal: "Live"
06-27 18:55:16.964 22905 23082 W SQLiteLog: (28) double-quoted string literal: "live_seek"
06-27 18:55:16.966 22905 23082 W SQLiteLog: (28) double-quoted string literal: "tile"
06-27 18:55:16.966 22905 23082 W SQLiteLog: (28) double-quoted string literal: "tile_time_statistic"
06-27 18:55:16.967 22905 23082 W SQLiteLog: (28) double-quoted string literal: "gdmsdk"
06-27 18:55:16.967 22905 23082 W SQLiteLog: (28) double-quoted string literal: "gdmStats"
06-27 18:55:16.968 22905 23082 W SQLiteLog: (28) double-quoted string literal: "network"
06-27 18:55:16.968 22905 23082 W SQLiteLog: (28) double-quoted string literal: "cosmosApiStat"
06-27 18:55:16.969 22905 23082 W SQLiteLog: (28) double-quoted string literal: "network"
06-27 18:55:16.969 22905 23082 W SQLiteLog: (28) double-quoted string literal: "COSMOS_API"
06-27 18:55:16.970 22905 23082 W SQLiteLog: (28) double-quoted string literal: "network"
06-27 18:55:16.970 22905 23082 W SQLiteLog: (28) double-quoted string literal: "api"
06-27 18:55:16.970 22905 23082 W SQLiteLog: (28) double-quoted string literal: "App_Launch"
06-27 18:55:16.970 22905 23082 W SQLiteLog: (28) double-quoted string literal: "OnlineMonitorInitTime"
06-27 18:55:16.971 22905 23082 W SQLiteLog: (28) double-quoted string literal: "App_Launch"
06-27 18:55:16.971 22905 23082 W SQLiteLog: (28) double-quoted string literal: "launchTimeEx"
06-27 18:55:16.972 22905 23082 W SQLiteLog: (28) double-quoted string literal: "painter"
06-27 18:55:16.973 22905 23082 W SQLiteLog: (28) double-quoted string literal: "speedTest"
06-27 18:55:16.974 22905 23082 W SQLiteLog: (28) double-quoted string literal: "App_Launch"
06-27 18:55:16.974 22905 23082 W SQLiteLog: (28) double-quoted string literal: "MultiDexInstallTime"
06-27 18:55:16.975  2872  7896 I SarService: Receiver polling >>>> Change receiver mode: off
06-27 18:55:16.975  2535  2590 D HomeWallpaperRenderer: OFFSET  x: 0.9921296  y: 0.0
06-27 18:55:16.975 22905 23082 W SQLiteLog: (28) double-quoted string literal: "App_Launch"
06-27 18:55:16.975 22905 23082 W SQLiteLog: (28) double-quoted string literal: "LaunchTimeWithMultiDexInstallTime"
06-27 18:55:16.977 22905 23082 W SQLiteLog: (28) double-quoted string literal: "weexModule"
06-27 18:55:16.977 22905 23082 W SQLiteLog: (28) double-quoted string literal: "weexJsBundleDownload"
06-27 18:55:16.979 22905 23082 W SQLiteLog: (28) double-quoted string literal: "H5AnalyzeModule"
06-27 18:55:16.979 22905 23082 W SQLiteLog: (28) double-quoted string literal: "H5Load"
06-27 18:55:16.980 22905 23082 W SQLiteLog: (28) double-quoted string literal: "detail"
06-27 18:55:16.980 22905 23082 W SQLiteLog: (28) double-quoted string literal: "search2detailreq"
06-27 18:55:16.981 22905 23082 W SQLiteLog: (28) double-quoted string literal: "method"
06-27 18:55:16.981 22905 23082 W SQLiteLog: (28) double-quoted string literal: "method"
06-27 18:55:16.983 22905 23082 W SQLiteLog: (28) double-quoted string literal: "FeatureManager"
06-27 18:55:16.983 22905 23082 W SQLiteLog: (28) double-quoted string literal: "featureInstall"
06-27 18:55:16.984 22905 23082 W SQLiteLog: (28) double-quoted string literal: "FeatureManager"
06-27 18:55:16.984 22905 23082 W SQLiteLog: (28) double-quoted string literal: "featureUsage"
06-27 18:55:16.985 22905 23082 W SQLiteLog: (28) double-quoted string literal: "AEMedia_Old_Uploader"
06-27 18:55:16.985 22905 23082 W SQLiteLog: (28) double-quoted string literal: "uploadPerformance"
06-27 18:55:16.987 22905 23082 W SQLiteLog: (28) double-quoted string literal: "AEMedia_Uploader"
06-27 18:55:16.987 22905 23082 W SQLiteLog: (28) double-quoted string literal: "uploadPerformance"
06-27 18:55:16.988 22905 23082 W SQLiteLog: (28) double-quoted string literal: "PopLayer"
06-27 18:55:16.988 22905 23082 W SQLiteLog: (28) double-quoted string literal: "OnePop"
06-27 18:55:16.989 22905 23082 W SQLiteLog: (28) double-quoted string literal: "PopLayer"
06-27 18:55:16.989 22905 23082 W SQLiteLog: (28) double-quoted string literal: "PopError"
06-27 18:55:16.991 22905 23082 W SQLiteLog: (28) double-quoted string literal: "PopLayer"
06-27 18:55:16.991 22905 23082 W SQLiteLog: (28) double-quoted string literal: "PopProcess"
06-27 18:55:16.993  2535  2590 D HomeWallpaperRenderer: OFFSET  x: 0.9939815  y: 0.0
06-27 18:55:16.994 22905 23082 W SQLiteLog: (28) double-quoted string literal: "networkPrefer"
06-27 18:55:16.994 22905 23082 W SQLiteLog: (28) double-quoted string literal: "session"
06-27 18:55:16.996 22905 23082 W SQLiteLog: (28) double-quoted string literal: "networkPrefer"
06-27 18:55:16.996 22905 23082 W SQLiteLog: (28) double-quoted string literal: "conn_stat"
06-27 18:55:16.998 22905 23082 W SQLiteLog: (28) double-quoted string literal: "mtopsdk"
06-27 18:55:16.998 22905 23082 W SQLiteLog: (28) double-quoted string literal: "signException"
06-27 18:55:16.999 22905 23082 W SQLiteLog: (28) double-quoted string literal: "OrangeConfig"
06-27 18:55:16.999 22905 23082 W SQLiteLog: (28) double-quoted string literal: "orange_boot_performance"
06-27 18:55:17.000 22905 23082 W SQLiteLog: (28) double-quoted string literal: "OrangeConfig"
06-27 18:55:17.000 22905 23082 W SQLiteLog: (28) double-quoted string literal: "config_use_detail"
06-27 18:55:17.001 22905 23082 W SQLiteLog: (28) double-quoted string literal: "OrangeConfig"
06-27 18:55:17.002 22905 23082 W SQLiteLog: (28) double-quoted string literal: "config_update"
06-27 18:55:17.003 22905 23082 W SQLiteLog: (28) double-quoted string literal: "OrangeConfig"
06-27 18:55:17.003 22905 23082 W SQLiteLog: (28) double-quoted string literal: "config_use"
06-27 18:55:17.004 22905 23082 W SQLiteLog: (28) double-quoted string literal: "OrangeConfig"
06-27 18:55:17.004 22905 23082 W SQLiteLog: (28) double-quoted string literal: "diff_index_update"
06-27 18:55:17.005 22905 23082 W SQLiteLog: (28) double-quoted string literal: "OrangeConfig"
06-27 18:55:17.005 22905 23082 W SQLiteLog: (28) double-quoted string literal: "file_stat"
06-27 18:55:17.007 22905 23082 W SQLiteLog: (28) double-quoted string literal: "OrangeConfig"
06-27 18:55:17.007 22905 23082 W SQLiteLog: (28) double-quoted string literal: "config_load"
06-27 18:55:17.009  2535  2590 D HomeWallpaperRenderer: OFFSET  x: 0.9953704  y: 0.0
06-27 18:55:17.010 22905 23082 W SQLiteLog: (28) double-quoted string literal: "OrangeConfig"
06-27 18:55:17.010 22905 23082 W SQLiteLog: (28) double-quoted string literal: "bind_service"
06-27 18:55:17.012 22905 23082 W SQLiteLog: (28) double-quoted string literal: "OrangeConfig"
06-27 18:55:17.012 22905 23082 W SQLiteLog: (28) double-quoted string literal: "channel_config_use"
06-27 18:55:17.013 22905 23082 W SQLiteLog: (28) double-quoted string literal: "networkPrefer"
06-27 18:55:17.013 22905 23082 W SQLiteLog: (28) double-quoted string literal: "nettype"
06-27 18:55:17.015 22905 23082 W SQLiteLog: (28) double-quoted string literal: "WindVane"
06-27 18:55:17.015 22905 23082 W SQLiteLog: (28) double-quoted string literal: "PackageQueue"
06-27 18:55:17.016 22905 23082 W SQLiteLog: (28) double-quoted string literal: "WindVane"
06-27 18:55:17.016 22905 23082 W SQLiteLog: (28) double-quoted string literal: "PackageAppVisit"
06-27 18:55:17.017 22905 23082 W SQLiteLog: (28) double-quoted string literal: "WindVane"
06-27 18:55:17.017 22905 23082 W SQLiteLog: (28) double-quoted string literal: "WebPerformanceCheck"
06-27 18:55:17.018 22905 23082 W SQLiteLog: (28) double-quoted string literal: "WindVane"
06-27 18:55:17.018 22905 23082 W SQLiteLog: (28) double-quoted string literal: "PackageVisitStart"
06-27 18:55:17.019 22905 23082 W SQLiteLog: (28) double-quoted string literal: "WindVane"
06-27 18:55:17.019 22905 23082 W SQLiteLog: (28) double-quoted string literal: "PackageUpdateStart"
06-27 18:55:17.021 22905 23082 W SQLiteLog: (28) double-quoted string literal: "WindVane"
06-27 18:55:17.021 22905 23082 W SQLiteLog: (28) double-quoted string literal: "PackageCleanUp"
06-27 18:55:17.023 22905 23082 W SQLiteLog: (28) double-quoted string literal: "WindVane"
06-27 18:55:17.023 22905 23082 W SQLiteLog: (28) double-quoted string literal: "WebViewStart"
06-27 18:55:17.024 22905 23082 W SQLiteLog: (28) double-quoted string literal: "WindVane"
06-27 18:55:17.025 22905 23082 W SQLiteLog: (28) double-quoted string literal: "Config"
06-27 18:55:17.025  2535  2590 D HomeWallpaperRenderer: OFFSET  x: 0.99675924  y: 0.0
06-27 18:55:17.027 22905 23082 W SQLiteLog: (28) double-quoted string literal: "WindVane"
06-27 18:55:17.027 22905 23082 W SQLiteLog: (28) double-quoted string literal: "StatusCode"
06-27 18:55:17.028 22905 23082 W SQLiteLog: (28) double-quoted string literal: "WindVane"
06-27 18:55:17.028 22905 23082 W SQLiteLog: (28) double-quoted string literal: "PackageApp"
06-27 18:55:17.030 22905 23082 W SQLiteLog: (28) double-quoted string literal: "WindVane"
06-27 18:55:17.030 22905 23082 W SQLiteLog: (28) double-quoted string literal: "JSBridgeReturn"
06-27 18:55:17.031 22905 23082 W SQLiteLog: (28) double-quoted string literal: "WindVane"
06-27 18:55:17.031 22905 23082 W SQLiteLog: (28) double-quoted string literal: "WVInitTime"
06-27 18:55:17.032 22905 23082 W SQLiteLog: (28) double-quoted string literal: "ZCache"
06-27 18:55:17.032 22905 23082 W SQLiteLog: (28) double-quoted string literal: "DiurnalOverview"
06-27 18:55:17.033 22905 23082 W SQLiteLog: (28) double-quoted string literal: "ZCache"
06-27 18:55:17.033 22905 23082 W SQLiteLog: (28) double-quoted string literal: "ZCacheDownLoadTime"
06-27 18:55:17.035 22905 23082 W SQLiteLog: (28) double-quoted string literal: "WindVane"
06-27 18:55:17.035 22905 23082 W SQLiteLog: (28) double-quoted string literal: "WebViewWrapType"
06-27 18:55:17.036 22905 23082 W SQLiteLog: (28) double-quoted string literal: "WindVane"
06-27 18:55:17.036 22905 23082 W SQLiteLog: (28) double-quoted string literal: "CoreInitTime"
06-27 18:55:17.037 22905 23082 W SQLiteLog: (28) double-quoted string literal: "WindVane"
06-27 18:55:17.037 22905 23082 W SQLiteLog: (28) double-quoted string literal: "CoreTypeByPV"
06-27 18:55:17.039 22905 23082 W SQLiteLog: (28) double-quoted string literal: "WindVane"
06-27 18:55:17.039 22905 23082 W SQLiteLog: (28) double-quoted string literal: "MultiProcess"
06-27 18:55:17.041 22905 23082 W SQLiteLog: (28) double-quoted string literal: "WindVane"
06-27 18:55:17.041 22905 23082 W SQLiteLog: (28) double-quoted string literal: "ParamParseError"
06-27 18:55:17.041  2535  2590 D HomeWallpaperRenderer: OFFSET  x: 0.9976852  y: 0.0
06-27 18:55:17.043 22905 23082 W SQLiteLog: (28) double-quoted string literal: "WindVane"
06-27 18:55:17.043 22905 23082 W SQLiteLog: (28) double-quoted string literal: "H5"
06-27 18:55:17.045 22905 23082 W SQLiteLog: (28) double-quoted string literal: "WindVane"
06-27 18:55:17.045 22905 23082 W SQLiteLog: (28) double-quoted string literal: "H5_2"
06-27 18:55:17.046 22905 23082 W SQLiteLog: (28) double-quoted string literal: "WindVane"
06-27 18:55:17.047 22905 23082 W SQLiteLog: (28) double-quoted string literal: "H5_3"
06-27 18:55:17.048 22905 23082 W SQLiteLog: (28) double-quoted string literal: "WindVane"
06-27 18:55:17.048 22905 23082 W SQLiteLog: (28) double-quoted string literal: "H5_4"
06-27 18:55:17.049 22905 23082 W SQLiteLog: (28) double-quoted string literal: "WindVane"
06-27 18:55:17.049 22905 23082 W SQLiteLog: (28) double-quoted string literal: "H5_5"
06-27 18:55:17.050 22905 23082 W SQLiteLog: (28) double-quoted string literal: "ARanger"
06-27 18:55:17.050 22905 23082 W SQLiteLog: (28) double-quoted string literal: "ipcState"
06-27 18:55:17.052 22905 23082 W SQLiteLog: (28) double-quoted string literal: "APreferences"
06-27 18:55:17.052 22905 23082 W SQLiteLog: (28) double-quoted string literal: "ipcStat"
06-27 18:55:17.053 22905 23082 W SQLiteLog: (28) double-quoted string literal: "APreferences"
06-27 18:55:17.054 22905 23082 W SQLiteLog: (28) double-quoted string literal: "performance"
06-27 18:55:17.056 22905 23082 W SQLiteLog: (28) double-quoted string literal: "ZCache"
06-27 18:55:17.056 22905 23082 W SQLiteLog: (28) double-quoted string literal: "Storage"
06-27 18:55:17.058 22905 23082 W SQLiteLog: (28) double-quoted string literal: "im"
06-27 18:55:17.058 22905 23082 W SQLiteLog: (28) double-quoted string literal: "mtop_request_cost"
06-27 18:55:17.060  2535  2590 D HomeWallpaperRenderer: OFFSET  x: 0.99814814  y: 0.0
06-27 18:55:17.060 22905 23082 W SQLiteLog: (28) double-quoted string literal: "im"
06-27 18:55:17.060 22905 23082 W SQLiteLog: (28) double-quoted string literal: "sync_request"
06-27 18:55:17.062 22905 23082 W SQLiteLog: (28) double-quoted string literal: "im"
06-27 18:55:17.062 22905 23082 W SQLiteLog: (28) double-quoted string literal: "db_cost"
06-27 18:55:17.064 22905 23082 W SQLiteLog: (28) double-quoted string literal: "im"
06-27 18:55:17.064 22905 23082 W SQLiteLog: (28) double-quoted string literal: "send_message_cost"
06-27 18:55:17.065 22905 23082 W SQLiteLog: (28) double-quoted string literal: "im"
06-27 18:55:17.065 22905 23082 W SQLiteLog: (28) double-quoted string literal: "amp_db_curd"
06-27 18:55:17.066 22905 23082 W SQLiteLog: (28) double-quoted string literal: "im"
06-27 18:55:17.066 22905 23082 W SQLiteLog: (28) double-quoted string literal: "im_monitor_point_imsdk_init"
06-27 18:55:17.067 22905 23082 W SQLiteLog: (28) double-quoted string literal: "im"
06-27 18:55:17.068 22905 23082 W SQLiteLog: (28) double-quoted string literal: "im_monitor_point_message_ui_init"
06-27 18:55:17.069 22905 23082 W SQLiteLog: (28) double-quoted string literal: "im"
06-27 18:55:17.069 22905 23082 W SQLiteLog: (28) double-quoted string literal: "im_monitor_point_message_pull"
06-27 18:55:17.070 22905 23082 W SQLiteLog: (28) double-quoted string literal: "im"
06-27 18:55:17.070 22905 23082 W SQLiteLog: (28) double-quoted string literal: "im_monitor_point_conversation_ui_init"
06-27 18:55:17.071 22905 23082 W SQLiteLog: (28) double-quoted string literal: "im"
06-27 18:55:17.071 22905 23082 W SQLiteLog: (28) double-quoted string literal: "im_monitor_point_conversation_refresh"
06-27 18:55:17.072 22905 23082 W SQLiteLog: (28) double-quoted string literal: "im"
06-27 18:55:17.072 22905 23082 W SQLiteLog: (28) double-quoted string literal: "im_monitor_point_conversation_loadmore"
06-27 18:55:17.074 22905 23082 W SQLiteLog: (28) double-quoted string literal: "im"
06-27 18:55:17.074 22905 23082 W SQLiteLog: (28) double-quoted string literal: "chain_monitor_pointer_cost"
06-27 18:55:17.075 22905 23082 W SQLiteLog: (28) double-quoted string literal: "networkPrefer"
06-27 18:55:17.076 22905 23082 W SQLiteLog: (28) double-quoted string literal: "netDetect"
06-27 18:55:17.076  2535  2590 D HomeWallpaperRenderer: OFFSET  x: 0.9986111  y: 0.0
06-27 18:55:17.078 22905 23082 W SQLiteLog: (28) double-quoted string literal: "networkPrefer"
06-27 18:55:17.078 22905 23082 W SQLiteLog: (28) double-quoted string literal: "netDetectError"
06-27 18:55:17.079 22905 23082 W SQLiteLog: (28) double-quoted string literal: "networkPrefer"
06-27 18:55:17.080 22905 23082 W SQLiteLog: (28) double-quoted string literal: "NetworkError"
06-27 18:55:17.081 22905 23082 W SQLiteLog: (28) double-quoted string literal: "networkPrefer"
06-27 18:55:17.081 22905 23082 W SQLiteLog: (28) double-quoted string literal: "network"
06-27 18:55:17.083 22905 23082 W SQLiteLog: (28) double-quoted string literal: "mtopsdk"
06-27 18:55:17.083 22905 23082 W SQLiteLog: (28) double-quoted string literal: "mtopStats"
06-27 18:55:17.085 22905 23082 W SQLiteLog: (28) double-quoted string literal: "mtopsdk"
06-27 18:55:17.085 22905 23082 W SQLiteLog: (28) double-quoted string literal: "mtopExceptions"
06-27 18:55:17.087 22905 23082 W SQLiteLog: (28) double-quoted string literal: "mtopsdk"
06-27 18:55:17.087 22905 23082 W SQLiteLog: (28) double-quoted string literal: "baxiaAction"
06-27 18:55:17.088 22905 23082 W SQLiteLog: (28) double-quoted string literal: "ZCache"
06-27 18:55:17.088 22905 23082 W SQLiteLog: (28) double-quoted string literal: "ConfigUpdate"
06-27 18:55:17.090 22905 23082 W SQLiteLog: (28) double-quoted string literal: "networkAnalysis"
06-27 18:55:17.090 22905 23082 W SQLiteLog: (28) double-quoted string literal: "full_trace"
06-27 18:55:17.092 22905 23082 W SQLiteLog: (28) double-quoted string literal: "networkPrefer"
06-27 18:55:17.093  2535  2590 D HomeWallpaperRenderer: OFFSET  x: 0.9990741  y: 0.0
06-27 18:55:17.093 22905 23082 W SQLiteLog: (28) double-quoted string literal: "flow"
06-27 18:55:17.095 22905 23082 W SQLiteLog: (28) double-quoted string literal: "ZCache"
06-27 18:55:17.095 22905 23082 W SQLiteLog: (28) double-quoted string literal: "ModuleCacheInit"
06-27 18:55:17.096 22905 23082 W SQLiteLog: (28) double-quoted string literal: "networkPrefer"
06-27 18:55:17.096 22905 23082 W SQLiteLog: (28) double-quoted string literal: "ipv6_detect"
06-27 18:55:17.123 25950 25950 D ScreenView_Workspace: setCurrentScreenInner:2
06-27 18:55:17.123 25950 25950 D EventBus: No subscribers registered for event class com.miui.home.launcher.common.messages.CurrentScreenIdMessage
06-27 18:55:17.123 25950 25950 D EventBus: No subscribers registered for event class org.greenrobot.eventbus.NoSubscriberEvent
06-27 18:55:17.123 25950 25950 E BranchAllAppsIndicator: changedByBranch: callBack = null
06-27 18:55:17.123 25950 25950 D Launcher.UserPresentAnimation: checkMissingIcon
06-27 18:55:17.143  2535  2590 D HomeWallpaperRenderer: OFFSET  x: 1.0  y: 0.0
06-27 18:55:17.143  2535  3079 W OpenGLRenderer: Surface doesn't have any previously queued frames, nothing to readback from
06-27 18:55:17.175  2872  7896 I SarService: Receiver polling >>>> Change receiver mode: off
06-27 18:55:17.223 25950 26124 D StatusBarController: handleMessage: flag 800000  disable false
06-27 18:55:17.224 25950 25950 D Launcher_WallpaperUtils: changeStatusBarMode:false
06-27 18:55:17.376  2872  7896 I SarService: Receiver polling >>>> Change receiver mode: off
06-27 18:55:17.575  1627  2388 D MIUIInput: [MotionEvent] publisher action=0x4, 54283552, channel '83dff92 NavigationBar0 (server)'
06-27 18:55:17.575  1627  2388 D MIUIInput: [MotionEvent] publisher action=0x0, 54283552, channel '9b02302 com.miui.home/com.miui.home.launcher.Launcher (server)'
06-27 18:55:17.575  1627  2388 D MIUIInput: [MotionEvent] publisher action=0x0, 54283552, channel '8ba4243 com.miui.miwallpaper.wallpaperservice.MiuiKeyguardPictorialWallpaper (server)'
06-27 18:55:17.575  1627  2388 D MIUIInput: [MotionEvent] publisher action=0x0, 54283552, channel '8426ed4 com.miui.miwallpaper.wallpaperservice.ImageWallpaper (server)'
06-27 18:55:17.575 25950 25950 D EventBus: No subscribers registered for event class com.miui.home.launcher.common.messages.EndSpringAnimatorMessage
06-27 18:55:17.575 25950 25950 D EventBus: No subscribers registered for event class org.greenrobot.eventbus.NoSubscriberEvent
06-27 18:55:17.576 25950 25950 D FeedSwipeController: touchState : 0 scrolling : false normalEditing : false WidgetThumbnailViewShowing : false UninstallDialogShowing : false isMinusScreenShowing: false
06-27 18:55:17.576 25950 25950 D FeedSwipeController: can not use
06-27 18:55:17.576 25950 25950 D Launcher.StatusBarController: try intercept touch, isProxySurvive=true
06-27 18:55:17.576  2872  7896 I SarService: Receiver polling >>>> Change receiver mode: off
06-27 18:55:17.577 25950 25950 D Launcher.Workspace: Workspace touch down
06-27 18:55:17.577 25950 25950 D ScreenView_Workspace: onIntercept:0.0
06-27 18:55:17.577 25950 25950 D ScreenView_Workspace: not intercept
06-27 18:55:17.577 25950 25950 D Launcher.CellLayout: touch item:ShortcutInfo, id=786, itemType=0, user=UserHandle{0}, mIconType=0, pkgName=org.alexandreareias.edmundoapp, className=org.kivy.android.PythonActivity, screenId=3, container=-100, cellX=3, cellY=3, spanX=1, spanY=1
06-27 18:55:17.577 25950 25950 D Launcher.itemIcon: folmeDown
06-27 18:55:17.583 25950 26230 D Launcher.Boost: bindcore 200
06-27 18:55:17.642 25950 25950 D Launcher.Workspace: Workspace touch up or cancel
06-27 18:55:17.643 25950 25950 D ScreenView_Workspace: oninterceput up
06-27 18:55:17.643 25950 25950 E BranchAllAppsIndicator: changedByBranch: callBack = null
06-27 18:55:17.643 25950 25950 D Launcher.itemIcon: folmeUp
06-27 18:55:17.643  1627  2388 D MIUIInput: [MotionEvent] publisher action=0x1, 54283618, channel '9b02302 com.miui.home/com.miui.home.launcher.Launcher (server)'
06-27 18:55:17.643  1627  2388 D MIUIInput: [MotionEvent] publisher action=0x1, 54283618, channel '8ba4243 com.miui.miwallpaper.wallpaperservice.MiuiKeyguardPictorialWallpaper (server)'
06-27 18:55:17.643  1627  2388 D MIUIInput: [MotionEvent] publisher action=0x1, 54283618, channel '8426ed4 com.miui.miwallpaper.wallpaperservice.ImageWallpaper (server)'
06-27 18:55:17.646 25950 25950 D Launcher.AnalyticalDataCollector: inDesktop, screenIndex=2, row3, column=3
06-27 18:55:17.647 25950 25950 E QuickstepAppTransitionManagerImpl: getActivityLaunchOptions   iconLoc=Rect(839, 1100 - 1011, 1272)
06-27 18:55:17.652  1627  3156 I ActivityTaskManager: START u0 {act=android.intent.action.MAIN cat=[android.intent.category.LAUNCHER] flg=0x10200000 cmp=org.alexandreareias.edmundoapp/org.kivy.android.PythonActivity bnds=[839,1100][1011,1272] (has extras)} from uid 10092 from pid 25950 callingPackage com.miui.home
06-27 18:55:17.660  1053  3925 E ANDR-PERF-LM: ThreadHelper: thread_callback() 145: More than one pending updates!!! This should not happen. MeterMgr should avoid this case.
06-27 18:55:17.661  1627  3156 E ANDR-PERF-JNI: com_qualcomm_qtiperformance_native_perf_io_prefetch_start
06-27 18:55:17.663  1053  1109 E ANDR-PERF-LM: MetaMeter: handleAsync() 166: AdaptLaunch Invalid Async
06-27 18:55:17.663  1053  1109 E ANDR-PERF-LM: MetaMeter: handleAsync() 166: AdaptLaunch Invalid Async
06-27 18:55:17.665  1627  3156 W ActivityTaskManager: Can't find TaskDisplayArea to determine support for multi window. Task id=3379 attached=false
06-27 18:55:17.665  1627  3156 V ActivityTaskManager: onConfigurationChanged overrideWindowingMode = 0 prevWindowingMode = 0 isEnterFreeformMode = false isEnterFreeformMode = false isOutFreeformMode = false alreadySetFreeformBounds = false
06-27 18:55:17.670  1627  3156 D CompatibilityChangeReporter: Compat change id reported: 174042980; UID 10868; state: DISABLED
06-27 18:55:17.670  1627  3156 D CompatibilityChangeReporter: Compat change id reported: 184838306; UID 10868; state: DISABLED
06-27 18:55:17.670  1052  3918 E ANDR-IOP: io prefetch is disabled
06-27 18:55:17.671  1627  3156 D CompatibilityChangeReporter: Compat change id reported: 185004937; UID 10868; state: DISABLED
06-27 18:55:17.671  1627  3156 D CompatibilityChangeReporter: Compat change id reported: 181136395; UID 10868; state: DISABLED
06-27 18:55:17.672  1627  3156 D CompatibilityChangeReporter: Compat change id reported: 174042936; UID 10868; state: DISABLED
06-27 18:55:17.678  1627  3156 D CompatibilityChangeReporter: Compat change id reported: 168419799; UID 10868; state: DISABLED
06-27 18:55:17.678  1627  3156 D CompatibilityInfo: mCompatibilityFlags - 0
06-27 18:55:17.678  1627  3156 D CompatibilityInfo: applicationDensity - 440
06-27 18:55:17.678  1627  3156 D CompatibilityInfo: applicationScale - 1.0
06-27 18:55:17.680  1627  3156 D ActivityTrigger: ActivityTrigger activityPauseTrigger 
06-27 18:55:17.684  2919  3120 E ndroid.systemu: Invalid ID 0x00000000.
06-27 18:55:17.689 25950 13113 D TaskStackChangeListeners: onTaskDisplayChanged =  taskId = 3379 newDisplayId = 0
06-27 18:55:17.689  2919  2919 D OneHandedController: stopOneHanded state isTransitioning or STATE_NONE
06-27 18:55:17.690  2919  2919 D OneHandedController: stopOneHanded state isTransitioning or STATE_NONE
06-27 18:55:17.695 25950 25950 D Launcher.Lifecycle: onPause:UserHandle{0},ce92670,true
06-27 18:55:17.695 25950 25950 D Launcher_UnlockAnimationStateMachine: onPause = IDLE
06-27 18:55:17.695 25950 25950 D Launcher_UnlockAnimationStateMachine: setState:PAUSE_WAIT
06-27 18:55:17.698  2919  3121 D TaskSnapshot_Helper: SYS is normal.
06-27 18:55:17.698  1053  1109 W ANDR-PERF-LM: MetaMeter: handlePrimaryAsync() 118: AdaptLaunch MetaMeter. No MeterMgr Available to handle this Primary Async. !!!!
06-27 18:55:17.698  1053  1109 W ANDR-PERF-LM: MetaMeter: handlePrimaryAsync() 118: AdaptLaunch MetaMeter. No MeterMgr Available to handle this Primary Async. !!!!
06-27 18:55:17.702  1627  1817 D CompatibilityChangeReporter: Compat change id reported: 135634846; UID 10868; state: DISABLED
06-27 18:55:17.704  1627  1817 D CompatibilityChangeReporter: Compat change id reported: 177438394; UID 10868; state: DISABLED
06-27 18:55:17.704  1627  1817 D CompatibilityChangeReporter: Compat change id reported: 135772972; UID 10868; state: DISABLED
06-27 18:55:17.704  1627  1817 D CompatibilityChangeReporter: Compat change id reported: 135754954; UID 10868; state: ENABLED
06-27 18:55:17.705  1627  1906 D CompatibilityChangeReporter: Compat change id reported: 143937733; UID 10868; state: ENABLED
06-27 18:55:17.708  2919  2919 D OneHandedController: stopOneHanded state isTransitioning or STATE_NONE
06-27 18:55:17.716  1627  1661 D WindowManager: Input focus has changed to null display=0 updateInputWindows = true
06-27 18:55:17.716  1627  1661 I WindowManagerService: Physical orientation not applied, rotation=0
06-27 18:55:17.718  2535  2590 D HomeWallpaperRenderer: OFFSET  x: 1.0  y: 0.0
06-27 18:55:17.718  2535  3079 W OpenGLRenderer: Surface doesn't have any previously queued frames, nothing to readback from
06-27 18:55:17.723  1627  2409 I MiuiNetworkPolicy: updateUidState uid = 10868, uidState = 19
06-27 18:55:17.726 25950 25950 D Launcher.Lifecycle: onWindowFocusChanged:false,UserHandle{0},ce92670,true
06-27 18:55:17.726 25950 25950 D DecorView[]: onWindowFocusChanged hasWindowFocus false
06-27 18:55:17.727   884   884 D Zygote  : Forked child process 26616
06-27 18:55:17.727  2535  3079 W OpenGLRenderer: Surface doesn't have any previously queued frames, nothing to readback from
06-27 18:55:17.727  1627  1906 D Boost   : hostingType=pre-top-activity, hostingName={org.alexandreareias.edmundoapp/org.kivy.android.PythonActivity}, callerPackage=others, isSystem=true, isBoostNeeded=false.
06-27 18:55:17.728  1627  3156 D CompatibilityChangeReporter: Compat change id reported: 168419799; UID 10192; state: DISABLED
06-27 18:55:17.728  1627  3156 D CompatibilityInfo: mCompatibilityFlags - 0
06-27 18:55:17.728  1627  3156 D CompatibilityInfo: applicationDensity - 440
06-27 18:55:17.728  1627  3156 D CompatibilityInfo: applicationScale - 1.0
06-27 18:55:17.728  2535  2590 D HomeWallpaperRenderer: OFFSET  x: 1.0  y: 0.0
06-27 18:55:17.730  1627  2409 I MiuiNetworkPolicy: updateUidState uid = 99496, uidState = 3
