06-27 19:45:03.310 17348 17377 I python  : Android path ['.', '/data/user/0/org.alexandreareias.edmundoapp/files/app/_python_bundle/stdlib.zip', '/data/user/0/org.alexandreareias.edmundoapp/files/app/_python_bundle/modules', '/data/user/0/org.alexandreareias.edmundoapp/files/app/_python_bundle/site-packages']
06-27 19:45:03.310 17348 17377 I python  : os.environ is environ({'PATH': '/product/bin:/apex/com.android.runtime/bin:/apex/com.android.art/bin:/system_ext/bin:/system/bin:/system/xbin:/odm/bin:/vendor/bin:/vendor/xbin', 'ANDROID_BOOTLOGO': '1', 'ANDROID_ROOT': '/system', 'ANDROID_ASSETS': '/system/app', 'ANDROID_DATA': '/data', 'ANDROID_STORAGE': '/storage', 'ANDROID_ART_ROOT': '/apex/com.android.art', 'ANDROID_I18N_ROOT': '/apex/com.android.i18n', 'ANDROID_TZDATA_ROOT': '/apex/com.android.tzdata', 'EXTERNAL_STORAGE': '/sdcard', 'ASEC_MOUNTPOINT': '/mnt/asec', 'DOWNLOAD_CACHE': '/data/cache', 'BOOTCLASSPATH': '/apex/com.android.art/javalib/core-oj.jar:/apex/com.android.art/javalib/core-libart.jar:/apex/com.android.art/javalib/okhttp.jar:/apex/com.android.art/javalib/bouncycastle.jar:/apex/com.android.art/javalib/apache-xml.jar:/system/framework/framework.jar:/system/framework/framework-graphics.jar:/system/framework/ext.jar:/system/framework/telephony-common.jar:/system/framework/voip-common.jar:/system/framework/ims-common.jar:/apex/com.android.i18n/javalib/core-icu4j.jar:/system/framework/tcmiface.jar:/system/framework/telephony-ext.jar:/system/framework/qcom.fmradio.jar:/system/framework/QPerformance.jar:/system/framework/UxPerformance.jar:/system/framework/WfdCommon.jar:/system/framework/miui-framework.jar:/system/framework/miui-telephony-common.jar:/apex/com.android.appsearch/javalib/framework-appsearch.jar:/apex/com.android.conscrypt/javalib/conscrypt.jar:/apex/com.android.ipsec/javalib/android.net.ipsec.ike.jar:/apex/com.android.media/javalib/updatable-media.jar:/apex/com.android.mediaprovider/javalib/framework-mediaprovider.jar:/apex/com.android.mediaprovider/javalib/framework-pdf.jar:/apex/com.android.mediaprovider/javalib/framework-photopicker.jar:/apex/com.android.os.statsd/javalib/framework-statsd.jar:/apex/com.android.permission/javalib/framework-permission.jar:/apex/com.android.permission/javalib/framework-permission-s.jar:/apex/com.android.scheduling/javalib/framework-scheduling.jar:/apex/com.android.sdkext/javalib/framework-sdkextensions.jar:/apex/com.android.tethering/javalib/framework-connectivity.jar:/apex/com.android.tethering/javalib/framework-tethering.jar:/apex/com.android.wifi/javalib/framework-wifi.jar', 'DEX2OATBOOTCLASSPATH': '/apex/com.android.art/javalib/core-oj.jar:/apex/com.android.art/javalib/core-libart.jar:/apex/com.android.art/javalib/okhttp.jar:/apex/com.android.art/javalib/bouncycastle.jar:/apex/com.android.art/javalib/apache-xml.jar:/system/framework/framework.jar:/system/framework/framework-graphics.jar:/system/framework/ext.jar:/system/framework/telephony-common.jar:/system/framework/voip-common.jar:/system/framework/ims-common.jar:/apex/com.android.i18n/javalib/core-icu4j.jar:/system/framework/tcmiface.jar:/system/framework/telephony-ext.jar:/system/framework/qcom.fmradio.jar:/system/framework/QPerformance.jar:/system/framework/UxPerformance.jar:/system/framework/WfdCommon.jar:/system/framework/miui-framework.jar:/system/framework/miui-telephony-common.jar', 'SYSTEMSERVERCLASSPATH': '/system/framework/com.android.location.provider.jar:/system/framework/services.jar:/system/framework/ethernet-service.jar:/system/framework/miui.services.jar:/system/framework/miui-services.jar:/system/framework/miui.car.server.jar:/apex/com.android.appsearch/javalib/service-appsearch.jar:/apex/com.android.art/javalib/service-art.jar:/apex/com.android.media/javalib/service-media-s.jar:/apex/com.android.permission/javalib/service-permission.jar', 'STANDALONE_SYSTEMSERVER_JARS': '/apex/com.android.os.statsd/javalib/service-statsd.jar:/apex/com.android.scheduling/javalib/service-scheduling.jar:/apex/com.android.tethering/javalib/service-connectivity.jar', 'ANDROID_SOCKET_zygote': '18', 'ANDROID_SOCKET_usap_pool_primary': '22', 'ANDROID_ENTRYPOINT': 'main.pyc', 'ANDROID_ARGUMENT': '/data/user/0/org.alexandreareias.edmundoapp/files/app', 'ANDROID_APP_PATH': '/data/user/0/org.alexandreareias.edmundoapp/files/app', 'ANDROID_PRIVATE': '/data/user/0/org.alexandreareias.edmundoapp/files', 'ANDROID_UNPACK': '/data/us
06-27 19:45:03.310  1627  5982 W ActivityTaskManager: Request to remove task ignored for non-existent task 3387
06-27 19:45:03.312 17348 17377 I python  : Android kivy bootstrap done. __name__ is __main__
06-27 19:45:03.312 17348 17377 I python  : AND: Ran string
06-27 19:45:03.312 17348 17377 I python  : Run user program, change dir and execute entrypoint
06-27 19:45:03.313 25875 25875 I GoogleInputMethodService: GoogleInputMethodService.onFinishInput():1984 
06-27 19:45:03.314 25875 25875 I Module  : DeviceLockedStatusModuleProvider$Module.updateDeviceLockedStatus():100 repeatCheckTimes = 0, locked = false
06-27 19:45:03.315 25875 25875 I GoogleInputMethodService: GoogleInputMethodService.onStartInput():1248 onStartInput(EditorInfo{EditorInfo{packageName=org.alexandreareias.edmundoapp, inputType=0, inputTypeString=NULL, enableLearning=false, autoCorrection=false, autoComplete=false, imeOptions=0, privateImeOptions=null, actionName=UNSPECIFIED, actionLabel=null, initialSelStart=-1, initialSelEnd=-1, initialCapsMode=0, label=null, fieldId=-1, fieldName=null, extras=null, hintText=null, hintLocales=[]}}, false)
06-27 19:45:03.316 25875 25875 I Module  : DeviceLockedStatusModuleProvider$Module.updateDeviceLockedStatus():100 repeatCheckTimes = 1, locked = false
06-27 19:45:03.385  2872  7896 I SarService: Receiver polling >>>> Change receiver mode: off
06-27 19:45:03.461  1627  1817 D TaskSnapshot_Helper: SYS is normal.
06-27 19:45:03.461  1627  1817 W TaskSnapshot_CInjector: couldPersist()... false.
06-27 19:45:03.524  1053  3932 E ANDR-PERF-LM: VmRssMeter:: start() 447: Could not find pid, can not collect vmrss data
06-27 19:45:03.524  1053  3932 E ANDR-PERF-LM: AdaptiveLaunch: writeToDataBase() 64: Meter aborted or could not get meter data for this run
06-27 19:45:03.527  1053  3931 E ANDR-PERF-LM: VmRssMeter:: start() 447: Could not find pid, can not collect vmrss data
06-27 19:45:03.534 17348 17377 I python  : [INFO   ] [Logger      ] Record log in /data/user/0/org.alexandreareias.edmundoapp/files/app/.kivy/logs/kivy_25-06-27_1.txt
06-27 19:45:03.534 17348 17377 I python  : [INFO   ] [Kivy        ] v2.3.1
06-27 19:45:03.535 17348 17377 I python  : [INFO   ] [Kivy        ] Installed at "/data/user/0/org.alexandreareias.edmundoapp/files/app/_python_bundle/site-packages/kivy/__init__.pyc"
06-27 19:45:03.535 17348 17377 I python  : [INFO   ] [Python      ] v3.11.5 (main, Jun 27 2025, 22:10:37) [Clang 14.0.6 (https://android.googlesource.com/toolchain/llvm-project 4c603efb0
06-27 19:45:03.535 17348 17377 I python  : [INFO   ] [Python      ] Interpreter at ""
06-27 19:45:03.536 17348 17377 I python  : [INFO   ] [Logger      ] Purge log fired. Processing...
06-27 19:45:03.536 17348 17377 I python  : [INFO   ] [Logger      ] Purge finished!
06-27 19:45:03.575 17259 17278 I agai    : (REDACTED) Assistant special experience changed to %s.
06-27 19:45:03.585  2872  7896 I SarService: Receiver polling >>>> Change receiver mode: off
06-27 19:45:03.785  2872  7896 I SarService: Receiver polling >>>> Change receiver mode: off
06-27 19:45:03.986  2872  7896 I SarService: Receiver polling >>>> Change receiver mode: off
06-27 19:45:04.080 17348 17348 W SDLThread: type=1400 audit(0.0:103721): avc: granted { execute } for path="/data/data/org.alexandreareias.edmundoapp/files/app/_python_bundle/modules/_socket.cpython-311.so" dev="sda18" ino=2792086 scontext=u:r:untrusted_app:s0:c101,c259,c512,c768 tcontext=u:object_r:app_data_file:s0:c101,c259,c512,c768 tclass=file app=org.alexandreareias.edmundoapp
06-27 19:45:04.080 17348 17348 W SDLThread: type=1400 audit(0.0:103722): avc: granted { execute } for path="/data/data/org.alexandreareias.edmundoapp/files/app/_python_bundle/modules/array.cpython-311.so" dev="sda18" ino=2560772 scontext=u:r:untrusted_app:s0:c101,c259,c512,c768 tcontext=u:object_r:app_data_file:s0:c101,c259,c512,c768 tclass=file app=org.alexandreareias.edmundoapp
06-27 19:45:04.090 17348 17348 W SDLThread: type=1400 audit(0.0:103723): avc: granted { execute } for path="/data/data/org.alexandreareias.edmundoapp/files/app/_python_bundle/modules/_ssl.cpython-311.so" dev="sda18" ino=2654047 scontext=u:r:untrusted_app:s0:c101,c259,c512,c768 tcontext=u:object_r:app_data_file:s0:c101,c259,c512,c768 tclass=file app=org.alexandreareias.edmundoapp
06-27 19:45:04.100 17348 17348 W SDLThread: type=1400 audit(0.0:103724): avc: granted { execute } for path="/data/data/org.alexandreareias.edmundoapp/files/app/_python_bundle/modules/binascii.cpython-311.so" dev="sda18" ino=2501055 scontext=u:r:untrusted_app:s0:c101,c259,c512,c768 tcontext=u:object_r:app_data_file:s0:c101,c259,c512,c768 tclass=file app=org.alexandreareias.edmundoapp
06-27 19:45:04.110 17348 17348 W SDLThread: type=1400 audit(0.0:103725): avc: granted { execute } for path="/data/data/org.alexandreareias.edmundoapp/files/app/_python_bundle/modules/_contextvars.cpython-311.so" dev="sda18" ino=2907370 scontext=u:r:untrusted_app:s0:c101,c259,c512,c768 tcontext=u:object_r:app_data_file:s0:c101,c259,c512,c768 tclass=file app=org.alexandreareias.edmundoapp
06-27 19:45:04.167 17348 17377 I python  : [INFO   ] [Factory     ] 195 symbols loaded
06-27 19:45:04.186  2872  7896 I SarService: Receiver polling >>>> Change receiver mode: off
06-27 19:45:04.360 17348 17377 I python  :  Traceback (most recent call last):
06-27 19:45:04.360 17348 17377 I python  :    File "/home/runner/work/livro-ocorrencias-app/livro-ocorrencias-app/.buildozer/android/app/main.py", line 2, in <module>
06-27 19:45:04.360 17348 17377 I python  :    File "/home/runner/work/livro-ocorrencias-app/livro-ocorrencias-app/.buildozer/android/platform/build-arm64-v8a_armeabi-v7a/build/python-installs/edmundoapp/arm64-v8a/kivy/app.py", line 425, in <module>
06-27 19:45:04.360 17348 17377 I python  :    File "/home/runner/work/livro-ocorrencias-app/livro-ocorrencias-app/.buildozer/android/platform/build-arm64-v8a_armeabi-v7a/build/python-installs/edmundoapp/arm64-v8a/kivy/uix/widget.py", line 249, in <module>
06-27 19:45:04.361 17348 17377 I python  :    File "/home/runner/work/livro-ocorrencias-app/livro-ocorrencias-app/.buildozer/android/platform/build-arm64-v8a_armeabi-v7a/build/python-installs/edmundoapp/arm64-v8a/kivy/graphics/__init__.py", line 89, in <module>
06-27 19:45:04.361 17348 17377 I python  :    File "kivy/graphics/instructions.pyx", line 1, in init kivy.graphics.instructions
06-27 19:45:04.361 17348 17377 I python  :    File "kivy/graphics/vbo.pyx", line 1, in init kivy.graphics.vbo
06-27 19:45:04.361 17348 17377 I python  :    File "kivy/graphics/compiler.pyx", line 1, in init kivy.graphics.compiler
06-27 19:45:04.361 17348 17377 I python  :    File "kivy/graphics/shader.pyx", line 1, in init kivy.graphics.shader
06-27 19:45:04.362 17348 17377 I python  :    File "kivy/graphics/texture.pyx", line 1, in init kivy.graphics.texture
06-27 19:45:04.362 17348 17377 I python  :    File "kivy/graphics/context_instructions.pyx", line 30, in init kivy.graphics.context_instructions
06-27 19:45:04.362 17348 17377 I python  :    File "/home/runner/work/livro-ocorrencias-app/livro-ocorrencias-app/.buildozer/android/platform/build-arm64-v8a_armeabi-v7a/build/python-installs/edmundoapp/arm64-v8a/kivy/core/image/__init__.py", line 65, in <module>
06-27 19:45:04.362 17348 17377 I python  :  ModuleNotFoundError: No module named 'filetype'
06-27 19:45:04.362 17348 17377 I python  : Python for android ended.
06-27 19:45:04.386  2872  7896 I SarService: Receiver polling >>>> Change receiver mode: off
06-27 19:45:04.492 17348 17377 I BpBinder: onLastStrongRef automatically unlinking death recipients: <uncached descriptor>
06-27 19:45:04.508  4870  4870 I adbd    : Remote process closed the socket (on MSG_PEEK)
06-27 19:45:04.526  1627  5982 I WindowManager: WIN DEATH: Window{ef0ad60 u0 org.alexandreareias.edmundoapp/org.kivy.android.PythonActivity}
06-27 19:45:04.526  1627  5982 W InputManager-JNI: Input channel object 'ef0ad60 org.alexandreareias.edmundoapp/org.kivy.android.PythonActivity (client)' was disposed without first being removed with the input manager!
06-27 19:45:04.529  1627  5982 D WindowManager: Input focus has changed to null display=0 updateInputWindows = true
06-27 19:45:04.530  1627  5922 I ActivityManager: Process org.alexandreareias.edmundoapp (pid 17348) has died: fg  TOP 
06-27 19:45:04.530  1036  1036 I sensors-hal: batch:242, android.sensor.accelerometer/11, period=10000000, max_latency=5000000000
06-27 19:45:04.530  1036  1036 I sensors-hal: set_config:63, sample_period_ns is adjusted to 10000000 based on min/max delay_ns
06-27 19:45:04.531  1036  1036 I sensors-hal: batch:251, android.sensor.accelerometer/11, period=10000000, max_latency=5000000000 request completed
06-27 19:45:04.531  1627  1920 I libprocessgroup: Successfully killed process cgroup uid 10869 pid 17348 in 0ms
06-27 19:45:04.533  1627  5922 D ActivityManagerServiceImpl: Service controller is not enabled.
06-27 19:45:04.533  1627  5922 D ProcessRecordInjector: Finishing reporting clean up app record.
06-27 19:45:04.534  1627  5922 W ActivityTaskManager: Force removing ActivityRecord{d73503d u0 org.alexandreareias.edmundoapp/org.kivy.android.PythonActivity t3388}: app died, no saved state
06-27 19:45:04.535 16989 17329 I .xiaomi.mipick: oneway function results for code 3 on binder at 0xb4000071fb8f1ba0 will be dropped but finished with status UNKNOWN_TRANSACTION
06-27 19:45:04.535 25530 27040 I com.xiaomi.xms: oneway function results for code 3 on binder at 0xb40000725dfd6d00 will be dropped but finished with status UNKNOWN_TRANSACTION
06-27 19:45:04.536  1627  2409 I MiuiNetworkPolicy: removeUidState uid = 10869
06-27 19:45:04.537  1036 10934 I sensors-hal: ssc_conn_resp_cb:663, resp_value = 0
06-27 19:45:04.538   884   884 I Zygote  : Process 17348 exited cleanly (255)
06-27 19:45:04.543  1627  5922 W ActivityTaskManager: Can't find TaskDisplayArea to determine support for multi window. Task id=3388 attached=false
06-27 19:45:04.543  1627  5922 W ActivityTaskManager: Can't find TaskDisplayArea to determine support for multi window. Task id=3388 attached=false
06-27 19:45:04.544  1131  1131 E BpTransactionCompletedListener: Failed to transact (-32)
06-27 19:45:04.546 25950 25964 D AppObserver: ForegroundInfo{mForegroundPackageName='com.miui.home', mForegroundUid=10092, mForegroundPid=25950, mLastForegroundPackageName='org.alexandreareias.edmundoapp', mLastForegroundUid=10869, mLastForegroundPid=17348, mMultiWindowForegroundPackageName='com.miui.home', mMultiWindowForegroundUid=10092, mFlags=0}
06-27 19:45:04.546  8270  8303 I GST     : forePkg: com.miui.home, preForePkg: org.alexandreareias.edmundoapp
06-27 19:45:04.546 25792 31695 I ProcessMonitor: onForegroundInfoChanged: ForegroundInfo{mForegroundPackageName='com.miui.home', mForegroundUid=10092, mForegroundPid=25950, mLastForegroundPackageName='org.alexandreareias.edmundoapp', mLastForegroundUid=10869, mLastForegroundPid=17348, mMultiWindowForegroundPackageName='com.miui.home', mMultiWindowForegroundUid=10092, mFlags=0}
06-27 19:45:04.546 26331 26342 I ProcessMonitor: onForegroundInfoChanged: ForegroundInfo{mForegroundPackageName='com.miui.home', mForegroundUid=10092, mForegroundPid=25950, mLastForegroundPackageName='org.alexandreareias.edmundoapp', mLastForegroundUid=10869, mLastForegroundPid=17348, mMultiWindowForegroundPackageName='com.miui.home', mMultiWindowForegroundUid=10092, mFlags=0}
06-27 19:45:04.546  8221  9648 D PerfEngineController: ForegroundInfo{mForegroundPackageName='com.miui.home', mForegroundUid=10092, mForegroundPid=25950, mLastForegroundPackageName='org.alexandreareias.edmundoapp', mLastForegroundUid=10869, mLastForegroundPid=17348, mMultiWindowForegroundPackageName='com.miui.home', mMultiWindowForegroundUid=10092, mFlags=0}
06-27 19:45:04.548  8221  8569 D LS-ForegroundStatusManager: handleMessage ForegroundInfoChanged. pkg = com.miui.home, uid = 10092, mCurrentForegroundUid = 10869
06-27 19:45:04.548 26331 26342 I GameBoosterService: onForegroundInfoChanged: Cur=com.miui.home	 last=org.alexandreareias.edmundoapp
06-27 19:45:04.548  8221  8589 D ThermalIECHandler: IECAll48Allowed: false; IECMonitorAllowed: false; IECTestState: false
06-27 19:45:04.548  8221  8419 I ThermalInfoCollector: collectForgroundAppsInfo: org.alexandreareias.edmundoapp
06-27 19:45:04.548 26331 26342 D GameBoosterService: onGameStatusChange foreground:ForegroundInfo{mForegroundPackageName='com.miui.home', mForegroundUid=10092, mForegroundPid=25950, mLastForegroundPackageName='org.alexandreareias.edmundoapp', mLastForegroundUid=10869, mLastForegroundPid=17348, mMultiWindowForegroundPackageName='com.miui.home', mMultiWindowForegroundUid=10092, mFlags=0}
06-27 19:45:04.548  8221  8569 D LS-ForegroundStatusManager: onForegroundChanged mCurrentForegroundUid = 10869, new uid = 10092
06-27 19:45:04.549  1627  5969 I WindowManagerService: Physical orientation not applied, rotation=0
06-27 19:45:04.550 25950 25950 D Launcher.Lifecycle: onStart:UserHandle{0},ce92670,false
06-27 19:45:04.550  1627  1815 D Aurogon :  uid = 10092 switch to FG
06-27 19:45:04.550 25530 27040 D PMonitor:  onForegroundActivitiesChanged:pid = 25950,activity-uid=10092,foregroundActivities=true
06-27 19:45:04.550 26331 26342 I VideoBoxUtils: isSupportVideoBox: false
06-27 19:45:04.550 26331 26342 I VideoToolBoxService: vtb is closed!!!
06-27 19:45:04.552  1627  1817 W ActivityManager: setHasOverlayUi called on unknown pid: 17348
06-27 19:45:04.553  1627  2409 I MiuiNetworkPolicy: updateUidState uid = 99496, uidState = 3
06-27 19:45:04.553  1627  2409 I MiuiNetworkPolicy: updateUidState uid = 10192, uidState = 3
06-27 19:45:04.553  1627  2409 I MiuiNetworkPolicy: updateUidState uid = 10111, uidState = 3
06-27 19:45:04.553  1627  2409 I MiuiNetworkPolicy: updateUidState uid = 10092, uidState = 2
06-27 19:45:04.556  7820  8204 I BtGatt.ScanManager: msg.what = 6
06-27 19:45:04.556  2919  2919 D NotifBadge: recevie broadbcast ACTION_APPLICATION_MESSAGE_QUERY, requestFirstTime=false
06-27 19:45:04.560 26283 26283 I cpwx    : onStart
06-27 19:45:04.561 25950 25950 D Launcher.Lifecycle: onResume:UserHandle{0},ce92670,false
06-27 19:45:04.561 25950 25950 W Settings: Setting device_provisioned has moved from android.provider.Settings.Secure to android.provider.Settings.Global.
06-27 19:45:04.561 25950 26229 D MiBridge: requestCpuHighFreq---- uid: 10092 level: 1 timeoutms:500
06-27 19:45:04.561  1389  1401 W MiuiBooster: "MiuiBoosterService requestCpuHighFreq: 10092, 1, 500"
06-27 19:45:04.561  1389  1401 W MiuiBooster: "requestCpuHighFreq,final level:1,final timeoutms:500"
06-27 19:45:04.561  1389  1401 W MiuiBooster: "perf_hint_hc start"
06-27 19:45:04.561  1389  1401 W MiuiBooster: "big_core_value[level-1]:4095"
06-27 19:45:04.561  1389  1401 W MiuiBooster: "little_core_value[level-1]:4095"
06-27 19:45:04.562  1389  1401 W MiuiBooster: "perf_handle:14494"
06-27 19:45:04.562 25950 26229 D MiBridge: requestCpuHighFreq handle: 1
06-27 19:45:04.562 25950 26229 D Launcher_CPUBooster: boostCpuToMax:0
06-27 19:45:04.564 25950 25950 D Launcher.FullbackHome: FallbackHomeCompat::needKillSelf::needKillSelf = false
06-27 19:45:04.564 25950 25950 D Launcher_UnlockAnimationStateMachine: onResume = IDLE
06-27 19:45:04.565 25950 25950 I Launcher: changeMIUIWidgetEditMode false
06-27 19:45:04.565 26283 26283 I cpwx    : onResume
06-27 19:45:04.565  1627  2409 I MiuiNetworkPolicy: updateUidState uid = 10188, uidState = 3
06-27 19:45:04.572  1627  5962 D WindowManager: Input focus has changed to Window{9b02302 u0 com.miui.home/com.miui.home.launcher.Launcher} display=0 updateInputWindows = true
06-27 19:45:04.572  1627  5962 I WindowManagerService: Physical orientation not applied, rotation=0
06-27 19:45:04.578 25950 25950 D DragContainerLayout: dispatch draw with clip rect: null
06-27 19:45:04.584 25950 25950 D RecentsImpl: mActivityStateObserver com.miui.home.launcher.Launcher
06-27 19:45:04.584  1627  3150 D WindowManager: finishDrawingLocked: mDrawState=COMMIT_DRAW_PENDING Window{9b02302 u0 com.miui.home/com.miui.home.launcher.Launcher} in Surface(name=com.miui.home/com.miui.home.launcher.Launcher)/@0xa2a2cee
06-27 19:45:04.584 25950 25950 W RecentsImpl: onResumed className=com.miui.home.launcher.Launcher   mIsInAnotherPro=false   isKeyguardLocked=false
06-27 19:45:04.585  2535  3079 W OpenGLRenderer: Surface doesn't have any previously queued frames, nothing to readback from
06-27 19:45:04.585  2535  3079 W OpenGLRenderer: Surface doesn't have any previously queued frames, nothing to readback from
06-27 19:45:04.585  2535  3404 D KeyguardWallpaperRenderer: OFFSET  x: 0.0  y: 0.0
06-27 19:45:04.585 25950 26124 D StatusBarController: handleMessage: flag 1000000  disable false
06-27 19:45:04.586  2872  7896 I SarService: Receiver polling >>>> Change receiver mode: off
06-27 19:45:04.592  8221  8589 D ThermalIECHandler: storeDataStyle: thermal_iec_monitor_persistence_data_style_iec_state; startIECTime: -1; IECScreenOffOverPeriodTime: 94674207
06-27 19:45:04.592  8221  8589 D ThermalIECHandler: storeDataStyle: thermal_iec_monitor_persistence_data_style_iec_state; startIECTime: -1; IECScreenOffOverPeriodTime: 94674207
06-27 19:45:04.592  1627  2248 I WindowManagerService: Physical orientation not applied, rotation=0
06-27 19:45:04.596 25950 25950 D Launcher.Lifecycle: onWindowFocusChanged:true,UserHandle{0},ce92670,false
06-27 19:45:04.596 25950 25950 D Launcher_UnlockAnimationStateMachine: onWindowFocus:IDLE
06-27 19:45:04.596 25950 25950 D Launcher_UnlockAnimationStateMachine: showAnimation = IDLE
06-27 19:45:04.596 25950 25950 D DecorView[]: onWindowFocusChanged hasWindowFocus true
06-27 19:45:04.599  2535  3079 W OpenGLRenderer: Surface doesn't have any previously queued frames, nothing to readback from
06-27 19:45:04.599  2535  2590 D HomeWallpaperRenderer: OFFSET  x: 1.0  y: 0.0
06-27 19:45:04.599  2535  3079 W OpenGLRenderer: Surface doesn't have any previously queued frames, nothing to readback from
06-27 19:45:04.601  1627  3150 I WindowManagerService: Physical orientation not applied, rotation=0
06-27 19:45:04.603 25875 25875 I GoogleInputMethodService: GoogleInputMethodService.onFinishInput():1984 
06-27 19:45:04.603 25875 25875 I Module  : DeviceLockedStatusModuleProvider$Module.updateDeviceLockedStatus():100 repeatCheckTimes = 0, locked = false
06-27 19:45:04.603  2535  3079 W OpenGLRenderer: Surface doesn't have any previously queued frames, nothing to readback from
06-27 19:45:04.603 25875 25875 I GoogleInputMethodService: GoogleInputMethodService.onStartInput():1248 onStartInput(EditorInfo{EditorInfo{packageName=com.miui.home, inputType=0, inputTypeString=NULL, enableLearning=false, autoCorrection=false, autoComplete=false, imeOptions=0, privateImeOptions=null, actionName=UNSPECIFIED, actionLabel=null, initialSelStart=-1, initialSelEnd=-1, initialCapsMode=0, label=null, fieldId=2131362042, fieldName=null, extras=null, hintText=null, hintLocales=[]}}, false)
06-27 19:45:04.604 25875 25875 I Module  : DeviceLockedStatusModuleProvider$Module.updateDeviceLockedStatus():100 repeatCheckTimes = 1, locked = false
06-27 19:45:04.665 25950 26124 D StatusBarController: handleMessage: flag 800000  disable false
06-27 19:45:04.665 25950 25950 D Launcher_WallpaperUtils: changeStatusBarMode:false
06-27 19:45:04.666  1053  3919 E ANDR-PERF-LM: StatsProvider: stats_nl_error_callback() 115: NL SOC receive error: No such process
06-27 19:45:04.666  1053  3919 E ANDR-PERF-LM: StatsProvider: sendRecvData() 272: nl_recvmsgs failed return=-12
06-27 19:45:04.666  1053  3919 E ANDR-PERF-LM: StatsProvider: getPIDStats() 124: sendRecvData returned error = -4
06-27 19:45:04.750 25950 25950 E RotationHelper: setCurrentTransitionRequest: request=0
06-27 19:45:04.781  2535  2590 D HomeWallpaperRenderer: OFFSET  x: 1.0  y: 0.0
06-27 19:45:04.781  2535  3079 W OpenGLRenderer: Surface doesn't have any previously queued frames, nothing to readback from
06-27 19:45:04.786  2872  7896 I SarService: Receiver polling >>>> Change receiver mode: off
06-27 19:45:04.797  2535  3079 W OpenGLRenderer: Surface doesn't have any previously queued frames, nothing to readback from
06-27 19:45:04.798  2535  2590 D HomeWallpaperRenderer: OFFSET  x: 1.0  y: 0.0
06-27 19:45:04.813  2535  2590 D HomeWallpaperRenderer: OFFSET  x: 1.0  y: 0.0
06-27 19:45:04.813  2535  3079 W OpenGLRenderer: Surface doesn't have any previously queued frames, nothing to readback from
06-27 19:45:04.830  2535  2590 D HomeWallpaperRenderer: OFFSET  x: 1.0  y: 0.0
06-27 19:45:04.830  2535  3079 W OpenGLRenderer: Surface doesn't have any previously queued frames, nothing to readback from
06-27 19:45:04.845  2535  2590 D HomeWallpaperRenderer: OFFSET  x: 1.0  y: 0.0
06-27 19:45:04.846  2535  3079 W OpenGLRenderer: Surface doesn't have any previously queued frames, nothing to readback from
06-27 19:45:04.862  2535  2590 D HomeWallpaperRenderer: OFFSET  x: 1.0  y: 0.0
06-27 19:45:04.863  2535  3079 W OpenGLRenderer: Surface doesn't have any previously queued frames, nothing to readback from
06-27 19:45:04.879  2535  2590 D HomeWallpaperRenderer: OFFSET  x: 1.0  y: 0.0
06-27 19:45:04.880  2535  3079 W OpenGLRenderer: Surface doesn't have any previously queued frames, nothing to readback from
06-27 19:45:04.897  2535  2590 D HomeWallpaperRenderer: OFFSET  x: 1.0  y: 0.0
06-27 19:45:04.897  2535  3079 W OpenGLRenderer: Surface doesn't have any previously queued frames, nothing to readback from
06-27 19:45:04.914  2535  3079 W OpenGLRenderer: Surface doesn't have any previously queued frames, nothing to readback from
06-27 19:45:04.914  2535  2590 D HomeWallpaperRenderer: OFFSET  x: 1.0  y: 0.0
06-27 19:45:04.930  2535  2590 D HomeWallpaperRenderer: OFFSET  x: 1.0  y: 0.0
06-27 19:45:04.930  2535  3079 W OpenGLRenderer: Surface doesn't have any previously queued frames, nothing to readback from
06-27 19:45:04.947  2535  2590 D HomeWallpaperRenderer: OFFSET  x: 1.0  y: 0.0
06-27 19:45:04.947  2535  3079 W OpenGLRenderer: Surface doesn't have any previously queued frames, nothing to readback from
06-27 19:45:04.963  2535  2590 D HomeWallpaperRenderer: OFFSET  x: 1.0  y: 0.0
06-27 19:45:04.963  2535  3079 W OpenGLRenderer: Surface doesn't have any previously queued frames, nothing to readback from
06-27 19:45:04.966  1053  3919 E ANDR-PERF-LM: StatsProvider: stats_nl_error_callback() 115: NL SOC receive error: No such process
06-27 19:45:04.966  1053  3919 E ANDR-PERF-LM: StatsProvider: sendRecvData() 272: nl_recvmsgs failed return=-12
06-27 19:45:04.966  1053  3919 E ANDR-PERF-LM: StatsProvider: getPIDStats() 124: sendRecvData returned error = -4
06-27 19:45:04.980  2535  2590 D HomeWallpaperRenderer: OFFSET  x: 1.0  y: 0.0
06-27 19:45:04.981  2535  3079 W OpenGLRenderer: Surface doesn't have any previously queued frames, nothing to readback from
06-27 19:45:04.987  2872  7896 I SarService: Receiver polling >>>> Change receiver mode: off
06-27 19:45:04.997  2535  2590 D HomeWallpaperRenderer: OFFSET  x: 1.0  y: 0.0
06-27 19:45:04.997  2535  3079 W OpenGLRenderer: Surface doesn't have any previously queued frames, nothing to readback from
06-27 19:45:05.013  2535  2590 D HomeWallpaperRenderer: OFFSET  x: 1.0  y: 0.0
06-27 19:45:05.013  2535  3079 W OpenGLRenderer: Surface doesn't have any previously queued frames, nothing to readback from
06-27 19:45:05.030  2535  2590 D HomeWallpaperRenderer: OFFSET  x: 1.0  y: 0.0
06-27 19:45:05.031  2535  3079 W OpenGLRenderer: Surface doesn't have any previously queued frames, nothing to readback from
06-27 19:45:05.047  2535  2590 D HomeWallpaperRenderer: OFFSET  x: 1.0  y: 0.0
06-27 19:45:05.047  2535  3079 W OpenGLRenderer: Surface doesn't have any previously queued frames, nothing to readback from
06-27 19:45:05.064  2535  2590 D HomeWallpaperRenderer: OFFSET  x: 1.0  y: 0.0
06-27 19:45:05.064  2535  3079 W OpenGLRenderer: Surface doesn't have any previously queued frames, nothing to readback from
06-27 19:45:05.081  2535  2590 D HomeWallpaperRenderer: OFFSET  x: 1.0  y: 0.0
06-27 19:45:05.081  2535  3079 W OpenGLRenderer: Surface doesn't have any previously queued frames, nothing to readback from
06-27 19:45:05.098  2535  2590 D HomeWallpaperRenderer: OFFSET  x: 1.0  y: 0.0
06-27 19:45:05.099  2535  3079 W OpenGLRenderer: Surface doesn't have any previously queued frames, nothing to readback from
06-27 19:45:05.113  2535  2590 D HomeWallpaperRenderer: OFFSET  x: 1.0  y: 0.0
06-27 19:45:05.113  2535  3079 W OpenGLRenderer: Surface doesn't have any previously queued frames, nothing to readback from
06-27 19:45:05.131  2535  2590 D HomeWallpaperRenderer: OFFSET  x: 1.0  y: 0.0
06-27 19:45:05.131  2535  3079 W OpenGLRenderer: Surface doesn't have any previously queued frames, nothing to readback from
06-27 19:45:05.148  2535  2590 D HomeWallpaperRenderer: OFFSET  x: 1.0  y: 0.0
06-27 19:45:05.148  2535  3079 W OpenGLRenderer: Surface doesn't have any previously queued frames, nothing to readback from
06-27 19:45:05.150  1053  1053 W /vendor/bin/hw/vendor.qti.hardware.perf@2.2-service: type=1400 audit(0.0:103772): avc: denied { search } for comm=41646170744C61756E636820566D name="1817" dev="proc" ino=4505513 scontext=u:r:vendor_hal_perf_default:s0 tcontext=u:r:system_server:s0 tclass=dir permissive=0
06-27 19:45:05.150  1053  1053 W /vendor/bin/hw/vendor.qti.hardware.perf@2.2-service: type=1400 audit(0.0:103773): avc: denied { search } for comm=41646170744C61756E636820566D name="1818" dev="proc" ino=4499875 scontext=u:r:vendor_hal_perf_default:s0 tcontext=u:r:system_server:s0 tclass=dir permissive=0
06-27 19:45:05.150  1053  1053 W /vendor/bin/hw/vendor.qti.hardware.perf@2.2-service: type=1400 audit(0.0:103774): avc: denied { search } for comm=41646170744C61756E636820566D name="1819" dev="proc" ino=4499876 scontext=u:r:vendor_hal_perf_default:s0 tcontext=u:r:system_server:s0 tclass=dir permissive=0
06-27 19:45:05.150  1053  1053 W /vendor/bin/hw/vendor.qti.hardware.perf@2.2-service: type=1400 audit(0.0:103775): avc: denied { search } for comm=41646170744C61756E636820566D name="2384" dev="proc" ino=4499877 scontext=u:r:vendor_hal_perf_default:s0 tcontext=u:r:system_server:s0 tclass=dir permissive=0
06-27 19:45:05.150  1053  1053 W /vendor/bin/hw/vendor.qti.hardware.perf@2.2-service: type=1400 audit(0.0:103776): avc: denied { search } for comm=41646170744C61756E636820566D name="3269" dev="proc" ino=4505520 scontext=u:r:vendor_hal_perf_default:s0 tcontext=u:r:system_server:s0 tclass=dir permissive=0
06-27 19:45:05.163  2535  2590 D HomeWallpaperRenderer: OFFSET  x: 1.0  y: 0.0
06-27 19:45:05.163  2535  3079 W OpenGLRenderer: Surface doesn't have any previously queued frames, nothing to readback from
06-27 19:45:05.181  2535  2590 D HomeWallpaperRenderer: OFFSET  x: 1.0  y: 0.0
06-27 19:45:05.181  2535  3079 W OpenGLRenderer: Surface doesn't have any previously queued frames, nothing to readback from
06-27 19:45:05.187  2872  7896 I SarService: Receiver polling >>>> Change receiver mode: off
06-27 19:45:05.198  2535  2590 D HomeWallpaperRenderer: OFFSET  x: 1.0  y: 0.0
06-27 19:45:05.198  2535  3079 W OpenGLRenderer: Surface doesn't have any previously queued frames, nothing to readback from
06-27 19:45:05.214  2535  2590 D HomeWallpaperRenderer: OFFSET  x: 1.0  y: 0.0
06-27 19:45:05.215  2535  3079 W OpenGLRenderer: Surface doesn't have any previously queued frames, nothing to readback from
06-27 19:45:05.266  1053  3919 E ANDR-PERF-LM: StatsProvider: stats_nl_error_callback() 115: NL SOC receive error: No such process
06-27 19:45:05.266  1053  3919 E ANDR-PERF-LM: StatsProvider: sendRecvData() 272: nl_recvmsgs failed return=-12
06-27 19:45:05.267  1053  3919 E ANDR-PERF-LM: StatsProvider: getPIDStats() 124: sendRecvData returned error = -4
06-27 19:45:05.387  2872  7896 I SarService: Receiver polling >>>> Change receiver mode: off
06-27 19:45:05.559  1053  3931 E ANDR-PERF-LM: VmRssMeter:: start() 447: Could not find pid, can not collect vmrss data
06-27 19:45:05.559  1053  3932 E ANDR-PERF-LM: VmRssMeter:: start() 447: Could not find pid, can not collect vmrss data
06-27 19:45:05.560  1053  3932 E ANDR-PERF-LM: AdaptiveLaunch: writeToDataBase() 64: Meter aborted or could not get meter data for this run
06-27 19:45:05.567  1053  3919 E ANDR-PERF-LM: StatsProvider: stats_nl_error_callback() 115: NL SOC receive error: No such process
06-27 19:45:05.567  1053  3919 E ANDR-PERF-LM: StatsProvider: sendRecvData() 272: nl_recvmsgs failed return=-12
06-27 19:45:05.567  1053  3919 E ANDR-PERF-LM: StatsProvider: getPIDStats() 124: sendRecvData returned error = -4
06-27 19:45:05.587  2872  7896 I SarService: Receiver polling >>>> Change receiver mode: off
06-27 19:45:05.788  2872  7896 I SarService: Receiver polling >>>> Change receiver mode: off
06-27 19:45:05.867  1053  3919 E ANDR-PERF-LM: StatsProvider: stats_nl_error_callback() 115: NL SOC receive error: No such process
06-27 19:45:05.867  1053  3919 E ANDR-PERF-LM: StatsProvider: sendRecvData() 272: nl_recvmsgs failed return=-12
06-27 19:45:05.867  1053  3919 E ANDR-PERF-LM: StatsProvider: getPIDStats() 124: sendRecvData returned error = -4
06-27 19:45:05.988  2872  7896 I SarService: Receiver polling >>>> Change receiver mode: off
06-27 19:45:06.168  1053  3919 E ANDR-PERF-LM: StatsProvider: stats_nl_error_callback() 115: NL SOC receive error: No such process
06-27 19:45:06.168  1053  3919 E ANDR-PERF-LM: StatsProvider: sendRecvData() 272: nl_recvmsgs failed return=-12
06-27 19:45:06.168  1053  3919 E ANDR-PERF-LM: StatsProvider: getPIDStats() 124: sendRecvData returned error = -4
06-27 19:45:06.188  2872  7896 I SarService: Receiver polling >>>> Change receiver mode: off
06-27 19:45:06.388  2872  7896 I SarService: Receiver polling >>>> Change receiver mode: off
06-27 19:45:06.468  1053  3919 E ANDR-PERF-LM: StatsProvider: stats_nl_error_callback() 115: NL SOC receive error: No such process
06-27 19:45:06.468  1053  3919 E ANDR-PERF-LM: StatsProvider: sendRecvData() 272: nl_recvmsgs failed return=-12
06-27 19:45:06.468  1053  3919 E ANDR-PERF-LM: StatsProvider: getPIDStats() 124: sendRecvData returned error = -4
