06-27 18:55:18.274 26616 26616 V pythonutil: Loading library: python3.9
06-27 18:55:18.277 26616 26616 D nativeloader: Load libpython3.9.so using ns clns-4 from class loader (caller=/data/app/~~ZSdYMweyIZcfxdPqo7RaWQ==/org.alexandreareias.edmundoapp-AbXWyaZ978rELkcTwpt0FA==/base.apk!classes5.dex): dlopen failed: library "libpython3.9.so" not found
06-27 18:55:18.277 26616 26616 V pythonutil: Library loading error: dlopen failed: library "libpython3.9.so" not found
06-27 18:55:18.277 26616 26616 V pythonutil: Loading library: python3.10
06-27 18:55:18.281 26616 26616 D nativeloader: Load libpython3.10.so using ns clns-4 from class loader (caller=/data/app/~~ZSdYMweyIZcfxdPqo7RaWQ==/org.alexandreareias.edmundoapp-AbXWyaZ978rELkcTwpt0FA==/base.apk!classes5.dex): dlopen failed: library "libpython3.10.so" not found
06-27 18:55:18.282 26616 26616 V pythonutil: Library loading error: dlopen failed: library "libpython3.10.so" not found
06-27 18:55:18.282 26616 26616 V pythonutil: Loading library: python3.11
06-27 18:55:18.285  1627  3156 I WindowManagerService: Physical orientation not applied, rotation=0
06-27 18:55:18.297 26616 26616 D nativeloader: Load /data/app/~~ZSdYMweyIZcfxdPqo7RaWQ==/org.alexandreareias.edmundoapp-AbXWyaZ978rELkcTwpt0FA==/lib/arm64/libpython3.11.so using ns clns-4 from class loader (caller=/data/app/~~ZSdYMweyIZcfxdPqo7RaWQ==/org.alexandreareias.edmundoapp-AbXWyaZ978rELkcTwpt0FA==/base.apk!classes5.dex): ok
06-27 18:55:18.298 26616 26616 V pythonutil: Loading library: main
06-27 18:55:18.301 26616 26616 D nativeloader: Load /data/app/~~ZSdYMweyIZcfxdPqo7RaWQ==/org.alexandreareias.edmundoapp-AbXWyaZ978rELkcTwpt0FA==/lib/arm64/libmain.so using ns clns-4 from class loader (caller=/data/app/~~ZSdYMweyIZcfxdPqo7RaWQ==/org.alexandreareias.edmundoapp-AbXWyaZ978rELkcTwpt0FA==/base.apk!classes5.dex): ok
06-27 18:55:18.301 26616 26616 V pythonutil: Loaded everything!
06-27 18:55:18.304 26616 26616 V SDL     : nativeSetupJNI()
06-27 18:55:18.306 26616 26616 V SDL     : AUDIO nativeSetupJNI()
06-27 18:55:18.307 26616 26616 V SDL     : CONTROLLER nativeSetupJNI()
06-27 18:55:18.337  1627  3156 W ServiceManager: Permission failure: android.permission.HIGH_SAMPLING_RATE_SENSORS from uid=10868 pid=26616
06-27 18:55:18.348 26616 26616 V PythonActivity: Setting env vars for start.c and Python to use
06-27 18:55:18.348 26616 26616 V PythonActivity: Access to our meta-data...
06-27 18:55:18.350 26616 26616 I PythonActivity: Surface will NOT be transparent
06-27 18:55:18.365 26616 26616 D DecorView[]: getWindowModeFromSystem  windowmode is 1
06-27 18:55:18.365 26616 26616 D DecorView[]: updateDecorCaptionStatus displayWindowDecor is false
06-27 18:55:18.373  1627  3156 D WindowManager: Input focus has changed to Window{3a8f8f7 u0 org.alexandreareias.edmundoapp/org.kivy.android.PythonActivity} display=0 updateInputWindows = true
06-27 18:55:18.373  1627  3156 I WindowManagerService: Physical orientation not applied, rotation=0
06-27 18:55:18.375  1627  1818 D CompatibilityChangeReporter: Compat change id reported: 158002302; UID 10868; state: ENABLED
06-27 18:55:18.380  2872  7896 I SarService: Receiver polling >>>> Change receiver mode: off
06-27 18:55:18.383 26616 26639 I AdrenoGLES-0: QUALCOMM build                   : 820d4a4028, I5580630f49
06-27 18:55:18.383 26616 26639 I AdrenoGLES-0: Build Date                       : 11/04/21
06-27 18:55:18.383 26616 26639 I AdrenoGLES-0: OpenGL ES Shader Compiler Version: EV031.32.02.16
06-27 18:55:18.383 26616 26639 I AdrenoGLES-0: Local Branch                     : 
06-27 18:55:18.383 26616 26639 I AdrenoGLES-0: Remote Branch                    : 
06-27 18:55:18.383 26616 26639 I AdrenoGLES-0: Remote Branch                    : 
06-27 18:55:18.383 26616 26639 I AdrenoGLES-0: Reconstruct Branch               : 
06-27 18:55:18.383 26616 26639 I AdrenoGLES-0: Build Config                     : S P 10.0.7 AArch64
06-27 18:55:18.383 26616 26639 I AdrenoGLES-0: Driver Path                      : /vendor/lib64/egl/libGLESv2_adreno.so
06-27 18:55:18.390 26616 26616 D SurfaceView: UPDATE null, mIsCastMode = false
06-27 18:55:18.399 26616 26639 I AdrenoGLES-0: PFP: 0x016ee190, ME: 0x00000000
06-27 18:55:18.429 26616 26616 V SDL     : surfaceCreated()
06-27 18:55:18.429 26616 26616 V SDL     : surfaceChanged()
06-27 18:55:18.429 26616 26616 V SDL     : Window size: 1080x2168
06-27 18:55:18.429 26616 26616 V SDL     : Device size: 1080x2400
06-27 18:55:18.431  1627  5915 W ServiceManager: Permission failure: android.permission.HIGH_SAMPLING_RATE_SENSORS from uid=10868 pid=26616
06-27 18:55:18.431  1627  5915 W ServiceManager: Permission failure: android.permission.HIGH_SAMPLING_RATE_SENSORS from uid=10868 pid=26616
06-27 18:55:18.432  1036  1036 I sensors-hal: batch:242, android.sensor.accelerometer/11, period=10000000, max_latency=20000000
06-27 18:55:18.432  1036  1036 I sensors-hal: set_config:63, sample_period_ns is adjusted to 10000000 based on min/max delay_ns
06-27 18:55:18.432  1036  1036 I sensors-hal: batch:251, android.sensor.accelerometer/11, period=10000000, max_latency=20000000 request completed
06-27 18:55:18.432  1036  1036 I sensors-hal: flush:271, android.sensor.accelerometer/11
06-27 18:55:18.433  1036  1036 I sensors-hal: flush:277, android.sensor.accelerometer/11 completed
06-27 18:55:18.435 26616 26647 V SDL     : Running main function SDL_main from library /data/app/~~ZSdYMweyIZcfxdPqo7RaWQ==/org.alexandreareias.edmundoapp-AbXWyaZ978rELkcTwpt0FA==/lib/arm64/libmain.so
06-27 18:55:18.435 26616 26647 V PythonActivity: appConfirmedActive() -> preparing loading screen removal
06-27 18:55:18.435 26616 26647 V SDL     : nativeRunMain()
06-27 18:55:18.436 26616 26647 I python  : Initializing Python for Android
06-27 18:55:18.436 26616 26647 I python  : Setting additional env vars from p4a_env_vars.txt
06-27 18:55:18.438 26616 26647 I python  : Changing directory to the one provided by ANDROID_ARGUMENT
06-27 18:55:18.438 26616 26647 I python  : /data/user/0/org.alexandreareias.edmundoapp/files/app
06-27 18:55:18.441 26616 26647 I python  : Preparing to initialize python
06-27 18:55:18.442 26616 26647 I python  : _python_bundle dir exists
06-27 18:55:18.442 26616 26647 I python  : calculated paths to be...
06-27 18:55:18.442 26616 26647 I python  : /data/user/0/org.alexandreareias.edmundoapp/files/app/_python_bundle/stdlib.zip:/data/user/0/org.alexandreareias.edmundoapp/files/app/_python_bundle/modules
06-27 18:55:18.442 26616 26647 I python  : set wchar paths...
06-27 18:55:18.445  1036 21304 I sensors-hal: ssc_conn_resp_cb:663, resp_value = 0
06-27 18:55:18.446  1036 21304 I sensors-hal: ssc_conn_resp_cb:663, resp_value = 0
06-27 18:55:18.461  1026  1026 I SDM     : HWCDisplay::GetColorModeCount: Supported color mode count = 1
06-27 18:55:18.462  1026  1026 I SDM     : HWCDisplay::GetColorModes: Color mode = 0 is supported
06-27 18:55:18.466 26616 26639 D hw-ProcessState: Binder ioctl to enable oneway spam detection failed: Invalid argument
06-27 18:55:18.519 26616 26639 E eias.edmundoap: open libmigui.so failed! dlopen - dlopen failed: library "libmigui.so" not found
06-27 18:55:18.528  1627  5915 D WindowManager: finishDrawingLocked: mDrawState=COMMIT_DRAW_PENDING Window{3a8f8f7 u0 org.alexandreareias.edmundoapp/org.kivy.android.PythonActivity} in Surface(name=org.alexandreareias.edmundoapp/org.kivy.android.PythonActivity)/@0xa540de7
06-27 18:55:18.531 26616 26647 I python  : Initialized python
06-27 18:55:18.531 26616 26647 I python  : AND: Init threads
06-27 18:55:18.532 26616 26647 I python  : testing python print redirection
06-27 18:55:18.535 26616 26647 I python  : Android path ['.', '/data/user/0/org.alexandreareias.edmundoapp/files/app/_python_bundle/stdlib.zip', '/data/user/0/org.alexandreareias.edmundoapp/files/app/_python_bundle/modules', '/data/user/0/org.alexandreareias.edmundoapp/files/app/_python_bundle/site-packages']
06-27 18:55:18.535 26616 26647 I python  : os.environ is environ({'PATH': '/product/bin:/apex/com.android.runtime/bin:/apex/com.android.art/bin:/system_ext/bin:/system/bin:/system/xbin:/odm/bin:/vendor/bin:/vendor/xbin', 'ANDROID_BOOTLOGO': '1', 'ANDROID_ROOT': '/system', 'ANDROID_ASSETS': '/system/app', 'ANDROID_DATA': '/data', 'ANDROID_STORAGE': '/storage', 'ANDROID_ART_ROOT': '/apex/com.android.art', 'ANDROID_I18N_ROOT': '/apex/com.android.i18n', 'ANDROID_TZDATA_ROOT': '/apex/com.android.tzdata', 'EXTERNAL_STORAGE': '/sdcard', 'ASEC_MOUNTPOINT': '/mnt/asec', 'DOWNLOAD_CACHE': '/data/cache', 'BOOTCLASSPATH': '/apex/com.android.art/javalib/core-oj.jar:/apex/com.android.art/javalib/core-libart.jar:/apex/com.android.art/javalib/okhttp.jar:/apex/com.android.art/javalib/bouncycastle.jar:/apex/com.android.art/javalib/apache-xml.jar:/system/framework/framework.jar:/system/framework/framework-graphics.jar:/system/framework/ext.jar:/system/framework/telephony-common.jar:/system/framework/voip-common.jar:/system/framework/ims-common.jar:/apex/com.android.i18n/javalib/core-icu4j.jar:/system/framework/tcmiface.jar:/system/framework/telephony-ext.jar:/system/framework/qcom.fmradio.jar:/system/framework/QPerformance.jar:/system/framework/UxPerformance.jar:/system/framework/WfdCommon.jar:/system/framework/miui-framework.jar:/system/framework/miui-telephony-common.jar:/apex/com.android.appsearch/javalib/framework-appsearch.jar:/apex/com.android.conscrypt/javalib/conscrypt.jar:/apex/com.android.ipsec/javalib/android.net.ipsec.ike.jar:/apex/com.android.media/javalib/updatable-media.jar:/apex/com.android.mediaprovider/javalib/framework-mediaprovider.jar:/apex/com.android.mediaprovider/javalib/framework-pdf.jar:/apex/com.android.mediaprovider/javalib/framework-photopicker.jar:/apex/com.android.os.statsd/javalib/framework-statsd.jar:/apex/com.android.permission/javalib/framework-permission.jar:/apex/com.android.permission/javalib/framework-permission-s.jar:/apex/com.android.scheduling/javalib/framework-scheduling.jar:/apex/com.android.sdkext/javalib/framework-sdkextensions.jar:/apex/com.android.tethering/javalib/framework-connectivity.jar:/apex/com.android.tethering/javalib/framework-tethering.jar:/apex/com.android.wifi/javalib/framework-wifi.jar', 'DEX2OATBOOTCLASSPATH': '/apex/com.android.art/javalib/core-oj.jar:/apex/com.android.art/javalib/core-libart.jar:/apex/com.android.art/javalib/okhttp.jar:/apex/com.android.art/javalib/bouncycastle.jar:/apex/com.android.art/javalib/apache-xml.jar:/system/framework/framework.jar:/system/framework/framework-graphics.jar:/system/framework/ext.jar:/system/framework/telephony-common.jar:/system/framework/voip-common.jar:/system/framework/ims-common.jar:/apex/com.android.i18n/javalib/core-icu4j.jar:/system/framework/tcmiface.jar:/system/framework/telephony-ext.jar:/system/framework/qcom.fmradio.jar:/system/framework/QPerformance.jar:/system/framework/UxPerformance.jar:/system/framework/WfdCommon.jar:/system/framework/miui-framework.jar:/system/framework/miui-telephony-common.jar', 'SYSTEMSERVERCLASSPATH': '/system/framework/com.android.location.provider.jar:/system/framework/services.jar:/system/framework/ethernet-service.jar:/system/framework/miui.services.jar:/system/framework/miui-services.jar:/system/framework/miui.car.server.jar:/apex/com.android.appsearch/javalib/service-appsearch.jar:/apex/com.android.art/javalib/service-art.jar:/apex/com.android.media/javalib/service-media-s.jar:/apex/com.android.permission/javalib/service-permission.jar', 'STANDALONE_SYSTEMSERVER_JARS': '/apex/com.android.os.statsd/javalib/service-statsd.jar:/apex/com.android.scheduling/javalib/service-scheduling.jar:/apex/com.android.tethering/javalib/service-connectivity.jar', 'ANDROID_SOCKET_zygote': '18', 'ANDROID_SOCKET_usap_pool_primary': '22', 'ANDROID_ENTRYPOINT': 'main.pyc', 'ANDROID_ARGUMENT': '/data/user/0/org.alexandreareias.edmundoapp/files/app', 'ANDROID_APP_PATH': '/data/user/0/org.alexandreareias.edmundoapp/files/app', 'ANDROID_PRIVATE': '/data/user/0/org.alexandreareias.edmundoapp/files', 'ANDROID_UNPACK': '/data/us
06-27 18:55:18.535 26616 26647 I python  : Android kivy bootstrap done. __name__ is __main__
06-27 18:55:18.535 26616 26647 I python  : AND: Ran string
06-27 18:55:18.535 26616 26647 I python  : Run user program, change dir and execute entrypoint
06-27 18:55:18.537  1053  3925 E ANDR-PERF-LM: ThreadHelper: thread_callback() 145: More than one pending updates!!! This should not happen. MeterMgr should avoid this case.
06-27 18:55:18.538  1627  1814 W ziparchive: Unable to open '/data/app/~~ZSdYMweyIZcfxdPqo7RaWQ==/org.alexandreareias.edmundoapp-AbXWyaZ978rELkcTwpt0FA==/base.dm': No such file or directory
06-27 18:55:18.540 26616 26616 D DecorView[]: getWindowModeFromSystem  windowmode is 1
06-27 18:55:18.541 26616 26616 D DecorView[]: updateDecorCaptionStatus displayWindowDecor is false
06-27 18:55:18.544  1627  5915 W InputManager-JNI: Input channel object 'a1e0ee9 Splash Screen org.alexandreareias.edmundoapp (client)' was disposed without first being removed with the input manager!
06-27 18:55:18.546  1627  1814 I ActivityTaskManager: Displayed org.alexandreareias.edmundoapp/org.kivy.android.PythonActivity: +885ms
06-27 18:55:18.547  1053  3925 E ANDR-PERF-LM: ThreadHelper: thread_callback() 145: More than one pending updates!!! This should not happen. MeterMgr should avoid this case.
06-27 18:55:18.555 25950 25950 D Launcher.Lifecycle: onStop:UserHandle{0},ce92670,false
06-27 18:55:18.555 25950 25950 D Launcher_UnlockAnimationStateMachine: onStop = IDLE
06-27 18:55:18.557  1627  3156 I WindowManagerService: Physical orientation not applied, rotation=0
06-27 18:55:18.565 26616 26616 D SurfaceView: UPDATE Surface(name=SurfaceView[org.alexandreareias.edmundoapp/org.kivy.android.PythonActivity])/@0x10c5eb1, mIsProjectionMode = false
06-27 18:55:18.570  1627  2877 W ProcessStats: Tracking association SourceState{7754fd9 com.miui.home/10092 BTopFgs #315681} whose proc state 2 is better than process ProcessState{6c8e892 com.miui.securitycenter.remote/1000 pkg=com.miui.securitycenter} proc state 3 (0 skipped)
06-27 18:55:18.571  1627  2409 I MiuiNetworkPolicy: updateUidState uid = 99496, uidState = 5
06-27 18:55:18.572 26283 26283 I cpwx    : onStop
06-27 18:55:18.572  7820  8204 I BtGatt.ScanManager: msg.what = 6
06-27 18:55:18.572  1627  2409 I MiuiNetworkPolicy: updateUidState uid = 10192, uidState = 5
06-27 18:55:18.573  1627  2409 I MiuiNetworkPolicy: updateUidState uid = 10188, uidState = 5
06-27 18:55:18.576 26616 26616 V SDL     : onWindowFocusChanged(): true
06-27 18:55:18.577 26616 26616 D DecorView[]: onWindowFocusChanged hasWindowFocus true
06-27 18:55:18.580  2872  7896 I SarService: Receiver polling >>>> Change receiver mode: off
06-27 18:55:18.584  1627  2409 I MiuiNetworkPolicy: updateUidState uid = 10111, uidState = 4
06-27 18:55:18.584  1627  2409 I MiuiNetworkPolicy: updateUidState uid = 10092, uidState = 5
06-27 18:55:18.585  1627  5915 W ActivityTaskManager: Request to remove task ignored for non-existent task 3377
06-27 18:55:18.587  1627  5915 W ActivityTaskManager: Request to remove task ignored for non-existent task 3378
06-27 18:55:18.598  1627  1815 D Aurogon :  uid = 10092 switch to BG
06-27 18:55:18.598 25530 27040 D PMonitor:  onForegroundActivitiesChanged:pid = 25950,activity-uid=10092,foregroundActivities=false
06-27 18:55:18.609 25875 25875 I GoogleInputMethodService: GoogleInputMethodService.onFinishInput():1984 
06-27 18:55:18.623 25875 25875 I Module  : DeviceLockedStatusModuleProvider$Module.updateDeviceLockedStatus():100 repeatCheckTimes = 0, locked = false
06-27 18:55:18.629 25875 25875 I GoogleInputMethodService: GoogleInputMethodService.onStartInput():1248 onStartInput(EditorInfo{EditorInfo{packageName=org.alexandreareias.edmundoapp, inputType=0, inputTypeString=NULL, enableLearning=false, autoCorrection=false, autoComplete=false, imeOptions=0, privateImeOptions=null, actionName=UNSPECIFIED, actionLabel=null, initialSelStart=-1, initialSelEnd=-1, initialCapsMode=0, label=null, fieldId=-1, fieldName=null, extras=null, hintText=null, hintLocales=[]}}, false)
06-27 18:55:18.634 25875 25875 I Module  : DeviceLockedStatusModuleProvider$Module.updateDeviceLockedStatus():100 repeatCheckTimes = 1, locked = false
06-27 18:55:18.695  1053  3932 E ANDR-PERF-LM: VmRssMeter:: start() 447: Could not find pid, can not collect vmrss data
06-27 18:55:18.695  1053  3932 E ANDR-PERF-LM: AdaptiveLaunch: writeToDataBase() 64: Meter aborted or could not get meter data for this run
06-27 18:55:18.698  1053  3931 E ANDR-PERF-LM: VmRssMeter:: start() 447: Could not find pid, can not collect vmrss data
06-27 18:55:18.736  1627  1817 D TaskSnapshot_Helper: SYS is normal.
06-27 18:55:18.736  1627  1817 W TaskSnapshot_CInjector: couldPersist()... false.
06-27 18:55:18.780  2872  7896 I SarService: Receiver polling >>>> Change receiver mode: off
06-27 18:55:18.856 26616 26647 I python  : [INFO   ] [Logger      ] Record log in /data/user/0/org.alexandreareias.edmundoapp/files/app/.kivy/logs/kivy_25-06-27_5.txt
06-27 18:55:18.857 26616 26647 I python  : [INFO   ] [Kivy        ] v2.3.0
06-27 18:55:18.857 26616 26647 I python  : [INFO   ] [Kivy        ] Installed at "/data/user/0/org.alexandreareias.edmundoapp/files/app/_python_bundle/site-packages/kivy/__init__.pyc"
06-27 18:55:18.858 26616 26647 I python  : [INFO   ] [Python      ] v3.11.5 (main, Jun 27 2025, 18:58:29) [Clang 14.0.6 (https://android.googlesource.com/toolchain/llvm-project 4c603efb0
06-27 18:55:18.858 26616 26647 I python  : [INFO   ] [Python      ] Interpreter at ""
06-27 18:55:18.858 26616 26647 I python  : [INFO   ] [Logger      ] Purge log fired. Processing...
06-27 18:55:18.859 26616 26647 I python  : [INFO   ] [Logger      ] Purge finished!
06-27 18:55:18.890 26616 26616 W SDLThread: type=1400 audit(0.0:99752): avc: granted { execute } for path="/data/data/org.alexandreareias.edmundoapp/files/app/_python_bundle/modules/fcntl.cpython-311.so" dev="sda18" ino=2836377 scontext=u:r:untrusted_app:s0:c100,c259,c512,c768 tcontext=u:object_r:app_data_file:s0:c100,c259,c512,c768 tclass=file app=org.alexandreareias.edmundoapp
06-27 18:55:18.900 26616 26616 W SDLThread: type=1400 audit(0.0:99753): avc: granted { execute } for path="/data/data/org.alexandreareias.edmundoapp/files/app/_python_bundle/modules/_posixsubprocess.cpython-311.so" dev="sda18" ino=2836227 scontext=u:r:untrusted_app:s0:c100,c259,c512,c768 tcontext=u:object_r:app_data_file:s0:c100,c259,c512,c768 tclass=file app=org.alexandreareias.edmundoapp
06-27 18:55:18.900 26616 26616 W SDLThread: type=1400 audit(0.0:99754): avc: granted { execute } for path="/data/data/org.alexandreareias.edmundoapp/files/app/_python_bundle/modules/select.cpython-311.so" dev="sda18" ino=2836401 scontext=u:r:untrusted_app:s0:c100,c259,c512,c768 tcontext=u:object_r:app_data_file:s0:c100,c259,c512,c768 tclass=file app=org.alexandreareias.edmundoapp
06-27 18:55:18.910 26616 26616 W SDLThread: type=1400 audit(0.0:99755): avc: granted { execute } for path="/data/data/org.alexandreareias.edmundoapp/files/app/_python_bundle/site-packages/android/_android.so" dev="sda18" ino=2836462 scontext=u:r:untrusted_app:s0:c100,c259,c512,c768 tcontext=u:object_r:app_data_file:s0:c100,c259,c512,c768 tclass=file app=org.alexandreareias.edmundoapp
06-27 18:55:18.940 26616 26616 W SDLThread: type=1400 audit(0.0:99756): avc: granted { execute } for path="/data/data/org.alexandreareias.edmundoapp/files/app/_python_bundle/site-packages/jnius/jnius.so" dev="sda18" ino=2836869 scontext=u:r:untrusted_app:s0:c100,c259,c512,c768 tcontext=u:object_r:app_data_file:s0:c100,c259,c512,c768 tclass=file app=org.alexandreareias.edmundoapp
06-27 18:55:18.981  2872  7896 I SarService: Receiver polling >>>> Change receiver mode: off
06-27 18:55:19.181  2872  7896 I SarService: Receiver polling >>>> Change receiver mode: off
06-27 18:55:19.381  2872  7896 I SarService: Receiver polling >>>> Change receiver mode: off
06-27 18:55:19.502 26616 26647 I python  : [INFO   ] [Factory     ] 195 symbols loaded
06-27 18:55:19.581  2872  7896 I SarService: Receiver polling >>>> Change receiver mode: off
06-27 18:55:19.728 26616 26647 I python  : [INFO   ] [Image       ] Providers: img_tex, img_dds, img_sdl2 (img_pil, img_ffpyplayer ignored)
06-27 18:55:19.732 25950 26615 I FA      : Application backgrounded at: timestamp_millis: 1751061317733
06-27 18:55:19.781  2872  7896 I SarService: Receiver polling >>>> Change receiver mode: off
06-27 18:55:19.786 26616 26647 I python  : [INFO   ] [Text        ] Provider: sdl2
06-27 18:55:19.982  2872  7896 I SarService: Receiver polling >>>> Change receiver mode: off
06-27 18:55:19.990 26616 26616 W SDLThread: type=1400 audit(0.0:99798): avc: granted { execute } for path="/data/data/org.alexandreareias.edmundoapp/files/app/_python_bundle/modules/unicodedata.cpython-311.so" dev="sda18" ino=2836406 scontext=u:r:untrusted_app:s0:c100,c259,c512,c768 tcontext=u:object_r:app_data_file:s0:c100,c259,c512,c768 tclass=file app=org.alexandreareias.edmundoapp
06-27 18:55:20.059 26616 26647 I python  :  Traceback (most recent call last):
06-27 18:55:20.059 26616 26647 I python  :    File "/home/runner/work/livro-ocorrencias-app/livro-ocorrencias-app/.buildozer/android/app/main.py", line 26, in <module>
06-27 18:55:20.059 26616 26647 I python  :    File "/home/runner/work/livro-ocorrencias-app/livro-ocorrencias-app/.buildozer/android/platform/build-arm64-v8a_armeabi-v7a/build/python-installs/edmundoapp/arm64-v8a/kivy/__init__.py", line 131, in require
06-27 18:55:20.059 26616 26647 I python  :  Exception: The version of Kivy installed on this system is too old. (You have 2.3.0, but the application requires 2.3.1)
06-27 18:55:20.059 26616 26647 I python  : Python for android ended.
06-27 18:55:20.182  2872  7896 I SarService: Receiver polling >>>> Change receiver mode: off
06-27 18:55:20.202 26616 26647 I BpBinder: onLastStrongRef automatically unlinking death recipients: <uncached descriptor>
06-27 18:55:20.207 17965 17965 I adbd    : Remote process closed the socket (on MSG_PEEK)
06-27 18:55:20.227  1627  2877 I WindowManager: WIN DEATH: Window{3a8f8f7 u0 org.alexandreareias.edmundoapp/org.kivy.android.PythonActivity}
06-27 18:55:20.227  1627  2877 W InputManager-JNI: Input channel object '3a8f8f7 org.alexandreareias.edmundoapp/org.kivy.android.PythonActivity (client)' was disposed without first being removed with the input manager!
06-27 18:55:20.231  1627  5857 I ActivityManager: Process org.alexandreareias.edmundoapp (pid 26616) has died: fg  TOP 
06-27 18:55:20.232  1627  1920 I libprocessgroup: Successfully killed process cgroup uid 10868 pid 26616 in 0ms
06-27 18:55:20.233  1036  1036 I sensors-hal: batch:242, android.sensor.accelerometer/11, period=10000000, max_latency=5000000000
06-27 18:55:20.233  1036  1036 I sensors-hal: set_config:63, sample_period_ns is adjusted to 10000000 based on min/max delay_ns
06-27 18:55:20.233  1036  1036 I sensors-hal: batch:251, android.sensor.accelerometer/11, period=10000000, max_latency=5000000000 request completed
06-27 18:55:20.234  1627  2877 D WindowManager: Input focus has changed to null display=0 updateInputWindows = true
06-27 18:55:20.236  1627  5857 D ActivityManagerServiceImpl: Service controller is not enabled.
06-27 18:55:20.236  1627  5857 D ProcessRecordInjector: Finishing reporting clean up app record.
06-27 18:55:20.237 25530 27040 I com.xiaomi.xms: oneway function results for code 3 on binder at 0xb40000725dfd6d00 will be dropped but finished with status UNKNOWN_TRANSACTION
06-27 18:55:20.238  1627  5857 W ActivityTaskManager: Force removing ActivityRecord{8262304 u0 org.alexandreareias.edmundoapp/org.kivy.android.PythonActivity t3379}: app died, no saved state
06-27 18:55:20.239  1627  2409 I MiuiNetworkPolicy: removeUidState uid = 10868
06-27 18:55:20.240  1036 21304 I sensors-hal: ssc_conn_resp_cb:663, resp_value = 0
06-27 18:55:20.247  1131  1131 E BpTransactionCompletedListener: Failed to transact (-32)
06-27 18:55:20.249   884   884 I Zygote  : Process 26616 exited cleanly (255)
06-27 18:55:20.250  1627  5857 W ActivityTaskManager: Can't find TaskDisplayArea to determine support for multi window. Task id=3379 attached=false
06-27 18:55:20.250  1627  5857 W ActivityTaskManager: Can't find TaskDisplayArea to determine support for multi window. Task id=3379 attached=false
06-27 18:55:20.253  1627  5918 I WindowManagerService: Physical orientation not applied, rotation=0
06-27 18:55:20.254 25950 13113 D AppObserver: ForegroundInfo{mForegroundPackageName='com.miui.home', mForegroundUid=10092, mForegroundPid=25950, mLastForegroundPackageName='org.alexandreareias.edmundoapp', mLastForegroundUid=10868, mLastForegroundPid=26616, mMultiWindowForegroundPackageName='com.miui.home', mMultiWindowForegroundUid=10092, mFlags=0}
06-27 18:55:20.255  1627  1815 D Aurogon :  uid = 10092 switch to FG
06-27 18:55:20.255  8270  8303 I GST     : forePkg: com.miui.home, preForePkg: org.alexandreareias.edmundoapp
06-27 18:55:20.255  8221  8244 D PerfEngineController: ForegroundInfo{mForegroundPackageName='com.miui.home', mForegroundUid=10092, mForegroundPid=25950, mLastForegroundPackageName='org.alexandreareias.edmundoapp', mLastForegroundUid=10868, mLastForegroundPid=26616, mMultiWindowForegroundPackageName='com.miui.home', mMultiWindowForegroundUid=10092, mFlags=0}
06-27 18:55:20.259 25792 25823 I ProcessMonitor: onForegroundInfoChanged: ForegroundInfo{mForegroundPackageName='com.miui.home', mForegroundUid=10092, mForegroundPid=25950, mLastForegroundPackageName='org.alexandreareias.edmundoapp', mLastForegroundUid=10868, mLastForegroundPid=26616, mMultiWindowForegroundPackageName='com.miui.home', mMultiWindowForegroundUid=10092, mFlags=0}
06-27 18:55:20.259 26026 26026 I GoogleTTSServiceImpl: Cache enabled: true
06-27 18:55:20.261 25530 27040 D PMonitor:  onForegroundActivitiesChanged:pid = 25950,activity-uid=10092,foregroundActivities=true
06-27 18:55:20.262 26331 26341 I ProcessMonitor: onForegroundInfoChanged: ForegroundInfo{mForegroundPackageName='com.miui.home', mForegroundUid=10092, mForegroundPid=25950, mLastForegroundPackageName='org.alexandreareias.edmundoapp', mLastForegroundUid=10868, mLastForegroundPid=26616, mMultiWindowForegroundPackageName='com.miui.home', mMultiWindowForegroundUid=10092, mFlags=0}
06-27 18:55:20.263  8221  8589 D ThermalIECHandler: IECAll48Allowed: false; IECMonitorAllowed: false; IECTestState: false
06-27 18:55:20.266  1627  1817 W ActivityManager: setHasOverlayUi called on unknown pid: 26616
06-27 18:55:20.266  8221  8419 I ThermalInfoCollector: collectForgroundAppsInfo: org.alexandreareias.edmundoapp
06-27 18:55:20.266 25950 25950 D Launcher.Lifecycle: onStart:UserHandle{0},ce92670,false
06-27 18:55:20.267  8221  8569 D LS-ForegroundStatusManager: handleMessage ForegroundInfoChanged. pkg = com.miui.home, uid = 10092, mCurrentForegroundUid = 10868
06-27 18:55:20.267  8221  8569 D LS-ForegroundStatusManager: onForegroundChanged mCurrentForegroundUid = 10868, new uid = 10092
06-27 18:55:20.267 26331 26341 I GameBoosterService: onForegroundInfoChanged: Cur=com.miui.home	 last=org.alexandreareias.edmundoapp
06-27 18:55:20.268 26331 26341 D GameBoosterService: onGameStatusChange foreground:ForegroundInfo{mForegroundPackageName='com.miui.home', mForegroundUid=10092, mForegroundPid=25950, mLastForegroundPackageName='org.alexandreareias.edmundoapp', mLastForegroundUid=10868, mLastForegroundPid=26616, mMultiWindowForegroundPackageName='com.miui.home', mMultiWindowForegroundUid=10092, mFlags=0}
06-27 18:55:20.268 26331 26341 I VideoBoxUtils: isSupportVideoBox: false
06-27 18:55:20.268 26331 26341 I VideoToolBoxService: vtb is closed!!!
06-27 18:55:20.271 24189 24189 I Finsky:background: [2] Memory trim requested to level 60
06-27 18:55:20.273 26283 26283 I cpwx    : onStart
06-27 18:55:20.273 25950 25950 D Launcher.Lifecycle: onResume:UserHandle{0},ce92670,false
06-27 18:55:20.273 25950 25950 W Settings: Setting device_provisioned has moved from android.provider.Settings.Secure to android.provider.Settings.Global.
06-27 18:55:20.273 25950 26229 D MiBridge: requestCpuHighFreq---- uid: 10092 level: 1 timeoutms:500
06-27 18:55:20.274 24029 24029 I Finsky  : [2] Memory trim requested to level 40
06-27 18:55:20.275 25950 25950 D Launcher.FullbackHome: FallbackHomeCompat::needKillSelf::needKillSelf = false
06-27 18:55:20.275 25950 25950 D Launcher_UnlockAnimationStateMachine: onResume = IDLE
06-27 18:55:20.275 25950 25950 I Launcher: changeMIUIWidgetEditMode false
06-27 18:55:20.276 26283 26283 I cpwx    : onResume
06-27 18:55:20.277  1627  2409 I MiuiNetworkPolicy: updateUidState uid = 99496, uidState = 3
06-27 18:55:20.277  1627  2409 I MiuiNetworkPolicy: updateUidState uid = 10192, uidState = 3
06-27 18:55:20.277  1627  2409 I MiuiNetworkPolicy: updateUidState uid = 10111, uidState = 3
06-27 18:55:20.277  1627  2409 I MiuiNetworkPolicy: updateUidState uid = 10092, uidState = 2
06-27 18:55:20.279  7820  8204 I BtGatt.ScanManager: msg.what = 6
06-27 18:55:20.279  1627  2409 I MiuiNetworkPolicy: updateUidState uid = 10188, uidState = 3
06-27 18:55:20.280 17515 17515 W fbservices:InitStatus: Not blocking Service (205137472)
06-27 18:55:20.283 25442 25442 I ahqt    : Trimming objects from memory, since app is in the background.
06-27 18:55:20.284  2919  2919 D NotifBadge: recevie broadbcast ACTION_APPLICATION_MESSAGE_QUERY, requestFirstTime=false
06-27 18:55:20.289  1389  1401 W MiuiBooster: "MiuiBoosterService requestCpuHighFreq: 10092, 1, 500"
06-27 18:55:20.289  1389  1401 W MiuiBooster: "requestCpuHighFreq,final level:1,final timeoutms:500"
06-27 18:55:20.289  1389  1401 W MiuiBooster: "perf_hint_hc start"
06-27 18:55:20.289  1389  1401 W MiuiBooster: "big_core_value[level-1]:4095"
06-27 18:55:20.289  1389  1401 W MiuiBooster: "little_core_value[level-1]:4095"
06-27 18:55:20.290  1389  1401 W MiuiBooster: "perf_handle:14236"
06-27 18:55:20.290 25950 26229 D MiBridge: requestCpuHighFreq handle: 1
06-27 18:55:20.290 25950 26229 D Launcher_CPUBooster: boostCpuToMax:0
06-27 18:55:20.293  1627  2877 D WindowManager: Input focus has changed to Window{9b02302 u0 com.miui.home/com.miui.home.launcher.Launcher} display=0 updateInputWindows = true
06-27 18:55:20.293  1627  2877 I WindowManagerService: Physical orientation not applied, rotation=0
06-27 18:55:20.297 25875 25875 I AppBase : AppBase.onTrimMemory():417 onTrimMemory(): 10
06-27 18:55:20.301 29834 29834 W MusicApplication: onTrimMemory is called, level=10
06-27 18:55:20.304 25950 25950 D DragContainerLayout: dispatch draw with clip rect: null
06-27 18:55:20.311 25950 26124 D StatusBarController: handleMessage: flag 1000000  disable false
06-27 18:55:20.313 25950 25950 D RecentsImpl: mActivityStateObserver com.miui.home.launcher.Launcher
06-27 18:55:20.313 25950 25950 W RecentsImpl: onResumed className=com.miui.home.launcher.Launcher   mIsInAnotherPro=false   isKeyguardLocked=false
06-27 18:55:20.313  1627  5918 D WindowManager: finishDrawingLocked: mDrawState=COMMIT_DRAW_PENDING Window{9b02302 u0 com.miui.home/com.miui.home.launcher.Launcher} in Surface(name=com.miui.home/com.miui.home.launcher.Launcher)/@0xc8255f4
06-27 18:55:20.316 25875 25875 I KeyboardDefCache: MemoryFileCache$1.onTrimMemory():126 clearMemory() for trim memory: 10
06-27 18:55:20.316  2535  3404 D KeyguardWallpaperRenderer: OFFSET  x: 0.0  y: 0.0
06-27 18:55:20.317  2535  3079 W OpenGLRenderer: Surface doesn't have any previously queued frames, nothing to readback from
06-27 18:55:20.326  8221  8589 D ThermalIECHandler: storeDataStyle: thermal_iec_monitor_persistence_data_style_iec_state; startIECTime: -1; IECScreenOffOverPeriodTime: 87785757
06-27 18:55:20.326  8221  8589 D ThermalIECHandler: storeDataStyle: thermal_iec_monitor_persistence_data_style_iec_state; startIECTime: -1; IECScreenOffOverPeriodTime: 87785757
06-27 18:55:20.327  1627  5918 I WindowManagerService: Physical orientation not applied, rotation=0
06-27 18:55:20.328  2535  3079 W OpenGLRenderer: Surface doesn't have any previously queued frames, nothing to readback from
06-27 18:55:20.328  2535  2590 D HomeWallpaperRenderer: OFFSET  x: 1.0  y: 0.0
06-27 18:55:20.328  2535  3079 W OpenGLRenderer: Surface doesn't have any previously queued frames, nothing to readback from
06-27 18:55:20.332 25950 25950 D Launcher.Lifecycle: onWindowFocusChanged:true,UserHandle{0},ce92670,false
06-27 18:55:20.332 25950 25950 D Launcher_UnlockAnimationStateMachine: onWindowFocus:IDLE
06-27 18:55:20.332 25950 25950 D Launcher_UnlockAnimationStateMachine: showAnimation = IDLE
06-27 18:55:20.332 25950 25950 D DecorView[]: onWindowFocusChanged hasWindowFocus true
06-27 18:55:20.335 24029 24029 I Finsky  : [2] Flushing in-memory image cache
06-27 18:55:20.335  1627  5857 I WindowManagerService: Physical orientation not applied, rotation=0
06-27 18:55:20.336 25875 25875 I KeyboardDefCache: MemoryFileCache.clearMemory():410 evictAll()
06-27 18:55:20.336 25875 25875 W NotificationCenter: NotificationCenter$NotificationQueue.notifyPendingNotificationsOnExecutor():877 Heavy notify work detected on UI thread: [lvw->jsn] takes 32ms
06-27 18:55:20.337  2535  3079 W OpenGLRenderer: Surface doesn't have any previously queued frames, nothing to readback from
06-27 18:55:20.340 25875 25875 I GoogleInputMethodService: GoogleInputMethodService.onTrimMemory():2670 onTrimMemory(): 10
06-27 18:55:20.349 25875 25875 I GoogleInputMethodService: GoogleInputMethodService.onFinishInput():1984 
06-27 18:55:20.351 25875 25875 I Module  : DeviceLockedStatusModuleProvider$Module.updateDeviceLockedStatus():100 repeatCheckTimes = 0, locked = false
06-27 18:55:20.352 25875 25875 I GoogleInputMethodService: GoogleInputMethodService.onStartInput():1248 onStartInput(EditorInfo{EditorInfo{packageName=com.miui.home, inputType=0, inputTypeString=NULL, enableLearning=false, autoCorrection=false, autoComplete=false, imeOptions=0, privateImeOptions=null, actionName=UNSPECIFIED, actionLabel=null, initialSelStart=-1, initialSelEnd=-1, initialCapsMode=0, label=null, fieldId=2131362042, fieldName=null, extras=null, hintText=null, hintLocales=[]}}, false)
06-27 18:55:20.352 25875 25875 I Module  : DeviceLockedStatusModuleProvider$Module.updateDeviceLockedStatus():100 repeatCheckTimes = 1, locked = false
06-27 18:55:20.376 25950 26124 D StatusBarController: handleMessage: flag 800000  disable false
06-27 18:55:20.376 25950 25950 D Launcher_WallpaperUtils: changeStatusBarMode:false
06-27 18:55:20.382  2872  7896 I SarService: Receiver polling >>>> Change receiver mode: off
06-27 18:55:20.440  1053  1053 W /vendor/bin/hw/vendor.qti.hardware.perf@2.2-service: type=1400 audit(0.0:99799): avc: denied { search } for comm=41646170744C61756E636820566D name="1817" dev="proc" ino=4343912 scontext=u:r:vendor_hal_perf_default:s0 tcontext=u:r:system_server:s0 tclass=dir permissive=0
06-27 18:55:20.440  1053  1053 W /vendor/bin/hw/vendor.qti.hardware.perf@2.2-service: type=1400 audit(0.0:99800): avc: denied { search } for comm=41646170744C61756E636820566D name="1817" dev="proc" ino=4343912 scontext=u:r:vendor_hal_perf_default:s0 tcontext=u:r:system_server:s0 tclass=dir permissive=0
06-27 18:55:20.440  1053  1053 W /vendor/bin/hw/vendor.qti.hardware.perf@2.2-service: type=1400 audit(0.0:99801): avc: denied { search } for comm=41646170744C61756E636820566D name="1818" dev="proc" ino=4343913 scontext=u:r:vendor_hal_perf_default:s0 tcontext=u:r:system_server:s0 tclass=dir permissive=0
06-27 18:55:20.440  1053  1053 W /vendor/bin/hw/vendor.qti.hardware.perf@2.2-service: type=1400 audit(0.0:99802): avc: denied { search } for comm=41646170744C61756E636820566D name="1818" dev="proc" ino=4343913 scontext=u:r:vendor_hal_perf_default:s0 tcontext=u:r:system_server:s0 tclass=dir permissive=0
06-27 18:55:20.484 25950 25950 E RotationHelper: setCurrentTransitionRequest: request=0
06-27 18:55:20.516  2535  3079 W OpenGLRenderer: Surface doesn't have any previously queued frames, nothing to readback from
06-27 18:55:20.516  2535  2590 D HomeWallpaperRenderer: OFFSET  x: 1.0  y: 0.0
06-27 18:55:20.532  2535  2590 D HomeWallpaperRenderer: OFFSET  x: 1.0  y: 0.0
06-27 18:55:20.532  2535  3079 W OpenGLRenderer: Surface doesn't have any previously queued frames, nothing to readback from
06-27 18:55:20.549  2535  3079 W OpenGLRenderer: Surface doesn't have any previously queued frames, nothing to readback from
06-27 18:55:20.549  2535  2590 D HomeWallpaperRenderer: OFFSET  x: 1.0  y: 0.0
06-27 18:55:20.566  2535  3079 W OpenGLRenderer: Surface doesn't have any previously queued frames, nothing to readback from
06-27 18:55:20.566  2535  2590 D HomeWallpaperRenderer: OFFSET  x: 1.0  y: 0.0
06-27 18:55:20.582  2535  3079 W OpenGLRenderer: Surface doesn't have any previously queued frames, nothing to readback from
06-27 18:55:20.582  2535  2590 D HomeWallpaperRenderer: OFFSET  x: 1.0  y: 0.0
06-27 18:55:20.583  2872  7896 I SarService: Receiver polling >>>> Change receiver mode: off
06-27 18:55:20.599  2535  3079 W OpenGLRenderer: Surface doesn't have any previously queued frames, nothing to readback from
06-27 18:55:20.599  2535  2590 D HomeWallpaperRenderer: OFFSET  x: 1.0  y: 0.0
06-27 18:55:20.616  2535  2590 D HomeWallpaperRenderer: OFFSET  x: 1.0  y: 0.0
06-27 18:55:20.616  2535  3079 W OpenGLRenderer: Surface doesn't have any previously queued frames, nothing to readback from
06-27 18:55:20.632  2535  3079 W OpenGLRenderer: Surface doesn't have any previously queued frames, nothing to readback from
06-27 18:55:20.632  2535  2590 D HomeWallpaperRenderer: OFFSET  x: 1.0  y: 0.0
06-27 18:55:20.650  2535  3079 W OpenGLRenderer: Surface doesn't have any previously queued frames, nothing to readback from
06-27 18:55:20.650  2535  2590 D HomeWallpaperRenderer: OFFSET  x: 1.0  y: 0.0
06-27 18:55:20.666  2535  2590 D HomeWallpaperRenderer: OFFSET  x: 1.0  y: 0.0
06-27 18:55:20.666  2535  3079 W OpenGLRenderer: Surface doesn't have any previously queued frames, nothing to readback from
06-27 18:55:20.683  2535  2590 D HomeWallpaperRenderer: OFFSET  x: 1.0  y: 0.0
06-27 18:55:20.683  2535  3079 W OpenGLRenderer: Surface doesn't have any previously queued frames, nothing to readback from
06-27 18:55:20.700  2535  3079 W OpenGLRenderer: Surface doesn't have any previously queued frames, nothing to readback from
06-27 18:55:20.700  2535  2590 D HomeWallpaperRenderer: OFFSET  x: 1.0  y: 0.0
06-27 18:55:20.716  2535  2590 D HomeWallpaperRenderer: OFFSET  x: 1.0  y: 0.0
06-27 18:55:20.716  2535  3079 W OpenGLRenderer: Surface doesn't have any previously queued frames, nothing to readback from
06-27 18:55:20.733  2535  3079 W OpenGLRenderer: Surface doesn't have any previously queued frames, nothing to readback from
06-27 18:55:20.733  2535  2590 D HomeWallpaperRenderer: OFFSET  x: 1.0  y: 0.0
06-27 18:55:20.749  2535  2590 D HomeWallpaperRenderer: OFFSET  x: 1.0  y: 0.0
06-27 18:55:20.750  2535  3079 W OpenGLRenderer: Surface doesn't have any previously queued frames, nothing to readback from
06-27 18:55:20.767  2535  2590 D HomeWallpaperRenderer: OFFSET  x: 1.0  y: 0.0
06-27 18:55:20.767  2535  3079 W OpenGLRenderer: Surface doesn't have any previously queued frames, nothing to readback from
06-27 18:55:20.783  2535  3079 W OpenGLRenderer: Surface doesn't have any previously queued frames, nothing to readback from
06-27 18:55:20.783  2872  7896 I SarService: Receiver polling >>>> Change receiver mode: off
06-27 18:55:20.784  2535  2590 D HomeWallpaperRenderer: OFFSET  x: 1.0  y: 0.0
06-27 18:55:20.800  2535  2590 D HomeWallpaperRenderer: OFFSET  x: 1.0  y: 0.0
06-27 18:55:20.800  2535  3079 W OpenGLRenderer: Surface doesn't have any previously queued frames, nothing to readback from
06-27 18:55:20.816  2535  2590 D HomeWallpaperRenderer: OFFSET  x: 1.0  y: 0.0
06-27 18:55:20.816  2535  3079 W OpenGLRenderer: Surface doesn't have any previously queued frames, nothing to readback from
06-27 18:55:20.833  2535  2590 D HomeWallpaperRenderer: OFFSET  x: 1.0  y: 0.0
06-27 18:55:20.833  2535  3079 W OpenGLRenderer: Surface doesn't have any previously queued frames, nothing to readback from
06-27 18:55:20.843  1627  2409 I MiuiNetworkPolicy: updateUidState uid = 10574, uidState = 19
06-27 18:55:20.844  1627  2409 I MiuiNetworkPolicy: updateUidState uid = 10574, uidState = 11
06-27 18:55:20.846  1627  1905 D CompatibilityInfo: mCompatibilityFlags - 0
06-27 18:55:20.846  1627  1905 D CompatibilityInfo: applicationDensity - 440
06-27 18:55:20.846  1627  1905 D CompatibilityInfo: applicationScale - 1.0
06-27 18:55:20.849  2535  3079 W OpenGLRenderer: Surface doesn't have any previously queued frames, nothing to readback from
06-27 18:55:20.849  2535  2590 D HomeWallpaperRenderer: OFFSET  x: 1.0  y: 0.0
06-27 18:55:20.867  2535  3079 W OpenGLRenderer: Surface doesn't have any previously queued frames, nothing to readback from
06-27 18:55:20.867  2535  2590 D HomeWallpaperRenderer: OFFSET  x: 1.0  y: 0.0
06-27 18:55:20.874 26106 26106 E SlowAppComponent: 0ms: KeepWarmReceiver instantiating
06-27 18:55:20.875 26106 26106 E SlowAppComponent: Main thread was blocked for 27ms in the background starting with KeepWarmReceiver
06-27 18:55:20.883  2535  2590 D HomeWallpaperRenderer: OFFSET  x: 1.0  y: 0.0
06-27 18:55:20.883  2535  3079 W OpenGLRenderer: Surface doesn't have any previously queued frames, nothing to readback from
06-27 18:55:20.900  2535  3079 W OpenGLRenderer: Surface doesn't have any previously queued frames, nothing to readback from
06-27 18:55:20.900  2535  2590 D HomeWallpaperRenderer: OFFSET  x: 1.0  y: 0.0
06-27 18:55:20.916  2535  3079 W OpenGLRenderer: Surface doesn't have any previously queued frames, nothing to readback from
06-27 18:55:20.916  2535  2590 D HomeWallpaperRenderer: OFFSET  x: 1.0  y: 0.0
06-27 18:55:20.934  2535  3079 W OpenGLRenderer: Surface doesn't have any previously queued frames, nothing to readback from
06-27 18:55:20.934  2535  2590 D HomeWallpaperRenderer: OFFSET  x: 1.0  y: 0.0
06-27 18:55:20.950  2535  2590 D HomeWallpaperRenderer: OFFSET  x: 1.0  y: 0.0
06-27 18:55:20.950  2535  3079 W OpenGLRenderer: Surface doesn't have any previously queued frames, nothing to readback from
06-27 18:55:20.984  2872  7896 I SarService: Receiver polling >>>> Change receiver mode: off
06-27 18:55:21.040  1053  1053 W /vendor/bin/hw/vendor.qti.hardware.perf@2.2-service: type=1400 audit(0.0:99841): avc: denied { search } for comm=41646170744C61756E636820566D name="1817" dev="proc" ino=4343912 scontext=u:r:vendor_hal_perf_default:s0 tcontext=u:r:system_server:s0 tclass=dir permissive=0
06-27 18:55:21.040  1053  1053 W /vendor/bin/hw/vendor.qti.hardware.perf@2.2-service: type=1400 audit(0.0:99842): avc: denied { search } for comm=41646170744C61756E636820566D name="1818" dev="proc" ino=4343913 scontext=u:r:vendor_hal_perf_default:s0 tcontext=u:r:system_server:s0 tclass=dir permissive=0
06-27 18:55:21.040  1053  1053 W /vendor/bin/hw/vendor.qti.hardware.perf@2.2-service: type=1400 audit(0.0:99843): avc: denied { search } for comm=41646170744C61756E636820566D name="1819" dev="proc" ino=4343914 scontext=u:r:vendor_hal_perf_default:s0 tcontext=u:r:system_server:s0 tclass=dir permissive=0
06-27 18:55:21.040  1053  1053 W /vendor/bin/hw/vendor.qti.hardware.perf@2.2-service: type=1400 audit(0.0:99844): avc: denied { search } for comm=41646170744C61756E636820566D name="2384" dev="proc" ino=4343915 scontext=u:r:vendor_hal_perf_default:s0 tcontext=u:r:system_server:s0 tclass=dir permissive=0
06-27 18:55:21.040  1053  1053 W /vendor/bin/hw/vendor.qti.hardware.perf@2.2-service: type=1400 audit(0.0:99845): avc: denied { search } for comm=41646170744C61756E636820566D name="3269" dev="proc" ino=4343922 scontext=u:r:vendor_hal_perf_default:s0 tcontext=u:r:system_server:s0 tclass=dir permissive=0
06-27 18:55:21.184  2872  7896 I SarService: Receiver polling >>>> Change receiver mode: off
06-27 18:55:21.255  1053  3932 E ANDR-PERF-LM: VmRssMeter:: start() 447: Could not find pid, can not collect vmrss data
06-27 18:55:21.255  1053  3932 E ANDR-PERF-LM: AdaptiveLaunch: writeToDataBase() 64: Meter aborted or could not get meter data for this run
06-27 18:55:21.255  1053  3931 E ANDR-PERF-LM: VmRssMeter:: start() 447: Could not find pid, can not collect vmrss data
06-27 18:55:21.284 25032 25032 D BoundBrokerSvc: onRebind: Intent { act=com.google.android.gms.libs.gmscorelogger.service.START dat=chimera-action: cmp=com.google.android.gms/.chimera.PersistentDirectBootAwareApiService }
06-27 18:55:21.384  2872  7896 I SarService: Receiver polling >>>> Change receiver mode: off
06-27 18:55:21.584  2872  7896 I SarService: Receiver polling >>>> Change receiver mode: off
06-27 18:55:21.784  2872  7896 I SarService: Receiver polling >>>> Change receiver mode: off
06-27 18:55:21.985  2872  7896 I SarService: Receiver polling >>>> Change receiver mode: off
06-27 18:55:22.185  2872  7896 I SarService: Receiver polling >>>> Change receiver mode: off
06-27 18:55:22.385  2872  7896 I SarService: Receiver polling >>>> Change receiver mode: off
06-27 18:55:22.586  2872  7896 I SarService: Receiver polling >>>> Change receiver mode: off
06-27 18:55:22.786  2872  7896 I SarService: Receiver polling >>>> Change receiver mode: off
06-27 18:55:22.986  2872  7896 I SarService: Receiver polling >>>> Change receiver mode: off
06-27 18:55:23.186  2872  7896 I SarService: Receiver polling >>>> Change receiver mode: off
06-27 18:55:23.387  2872  7896 I SarService: Receiver polling >>>> Change receiver mode: off
06-27 18:55:23.587  2872  7896 I SarService: Receiver polling >>>> Change receiver mode: off
06-27 18:55:23.631 24189 24564 I PlayCommon: [491] Preparing logs for uploading
06-27 18:55:23.648 24189 24564 I PlayCommon: [491] Connecting to server for timestamp: https://play.googleapis.com/play/log/timestamp
06-27 18:55:23.787  2872  7896 I SarService: Receiver polling >>>> Change receiver mode: off
06-27 18:55:23.988  2872  7896 I SarService: Receiver polling >>>> Change receiver mode: off
06-27 18:55:24.188  2872  7896 I SarService: Receiver polling >>>> Change receiver mode: off
06-27 18:55:24.287  2919  2925 W System  : A resource failed to call release. 
06-27 18:55:24.287  2919  2925 W System  : A resource failed to call release. 
06-27 18:55:24.388  2872  7896 I SarService: Receiver polling >>>> Change receiver mode: off
06-27 18:55:24.588  2872  7896 I SarService: Receiver polling >>>> Change receiver mode: off
06-27 18:55:24.789  2872  7896 I SarService: Receiver polling >>>> Change receiver mode: off
06-27 18:55:24.989  2872  7896 I SarService: Receiver polling >>>> Change receiver mode: off
06-27 18:55:25.189  2872  7896 I SarService: Receiver polling >>>> Change receiver mode: off
06-27 18:55:25.389  2872  7896 I SarService: Receiver polling >>>> Change receiver mode: off
06-27 18:55:25.590  2872  7896 I SarService: Receiver polling >>>> Change receiver mode: off
06-27 18:55:25.790  2872  7896 I SarService: Receiver polling >>>> Change receiver mode: off
06-27 18:55:25.990  2872  7896 I SarService: Receiver polling >>>> Change receiver mode: off
06-27 18:55:26.191  2872  7896 I SarService: Receiver polling >>>> Change receiver mode: off
06-27 18:55:26.391  2872  7896 I SarService: Receiver polling >>>> Change receiver mode: off
06-27 18:55:26.415 25947 25975 W System  : A resource failed to call close. 
06-27 18:55:26.416 25947 25975 W System  : A resource failed to call close. 
06-27 18:55:26.591  2872  7896 I SarService: Receiver polling >>>> Change receiver mode: off
06-27 18:55:26.791  2872  7896 I SarService: Receiver polling >>>> Change receiver mode: off
06-27 18:55:26.992  2872  7896 I SarService: Receiver polling >>>> Change receiver mode: off
06-27 18:55:27.192  2872  7896 I SarService: Receiver polling >>>> Change receiver mode: off
06-27 18:55:27.392  2872  7896 I SarService: Receiver polling >>>> Change receiver mode: off
06-27 18:55:27.593  2872  7896 I SarService: Receiver polling >>>> Change receiver mode: off
06-27 18:55:27.643  1627  2709 I BatteryService: current mPlugType2current mHealthInfo.batteryLevel88current mHealthInfo.batteryTemperature323
06-27 18:55:27.645  8221  8418 D PowerKeeper.Thermal: mBatteryTemperature: 32
06-27 18:55:27.646  8221  8550 D PowerCheckerService: onBatteryChanged, mBatteryLevel = 88, status = 2, level = 88, plug = 2, scale = 100
06-27 18:55:27.646  2816  2816 D QtiCarrierConfigHelper: WARNING, no carrier configs on phone Id: 1
06-27 18:55:27.646  8221  8589 D ThermalIECHandler: storeDataStyle: thermal_iec_monitor_persistence_data_style_iec_state; startIECTime: -1; IECScreenOffOverPeriodTime: 87785757
06-27 18:55:27.648 26331 26331 I PowerSaveService: onReceive: android.intent.action.BATTERY_CHANGED
06-27 18:55:27.648 26331 26331 I PowerNoticeUI: handleBatteryChanged oldPlugType 2 mPlugType 2 oldBatteryLevel 88 mBatteryLevel 88 temperature 323
06-27 18:55:27.648 26331 26331 I ChargerBatteryIntelligenceReceiver: onBatteryChanged temperature32,plugType:2
06-27 18:55:27.648 26331 26331 I PowerFeatureUtils: getVendorName:qcom
06-27 18:55:27.649  2857  2857 V DeviceStatisticsService: chargerType=2 batteryLevel=88 totalBatteryCapacity=4730800
06-27 18:55:27.793  2872  7896 I SarService: Receiver polling >>>> Change receiver mode: off
06-27 18:55:27.993  2872  7896 I SarService: Receiver polling >>>> Change receiver mode: off
06-27 18:55:28.040   678 26637 I keystore2: keystore2::watchdog: Watchdog thread idle -> terminating. Have a great day.
06-27 18:55:28.193  2872  7896 I SarService: Receiver polling >>>> Change receiver mode: off
06-27 18:55:28.394  2872  7896 I SarService: Receiver polling >>>> Change receiver mode: off
06-27 18:55:28.594  2872  7896 I SarService: Receiver polling >>>> Change receiver mode: off
