06-27 18:55:01.286 26106 26106 I ForceDarkHelperStubImpl: initialize for com.instagram.android , ForceDarkAppConfig: null
06-27 18:55:01.289 26106 26106 D nativeloader: Load libforcedarkimpl.so using system ns (caller=/system/framework/miui-framework.jar): ok
06-27 18:55:01.290 26106 26106 D OpenGLRenderer: JNI_OnLoad success
06-27 18:55:01.290 26106 26106 I MiuiForceDarkConfig: setConfig density:2.750000, mainRule:0, secondaryRule:0, tertiaryRule:0
06-27 18:55:01.291 26106 26106 D NetworkSecurityConfig: Using Network Security Config from resource fb_network_security_config debugBuild: false
06-27 18:55:01.293  1627  1822 D HeapUsage Monitor: HeapAllocSize : 71MB; monitorSize : 500MB
06-27 18:55:01.299 26106 26106 D NetworkSecurityConfig: Using Network Security Config from resource fb_network_security_config debugBuild: false
06-27 18:55:01.343 26106 26106 W CrashLoopRemedyLog: unable to delete remedy log, instaCrash: false
06-27 18:55:01.343 26106 26106 W CrashLoopRemedyLog: unable to delete remedy log, instaCrash: true
06-27 18:55:01.349  2872  7896 I SarService: Receiver polling >>>> Change receiver mode: off
06-27 18:55:01.358 26106 26106 W lacrima : LacrimaConfigBuilder.setUserIdActorId not called, using 0
06-27 18:55:01.358 26106 26106 W lacrima : LacrimaConfigBuilder.setUserIdActingAccountId not called, using 0
06-27 18:55:01.370 26106 26106 W stagram.android: type=1400 audit(0.0:99629): avc: denied { read } for name="zoneinfo" dev="proc" ino=4026531860 scontext=u:r:untrusted_app:s0:c62,c258,c512,c768 tcontext=u:object_r:proc_zoneinfo:s0 tclass=file permissive=0 app=com.instagram.android
06-27 18:55:01.377 26106 26106 W lacrima : Start JavaAppDeathCrashDetector... X.1cs
06-27 18:55:01.380 26106 26106 W Lacrima_single_: type=1400 audit(0.0:99630): avc: denied { read } for name="sdcard" dev="tmpfs" ino=10003 scontext=u:r:untrusted_app:s0:c62,c258,c512,c768 tcontext=u:object_r:mnt_sdcard_file:s0 tclass=lnk_file permissive=0 app=com.instagram.android
06-27 18:55:01.384 26106 26106 W lacrima : Sending pending reports
06-27 18:55:01.380 26106 26106 W Lacrima_single_: type=1400 audit(0.0:99631): avc: denied { read } for name="sdcard" dev="tmpfs" ino=10003 scontext=u:r:untrusted_app:s0:c62,c258,c512,c768 tcontext=u:object_r:mnt_sdcard_file:s0 tclass=lnk_file permissive=0 app=com.instagram.android
06-27 18:55:01.387 26106 26106 W SoLoader: Initializing SoLoader: 2
06-27 18:55:01.387 26106 26106 W SoLoader: context.getApplicationContext returned null, holding reference to original context.ApplicationSoSource fallbacks to: /data/app/~~mHJsJgCEXJSsWGGtLk098g==/com.instagram.android-KhicYZsPBSg71DZuM0NbTg==/lib/arm64
06-27 18:55:01.387 26106 26106 W SoLoader: Recording new base apk path: /data/app/~~mHJsJgCEXJSsWGGtLk098g==/com.instagram.android-KhicYZsPBSg71DZuM0NbTg==/base.apk
06-27 18:55:01.387 26106 26106 W SoLoader: Previously recorded 0 base apk paths.
06-27 18:55:01.473 26106 26106 W SoLoader: SoLoader initialized: 2
06-27 18:55:01.491 26106 26106 W FbSoLoader: Will use precomputed native lib dependencies file, extractToDisk = false
06-27 18:55:01.498 26106 26106 W FbSoLoader: Initialized FBSoLoader
06-27 18:55:01.504 26106 26106 W ClassLoadsTracer: ClassTracingLogger not initialized, waiting for callback.
06-27 18:55:01.505 26106 26106 W ClassLoadsTracer: Installed ClassLoadsTracer to com.facebook.common.dextricks.MultiDexClassLoaderLight@b781feb.
06-27 18:55:01.505 26106 26106 W InstagramAppShell: MultiDexClassLoaderLight installed
06-27 18:55:01.507 26106 26106 W SoLoader: Loading verifier on the main thread
06-27 18:55:01.515 26106 26127 D nativeloader: Load /data/app/~~mHJsJgCEXJSsWGGtLk098g==/com.instagram.android-KhicYZsPBSg71DZuM0NbTg==/lib/arm64/libbreakpad.so using ns clns-6 from class loader (caller=base.apk): ok
06-27 18:55:01.510 26106 26106 W Lacrima_startup: type=1400 audit(0.0:99632): avc: granted { execute } for path="/data/data/com.instagram.android/lib-compressed/libearlystartup.so" dev="sda18" ino=2975143 scontext=u:r:untrusted_app:s0:c62,c258,c512,c768 tcontext=u:object_r:app_data_file:s0:c62,c258,c512,c768 tclass=file app=com.instagram.android
06-27 18:55:01.521 26106 26127 D nativeloader: Load /data/data/com.instagram.android/lib-compressed/libearlystartup.so using ns clns-6 from class loader (caller=base.apk): ok
06-27 18:55:01.522 26106 26106 W SoLoader: Loading fb on the main thread
06-27 18:55:01.522 26106 26106 W SoLoader: Loading fb on the main thread
06-27 18:55:01.524 26106 26106 V v9p     : Not disabled
06-27 18:55:01.524 26106 26106 W Verifier: Could not disable RTV
06-27 18:55:01.535 26106 26127 W lacrima : The minidump file is empty!
06-27 18:55:01.542 26106 26127 W lacrima : Start AnrAppDeathDetector... X.1bc
06-27 18:55:01.544 26106 26127 E HeliumCrashReporter: Pending crash path /data/data/com.instagram.android/cache/webview_embedded/Helium Crashpad/pending/ is not a directory
06-27 18:55:01.549  2872  7896 I SarService: Receiver polling >>>> Change receiver mode: off
06-27 18:55:01.540 26106 26106 W Lacrima_startup: type=1400 audit(0.0:99633): avc: granted { execute } for path="/data/data/com.instagram.android/lib-compressed/libstartup.so" dev="sda18" ino=2979031 scontext=u:r:untrusted_app:s0:c62,c258,c512,c768 tcontext=u:object_r:app_data_file:s0:c62,c258,c512,c768 tclass=file app=com.instagram.android
06-27 18:55:01.571 26106 26127 D nativeloader: Load /data/data/com.instagram.android/lib-compressed/libstartup.so using ns clns-6 from class loader (caller=base.apk): ok
06-27 18:55:01.575 26106 26106 W MDCLLight: MultiDexClassLoaderLight already installed
06-27 18:55:01.575 26106 26106 W InstagramAppShell: MultiDexClassLoaderLight installed
06-27 18:55:01.576 26106 26106 W SoLoader: Loading fbjni on the main thread
06-27 18:55:01.577 26106 26106 W SoLoader: Loading profilo_apiimpl on the main thread
06-27 18:55:01.582 26106 26106 W SoLoader: Loading profilo_configjni on the main thread
06-27 18:55:01.585  5878  6357 I bbkx    : (REDACTED) getHotwordActive::active query: %s, watch: %s, devices connected: %s
06-27 18:55:01.590 26106 26106 W SoLoader: Loading profilo_configjni on the main thread
06-27 18:55:01.590 26106 26106 W SoLoader: Loading profilo_mmapbuf on the main thread
06-27 18:55:01.591 26106 26106 W SoLoader: Loading profilo on the main thread
06-27 18:55:01.605 26106 26106 W Profilo/TraceControl: START PROFILO_TRACEID: BzYWf4zBe19
06-27 18:55:01.606 26106 26106 W SoLoader: Loading profilo_mmapbuf on the main thread
06-27 18:55:01.608 26106 26106 W SoLoader: Loading profilo on the main thread
06-27 18:55:01.608 26106 26106 W SoLoader: Loading profilo on the main thread
06-27 18:55:01.609 26106 26106 W SoLoader: Loading profilo on the main thread
06-27 18:55:01.609 26106 26106 W SoLoader: Loading profilo on the main thread
06-27 18:55:01.620 26106 26106 W Lacrima_startup: type=1400 audit(0.0:99634): avc: denied { read } for name="memory.usage_in_bytes" dev="cgroup" ino=8 scontext=u:r:untrusted_app:s0:c62,c258,c512,c768 tcontext=u:object_r:cgroup:s0 tclass=file permissive=0 app=com.instagram.android
06-27 18:55:01.640 26106 26106 W MDCLLight: Failed to load class from parent: kotlinx.coroutines.test.internal.TestMainDispatcherFactory
06-27 18:55:01.640 26106 26106 W MDCLLight: java.lang.ClassNotFoundException: kotlinx.coroutines.test.internal.TestMainDispatcherFactory
06-27 18:55:01.640 26106 26106 W MDCLLight: 	at java.lang.Class.classForName(Native Method)
06-27 18:55:01.640 26106 26106 W MDCLLight: 	at java.lang.BootClassLoader.findClass(ClassLoader.java:2693)
06-27 18:55:01.640 26106 26106 W MDCLLight: 	at java.lang.BootClassLoader.loadClass(ClassLoader.java:2753)
06-27 18:55:01.640 26106 26106 W MDCLLight: 	at java.lang.ClassLoader.loadClass(ClassLoader.java:573)
06-27 18:55:01.640 26106 26106 W MDCLLight: 	at com.facebook.common.dextricks.MultiDexClassLoaderLight.loadFromParent(:4)
06-27 18:55:01.640 26106 26106 W MDCLLight: 	at com.facebook.common.dextricks.MultiDexClassLoaderLight.loadClass(:38)
06-27 18:55:01.640 26106 26106 W MDCLLight: 	at java.lang.ClassLoader.loadClass(ClassLoader.java:625)
06-27 18:55:01.640 26106 26106 W MDCLLight: 	at java.lang.ClassLoader.loadClass(ClassLoader.java:573)
06-27 18:55:01.640 26106 26106 W MDCLLight: 	at java.lang.Class.classForName(Native Method)
06-27 18:55:01.640 26106 26106 W MDCLLight: 	at java.lang.Class.forName(Class.java:607)
06-27 18:55:01.640 26106 26106 W MDCLLight: 	at X.4A5.<clinit>(:60)
06-27 18:55:01.640 26106 26106 W MDCLLight: 	at X.3cu.<init>(:268435469)
06-27 18:55:01.640 26106 26106 W MDCLLight: 	at X.3cv.<clinit>(:2)
06-27 18:55:01.640 26106 26106 W MDCLLight: 	at X.8MU.invoke(:889)
06-27 18:55:01.640 26106 26106 W MDCLLight: 	at X.4aF.A00(:11)
06-27 18:55:01.640 26106 26106 W MDCLLight: 	at com.instagram.process.instagram.InstagramApplicationForMainProcess.initializeAllColdStartJobs(:830)
06-27 18:55:01.640 26106 26106 W MDCLLight: 	at com.instagram.process.instagram.InstagramApplicationForMainProcess.scheduleInitializers(:246)
06-27 18:55:01.640 26106 26106 W MDCLLight: 	at com.instagram.process.instagram.InstagramApplicationForMainProcess.onCreate(:78)
06-27 18:55:01.640 26106 26106 W MDCLLight: 	at com.instagram.app.InstagramAppShell.onCreate(:1001)
06-27 18:55:01.640 26106 26106 W MDCLLight: 	at android.app.Instrumentation.callApplicationOnCreate(Instrumentation.java:1212)
06-27 18:55:01.640 26106 26106 W MDCLLight: 	at android.app.ActivityThread.handleBindApplication(ActivityThread.java:7103)
06-27 18:55:01.640 26106 26106 W MDCLLight: 	at android.app.ActivityThread.access$1600(ActivityThread.java:271)
06-27 18:55:01.640 26106 26106 W MDCLLight: 	at android.app.ActivityThread$H.handleMessage(ActivityThread.java:2134)
06-27 18:55:01.640 26106 26106 W MDCLLight: 	at android.os.Handler.dispatchMessage(Handler.java:106)
06-27 18:55:01.640 26106 26106 W MDCLLight: 	at android.os.Looper.loopOnce(Looper.java:210)
06-27 18:55:01.640 26106 26106 W MDCLLight: 	at android.os.Looper.loop(Looper.java:299)
06-27 18:55:01.640 26106 26106 W MDCLLight: 	at android.app.ActivityThread.main(ActivityThread.java:8319)
06-27 18:55:01.640 26106 26106 W MDCLLight: 	at java.lang.reflect.Method.invoke(Native Method)
06-27 18:55:01.640 26106 26106 W MDCLLight: 	at com.android.internal.os.RuntimeInit$MethodAndArgsCaller.run(RuntimeInit.java:556)
06-27 18:55:01.640 26106 26106 W MDCLLight: 	at com.android.internal.os.ZygoteInit.main(ZygoteInit.java:1038)
06-27 18:55:01.640 26106 26106 W MDCLLight: Caused by: java.lang.NoClassDefFoundError: Class not found using the boot class loader; no stack trace available
06-27 18:55:01.640 26106 26106 W MDCLLight: tryFallbackLoadDex: fallbackLoader is null, unable to fallback load dex for kotlinx.coroutines.test.internal.TestMainDispatcherFactory
06-27 18:55:01.640 26106 26106 E MDCLLight: Fallback load dex failed for kotlinx.coroutines.test.internal.TestMainDispatcherFactory
06-27 18:55:01.646 26106 26106 W SoLoader: Loading hiddenapis2 on the main thread
06-27 18:55:01.647 26106 26106 E HiddenApis2: Failed to init DecodeJObjectFuncPtr
06-27 18:55:01.662 26106 26106 W SoLoader: Loading threadutils-jni on the main thread
06-27 18:55:01.663 26106 26127 D nativeloader: Load /data/app/~~mHJsJgCEXJSsWGGtLk098g==/com.instagram.android-KhicYZsPBSg71DZuM0NbTg==/lib/arm64/libbreakpad_cpp_helper.so using ns clns-6 from class loader (caller=base.apk): ok
06-27 18:55:01.669 26106 26127 W lacrima : Start AnrDetector... com.facebook.acra.anr.multisignal.MultiSignalANRDetector
06-27 18:55:01.669 26106 26127 W MultiSignalANRDetectorLacrima: Starting
06-27 18:55:01.669 26106 26127 W ProcessAnrErrorMonitor: startMonitoring with delay: 0
06-27 18:55:01.670 26106 26153 W SigquitDetectorLacrima: nativeInit
06-27 18:55:01.672 26106 26154 W ProcessAnrErrorMonitor: Starting process monitor checks for process 'com.instagram.android'
06-27 18:55:01.672 26106 26154 W MultiSignalANRDetectorLacrima: Started monitoring
06-27 18:55:01.695 26106 26127 W dalvik-internals: sigaction64 succeeded
06-27 18:55:01.696 26106 26127 D dalvik-internals: SuspendAndroid11: Found all symbols
06-27 18:55:01.696 26106 26127 D dalvik-internals: SuspendAndroid11: Suspending threads.
06-27 18:55:01.696 26106 26127 D dalvik-internals: SuspendAndroid11: Resuming threads.
06-27 18:55:01.696 26106 26127 V dalvik-internals: hooked signal using trap ()
06-27 18:55:01.697 26106 26127 V dalvik-internals: hooked sigaction using trap ()
06-27 18:55:01.697 26106 26127 I dalvik-internals: integrateWithCrashLog crashlog: /data/user/0/com.instagram.android/crash_log, insta_crashlog: /data/user/0/com.instagram.android/insta_crash_log
06-27 18:55:01.697 26106 26127 I dalvik-internals: installed sigmux crash handler for crash log
06-27 18:55:01.697 26106 26127 W lacrima : LacrimaInitializer.init
06-27 18:55:01.698 26106 26127 W lacrima : Cannot find registered detector
06-27 18:55:01.710 26106 26125 W lacrima : FixedLengthFiles.init() called twice.
06-27 18:55:01.710 26106 26125 W lacrima : FixedLengthFiles.init() called twice.
06-27 18:55:01.714 26106 26106 W IgMetaConfig: Could not obtain MC: null_factory 
06-27 18:55:01.714 26106 26106 W IgMetaConfig: java.lang.RuntimeException: Could not obtain MC, call-site will receive default values
06-27 18:55:01.714 26106 26106 W IgMetaConfig: 	at X.4mp.A06(:4)
06-27 18:55:01.714 26106 26106 W IgMetaConfig: 	at X.4mp.A05(:8)
06-27 18:55:01.714 26106 26106 W IgMetaConfig: 	at X.4mp.A03(:2)
06-27 18:55:01.714 26106 26106 W IgMetaConfig: 	at X.4mc.A01(:248)
06-27 18:55:01.714 26106 26106 W IgMetaConfig: 	at X.0Ym.<init>(:229)
06-27 18:55:01.714 26106 26106 W IgMetaConfig: 	at X.1gr.invoke(:714)
06-27 18:55:01.714 26106 26106 W IgMetaConfig: 	at X.1np.getValue(:25)
06-27 18:55:01.714 26106 26106 W IgMetaConfig: 	at X.0bm.A00(:4)
06-27 18:55:01.714 26106 26106 W IgMetaConfig: 	at X.0bm.A05(:4)
06-27 18:55:01.714 26106 26106 W IgMetaConfig: 	at X.4at.A08(:43)
06-27 18:55:01.714 26106 26106 W IgMetaConfig: 	at X.4aX.A04(:33)
06-27 18:55:01.714 26106 26106 W IgMetaConfig: 	at X.4a5.A00(:89)
06-27 18:55:01.714 26106 26106 W IgMetaConfig: 	at com.instagram.process.instagram.InstagramApplicationForMainProcess.initializeAllColdStartJobs(:844)
06-27 18:55:01.714 26106 26106 W IgMetaConfig: 	at com.instagram.process.instagram.InstagramApplicationForMainProcess.scheduleInitializers(:246)
06-27 18:55:01.714 26106 26106 W IgMetaConfig: 	at com.instagram.process.instagram.InstagramApplicationForMainProcess.onCreate(:78)
06-27 18:55:01.714 26106 26106 W IgMetaConfig: 	at com.instagram.app.InstagramAppShell.onCreate(:1001)
06-27 18:55:01.714 26106 26106 W IgMetaConfig: 	at android.app.Instrumentation.callApplicationOnCreate(Instrumentation.java:1212)
06-27 18:55:01.714 26106 26106 W IgMetaConfig: 	at android.app.ActivityThread.handleBindApplication(ActivityThread.java:7103)
06-27 18:55:01.714 26106 26106 W IgMetaConfig: 	at android.app.ActivityThread.access$1600(ActivityThread.java:271)
06-27 18:55:01.714 26106 26106 W IgMetaConfig: 	at android.app.ActivityThread$H.handleMessage(ActivityThread.java:2134)
06-27 18:55:01.714 26106 26106 W IgMetaConfig: 	at android.os.Handler.dispatchMessage(Handler.java:106)
06-27 18:55:01.714 26106 26106 W IgMetaConfig: 	at android.os.Looper.loopOnce(Looper.java:210)
06-27 18:55:01.714 26106 26106 W IgMetaConfig: 	at android.os.Looper.loop(Looper.java:299)
06-27 18:55:01.714 26106 26106 W IgMetaConfig: 	at android.app.ActivityThread.main(ActivityThread.java:8319)
06-27 18:55:01.714 26106 26106 W IgMetaConfig: 	at java.lang.reflect.Method.invoke(Native Method)
06-27 18:55:01.714 26106 26106 W IgMetaConfig: 	at com.android.internal.os.RuntimeInit$MethodAndArgsCaller.run(RuntimeInit.java:556)
06-27 18:55:01.714 26106 26106 W IgMetaConfig: 	at com.android.internal.os.ZygoteInit.main(ZygoteInit.java:1038)
06-27 18:55:01.714 26106 26106 W IgMetaConfig: Could not obtain MC: null_factory 
06-27 18:55:01.714 26106 26106 W IgMetaConfig: java.lang.RuntimeException: Could not obtain MC, call-site will receive default values
06-27 18:55:01.714 26106 26106 W IgMetaConfig: 	at X.4mp.A06(:4)
06-27 18:55:01.714 26106 26106 W IgMetaConfig: 	at X.4mp.A05(:8)
06-27 18:55:01.714 26106 26106 W IgMetaConfig: 	at X.4mp.A03(:2)
06-27 18:55:01.714 26106 26106 W IgMetaConfig: 	at X.4na.A00(:0)
06-27 18:55:01.714 26106 26106 W IgMetaConfig: 	at com.instagram.user.model.User.A0m(:2)
06-27 18:55:01.714 26106 26106 W IgMetaConfig: 	at X.4mc.A01(:317)
06-27 18:55:01.714 26106 26106 W IgMetaConfig: 	at X.0Ym.<init>(:229)
06-27 18:55:01.714 26106 26106 W IgMetaConfig: 	at X.1gr.invoke(:714)
06-27 18:55:01.714 26106 26106 W IgMetaConfig: 	at X.1np.getValue(:25)
06-27 18:55:01.714 26106 26106 W IgMetaConfig: 	at X.0bm.A00(:4)
06-27 18:55:01.714 26106 26106 W IgMetaConfig: 	at X.0bm.A05(:4)
06-27 18:55:01.714 26106 26106 W IgMetaConfig: 	at X.4at.A08(:43)
06-27 18:55:01.714 26106 26106 W IgMetaConfig: 	at X.4aX.A04(:33)
06-27 18:55:01.714 26106 26106 W IgMetaConfig: 	at X.4a5.A00(:89)
06-27 18:55:01.714 26106 26106 W IgMetaConfig: 	at com.instagram.process.instagram.InstagramApplicationForMainProcess.initializeAllColdStartJobs(:844)
06-27 18:55:01.714 26106 26106 W IgMetaConfig: 	at com.instagram.process.instagram.InstagramApplicationForMainProcess.scheduleInitializers(:246)
06-27 18:55:01.714 26106 26106 W IgMetaConfig: 	at com.instagram.process.instagram.InstagramApplicationForMainProcess.onCreate(:78)
06-27 18:55:01.714 26106 26106 W IgMetaConfig: 	at com.instagram.app.InstagramAppShell.onCreate(:1001)
06-27 18:55:01.714 26106 26106 W IgMetaConfig: 	at android.app.Instrumentation.callApplicationOnCreate(Instrumentation.java:1212)
06-27 18:55:01.714 26106 26106 W IgMetaConfig: 	at android.app.ActivityThread.handleBindApplication(ActivityThread.java:7103)
06-27 18:55:01.714 26106 26106 W IgMetaConfig: 	at android.app.ActivityThread.access$1600(ActivityThread.java:271)
06-27 18:55:01.714 26106 26106 W IgMetaConfig: 	at android.app.ActivityThread$H.handleMessage(ActivityThread.java:2134)
06-27 18:55:01.714 26106 26106 W IgMetaConfig: 	at android.os.Handler.dispatchMessage(Handler.java:106)
06-27 18:55:01.714 26106 26106 W IgMetaConfig: 	at android.os.Looper.loopOnce(Looper.java:210)
06-27 18:55:01.714 26106 26106 W IgMetaConfig: 	at android.os.Looper.loop(Looper.java:299)
06-27 18:55:01.714 26106 26106 W IgMetaConfig: 	at android.app.ActivityThread.main(ActivityThread.java:8319)
06-27 18:55:01.714 26106 26106 W IgMetaConfig: 	at java.lang.reflect.Method.invoke(Native Method)
06-27 18:55:01.714 26106 26106 W IgMetaConfig: 	at com.android.internal.os.RuntimeInit$MethodAndArgsCaller.run(RuntimeInit.java:556)
06-27 18:55:01.714 26106 26106 W IgMetaConfig: 	at com.android.internal.os.ZygoteInit.main(ZygoteInit.java:1038)
06-27 18:55:01.715 26106 26106 W IgMetaConfig: Could not obtain MC: null_factory 
06-27 18:55:01.715 26106 26106 W IgMetaConfig: java.lang.RuntimeException: Could not obtain MC, call-site will receive default values
06-27 18:55:01.715 26106 26106 W IgMetaConfig: 	at X.4mp.A06(:4)
06-27 18:55:01.715 26106 26106 W IgMetaConfig: 	at X.4mp.A05(:8)
06-27 18:55:01.715 26106 26106 W IgMetaConfig: 	at X.4mp.A03(:2)
06-27 18:55:01.715 26106 26106 W IgMetaConfig: 	at X.4na.A00(:15)
06-27 18:55:01.715 26106 26106 W IgMetaConfig: 	at com.instagram.user.model.User.A0m(:2)
06-27 18:55:01.715 26106 26106 W IgMetaConfig: 	at X.4mc.A01(:317)
06-27 18:55:01.715 26106 26106 W IgMetaConfig: 	at X.0Ym.<init>(:229)
06-27 18:55:01.715 26106 26106 W IgMetaConfig: 	at X.1gr.invoke(:714)
06-27 18:55:01.715 26106 26106 W IgMetaConfig: 	at X.1np.getValue(:25)
06-27 18:55:01.715 26106 26106 W IgMetaConfig: 	at X.0bm.A00(:4)
06-27 18:55:01.715 26106 26106 W IgMetaConfig: 	at X.0bm.A05(:4)
06-27 18:55:01.715 26106 26106 W IgMetaConfig: 	at X.4at.A08(:43)
06-27 18:55:01.715 26106 26106 W IgMetaConfig: 	at X.4aX.A04(:33)
06-27 18:55:01.715 26106 26106 W IgMetaConfig: 	at X.4a5.A00(:89)
06-27 18:55:01.715 26106 26106 W IgMetaConfig: 	at com.instagram.process.instagram.InstagramApplicationForMainProcess.initializeAllColdStartJobs(:844)
06-27 18:55:01.715 26106 26106 W IgMetaConfig: 	at com.instagram.process.instagram.InstagramApplicationForMainProcess.scheduleInitializers(:246)
06-27 18:55:01.715 26106 26106 W IgMetaConfig: 	at com.instagram.process.instagram.InstagramApplicationForMainProcess.onCreate(:78)
06-27 18:55:01.715 26106 26106 W IgMetaConfig: 	at com.instagram.app.InstagramAppShell.onCreate(:1001)
06-27 18:55:01.715 26106 26106 W IgMetaConfig: 	at android.app.Instrumentation.callApplicationOnCreate(Instrumentation.java:1212)
06-27 18:55:01.715 26106 26106 W IgMetaConfig: 	at android.app.ActivityThread.handleBindApplication(ActivityThread.java:7103)
06-27 18:55:01.715 26106 26106 W IgMetaConfig: 	at android.app.ActivityThread.access$1600(ActivityThread.java:271)
06-27 18:55:01.715 26106 26106 W IgMetaConfig: 	at android.app.ActivityThread$H.handleMessage(ActivityThread.java:2134)
06-27 18:55:01.715 26106 26106 W IgMetaConfig: 	at android.os.Handler.dispatchMessage(Handler.java:106)
06-27 18:55:01.715 26106 26106 W IgMetaConfig: 	at android.os.Looper.loopOnce(Looper.java:210)
06-27 18:55:01.715 26106 26106 W IgMetaConfig: 	at android.os.Looper.loop(Looper.java:299)
06-27 18:55:01.715 26106 26106 W IgMetaConfig: 	at android.app.ActivityThread.main(ActivityThread.java:8319)
06-27 18:55:01.715 26106 26106 W IgMetaConfig: 	at java.lang.reflect.Method.invoke(Native Method)
06-27 18:55:01.715 26106 26106 W IgMetaConfig: 	at com.android.internal.os.RuntimeInit$MethodAndArgsCaller.run(RuntimeInit.java:556)
06-27 18:55:01.715 26106 26106 W IgMetaConfig: 	at com.android.internal.os.ZygoteInit.main(ZygoteInit.java:1038)
06-27 18:55:01.715 26106 26106 W IgMetaConfig: Could not obtain MC: null_factory 
06-27 18:55:01.715 26106 26106 W IgMetaConfig: java.lang.RuntimeException: Could not obtain MC, call-site will receive default values
06-27 18:55:01.715 26106 26106 W IgMetaConfig: 	at X.4mp.A06(:4)
06-27 18:55:01.715 26106 26106 W IgMetaConfig: 	at X.4mp.A05(:8)
06-27 18:55:01.715 26106 26106 W IgMetaConfig: 	at X.4mp.A03(:2)
06-27 18:55:01.715 26106 26106 W IgMetaConfig: 	at X.4na.A00(:30)
06-27 18:55:01.715 26106 26106 W IgMetaConfig: 	at com.instagram.user.model.User.A0m(:2)
06-27 18:55:01.715 26106 26106 W IgMetaConfig: 	at X.4mc.A01(:317)
06-27 18:55:01.715 26106 26106 W IgMetaConfig: 	at X.0Ym.<init>(:229)
06-27 18:55:01.715 26106 26106 W IgMetaConfig: 	at X.1gr.invoke(:714)
06-27 18:55:01.715 26106 26106 W IgMetaConfig: 	at X.1np.getValue(:25)
06-27 18:55:01.715 26106 26106 W IgMetaConfig: 	at X.0bm.A00(:4)
06-27 18:55:01.715 26106 26106 W IgMetaConfig: 	at X.0bm.A05(:4)
06-27 18:55:01.715 26106 26106 W IgMetaConfig: 	at X.4at.A08(:43)
06-27 18:55:01.715 26106 26106 W IgMetaConfig: 	at X.4aX.A04(:33)
06-27 18:55:01.715 26106 26106 W IgMetaConfig: 	at X.4a5.A00(:89)
06-27 18:55:01.715 26106 26106 W IgMetaConfig: 	at com.instagram.process.instagram.InstagramApplicationForMainProcess.initializeAllColdStartJobs(:844)
06-27 18:55:01.715 26106 26106 W IgMetaConfig: 	at com.instagram.process.instagram.InstagramApplicationForMainProcess.scheduleInitializers(:246)
06-27 18:55:01.715 26106 26106 W IgMetaConfig: 	at com.instagram.process.instagram.InstagramApplicationForMainProcess.onCreate(:78)
06-27 18:55:01.715 26106 26106 W IgMetaConfig: 	at com.instagram.app.InstagramAppShell.onCreate(:1001)
06-27 18:55:01.715 26106 26106 W IgMetaConfig: 	at android.app.Instrumentation.callApplicationOnCreate(Instrumentation.java:1212)
06-27 18:55:01.715 26106 26106 W IgMetaConfig: 	at android.app.ActivityThread.handleBindApplication(ActivityThread.java:7103)
06-27 18:55:01.715 26106 26106 W IgMetaConfig: 	at android.app.ActivityThread.access$1600(ActivityThread.java:271)
06-27 18:55:01.715 26106 26106 W IgMetaConfig: 	at android.app.ActivityThread$H.handleMessage(ActivityThread.java:2134)
06-27 18:55:01.715 26106 26106 W IgMetaConfig: 	at android.os.Handler.dispatchMessage(Handler.java:106)
06-27 18:55:01.715 26106 26106 W IgMetaConfig: 	at android.os.Looper.loopOnce(Looper.java:210)
06-27 18:55:01.715 26106 26106 W IgMetaConfig: 	at android.os.Looper.loop(Looper.java:299)
06-27 18:55:01.715 26106 26106 W IgMetaConfig: 	at android.app.ActivityThread.main(ActivityThread.java:8319)
06-27 18:55:01.715 26106 26106 W IgMetaConfig: 	at java.lang.reflect.Method.invoke(Native Method)
06-27 18:55:01.715 26106 26106 W IgMetaConfig: 	at com.android.internal.os.RuntimeInit$MethodAndArgsCaller.run(RuntimeInit.java:556)
06-27 18:55:01.715 26106 26106 W IgMetaConfig: 	at com.android.internal.os.ZygoteInit.main(ZygoteInit.java:1038)
06-27 18:55:01.722 26106 26106 W SoLoader: Loading live-tree-jni on the main thread
06-27 18:55:01.720 26106 26106 W Lacrima_startup: type=1400 audit(0.0:99635): avc: granted { execute } for path="/data/data/com.instagram.android/lib-compressed/libffsingletonmerged.so" dev="sda18" ino=2978351 scontext=u:r:untrusted_app:s0:c62,c258,c512,c768 tcontext=u:object_r:app_data_file:s0:c62,c258,c512,c768 tclass=file app=com.instagram.android
06-27 18:55:01.725 26106 26127 D nativeloader: Load /data/data/com.instagram.android/lib-compressed/libffsingletonmerged.so using ns clns-6 from class loader (caller=base.apk): ok
06-27 18:55:01.730 26106 26106 W IgMetaConfig: Could not obtain MC: null_factory 
06-27 18:55:01.730 26106 26106 W IgMetaConfig: java.lang.RuntimeException: Could not obtain MC, call-site will receive default values
06-27 18:55:01.730 26106 26106 W IgMetaConfig: 	at X.4mp.A06(:4)
06-27 18:55:01.730 26106 26106 W IgMetaConfig: 	at X.4mp.A05(:8)
06-27 18:55:01.730 26106 26106 W IgMetaConfig: 	at X.4mp.A03(:2)
06-27 18:55:01.730 26106 26106 W IgMetaConfig: 	at X.8MR.invoke(:809)
06-27 18:55:01.730 26106 26106 W IgMetaConfig: 	at X.0Mt.invoke(:126)
06-27 18:55:01.730 26106 26106 W IgMetaConfig: 	at X.1np.getValue(:25)
06-27 18:55:01.730 26106 26106 W IgMetaConfig: 	at X.3eo.getScopedClass(:28)
06-27 18:55:01.730 26106 26106 W IgMetaConfig: 	at com.instagram.common.session.UserSession.getScopedClass(:61)
06-27 18:55:01.730 26106 26106 W IgMetaConfig: 	at X.4nl.A00(:14)
06-27 18:55:01.730 26106 26106 W IgMetaConfig: 	at X.8GX.invoke(:944)
06-27 18:55:01.730 26106 26106 W IgMetaConfig: 	at X.1np.getValue(:25)
06-27 18:55:01.730 26106 26106 W IgMetaConfig: 	at com.instagram.user.model.User.A0m(:33)
06-27 18:55:01.730 26106 26106 W IgMetaConfig: 	at X.4mc.A01(:317)
06-27 18:55:01.730 26106 26106 W IgMetaConfig: 	at X.0Ym.<init>(:229)
06-27 18:55:01.730 26106 26106 W IgMetaConfig: 	at X.1gr.invoke(:714)
06-27 18:55:01.730 26106 26106 W IgMetaConfig: 	at X.1np.getValue(:25)
06-27 18:55:01.730 26106 26106 W IgMetaConfig: 	at X.0bm.A00(:4)
06-27 18:55:01.730 26106 26106 W IgMetaConfig: 	at X.0bm.A05(:4)
06-27 18:55:01.730 26106 26106 W IgMetaConfig: 	at X.4at.A08(:43)
06-27 18:55:01.730 26106 26106 W IgMetaConfig: 	at X.4aX.A04(:33)
06-27 18:55:01.730 26106 26106 W IgMetaConfig: 	at X.4a5.A00(:89)
06-27 18:55:01.730 26106 26106 W IgMetaConfig: 	at com.instagram.process.instagram.InstagramApplicationForMainProcess.initializeAllColdStartJobs(:844)
06-27 18:55:01.730 26106 26106 W IgMetaConfig: 	at com.instagram.process.instagram.InstagramApplicationForMainProcess.scheduleInitializers(:246)
06-27 18:55:01.730 26106 26106 W IgMetaConfig: 	at com.instagram.process.instagram.InstagramApplicationForMainProcess.onCreate(:78)
06-27 18:55:01.730 26106 26106 W IgMetaConfig: 	at com.instagram.app.InstagramAppShell.onCreate(:1001)
06-27 18:55:01.730 26106 26106 W IgMetaConfig: 	at android.app.Instrumentation.callApplicationOnCreate(Instrumentation.java:1212)
06-27 18:55:01.730 26106 26106 W IgMetaConfig: 	at android.app.ActivityThread.handleBindApplication(ActivityThread.java:7103)
06-27 18:55:01.730 26106 26106 W IgMetaConfig: 	at android.app.ActivityThread.access$1600(ActivityThread.java:271)
06-27 18:55:01.730 26106 26106 W IgMetaConfig: 	at android.app.ActivityThread$H.handleMessage(ActivityThread.java:2134)
06-27 18:55:01.730 26106 26106 W IgMetaConfig: 	at android.os.Handler.dispatchMessage(Handler.java:106)
06-27 18:55:01.730 26106 26106 W IgMetaConfig: 	at android.os.Looper.loopOnce(Looper.java:210)
06-27 18:55:01.730 26106 26106 W IgMetaConfig: 	at android.os.Looper.loop(Looper.java:299)
06-27 18:55:01.730 26106 26106 W IgMetaConfig: 	at android.app.ActivityThread.main(ActivityThread.java:8319)
06-27 18:55:01.730 26106 26106 W IgMetaConfig: 	at java.lang.reflect.Method.invoke(Native Method)
06-27 18:55:01.730 26106 26106 W IgMetaConfig: 	at com.android.internal.os.RuntimeInit$MethodAndArgsCaller.run(RuntimeInit.java:556)
06-27 18:55:01.730 26106 26106 W IgMetaConfig: 	at com.android.internal.os.ZygoteInit.main(ZygoteInit.java:1038)
06-27 18:55:01.731 26106 26106 W IgMetaConfig: Could not obtain MC: null_factory 
06-27 18:55:01.731 26106 26106 W IgMetaConfig: java.lang.RuntimeException: Could not obtain MC, call-site will receive default values
06-27 18:55:01.731 26106 26106 W IgMetaConfig: 	at X.4mp.A06(:4)
06-27 18:55:01.731 26106 26106 W IgMetaConfig: 	at X.4mp.A05(:8)
06-27 18:55:01.731 26106 26106 W IgMetaConfig: 	at X.4mp.A03(:2)
06-27 18:55:01.731 26106 26106 W IgMetaConfig: 	at X.8MR.invoke(:1136)
06-27 18:55:01.731 26106 26106 W IgMetaConfig: 	at X.0Mt.invoke(:126)
06-27 18:55:01.731 26106 26106 W IgMetaConfig: 	at X.1np.getValue(:25)
06-27 18:55:01.731 26106 26106 W IgMetaConfig: 	at X.3eo.getScopedClass(:28)
06-27 18:55:01.731 26106 26106 W IgMetaConfig: 	at com.instagram.common.session.UserSession.getScopedClass(:61)
06-27 18:55:01.731 26106 26106 W IgMetaConfig: 	at X.4nl.A00(:14)
06-27 18:55:01.731 26106 26106 W IgMetaConfig: 	at X.8GX.invoke(:944)
06-27 18:55:01.731 26106 26106 W IgMetaConfig: 	at X.1np.getValue(:25)
06-27 18:55:01.731 26106 26106 W IgMetaConfig: 	at com.instagram.user.model.User.A0m(:33)
06-27 18:55:01.731 26106 26106 W IgMetaConfig: 	at X.4mc.A01(:317)
06-27 18:55:01.731 26106 26106 W IgMetaConfig: 	at X.0Ym.<init>(:229)
06-27 18:55:01.731 26106 26106 W IgMetaConfig: 	at X.1gr.invoke(:714)
06-27 18:55:01.731 26106 26106 W IgMetaConfig: 	at X.1np.getValue(:25)
06-27 18:55:01.731 26106 26106 W IgMetaConfig: 	at X.0bm.A00(:4)
06-27 18:55:01.731 26106 26106 W IgMetaConfig: 	at X.0bm.A05(:4)
06-27 18:55:01.731 26106 26106 W IgMetaConfig: 	at X.4at.A08(:43)
06-27 18:55:01.731 26106 26106 W IgMetaConfig: 	at X.4aX.A04(:33)
06-27 18:55:01.731 26106 26106 W IgMetaConfig: 	at X.4a5.A00(:89)
06-27 18:55:01.731 26106 26106 W IgMetaConfig: 	at com.instagram.process.instagram.InstagramApplicationForMainProcess.initializeAllColdStartJobs(:844)
06-27 18:55:01.731 26106 26106 W IgMetaConfig: 	at com.instagram.process.instagram.InstagramApplicationForMainProcess.scheduleInitializers(:246)
06-27 18:55:01.731 26106 26106 W IgMetaConfig: 	at com.instagram.process.instagram.InstagramApplicationForMainProcess.onCreate(:78)
06-27 18:55:01.731 26106 26106 W IgMetaConfig: 	at com.instagram.app.InstagramAppShell.onCreate(:1001)
06-27 18:55:01.731 26106 26106 W IgMetaConfig: 	at android.app.Instrumentation.callApplicationOnCreate(Instrumentation.java:1212)
06-27 18:55:01.731 26106 26106 W IgMetaConfig: 	at android.app.ActivityThread.handleBindApplication(ActivityThread.java:7103)
06-27 18:55:01.731 26106 26106 W IgMetaConfig: 	at android.app.ActivityThread.access$1600(ActivityThread.java:271)
06-27 18:55:01.731 26106 26106 W IgMetaConfig: 	at android.app.ActivityThread$H.handleMessage(ActivityThread.java:2134)
06-27 18:55:01.731 26106 26106 W IgMetaConfig: 	at android.os.Handler.dispatchMessage(Handler.java:106)
06-27 18:55:01.731 26106 26106 W IgMetaConfig: 	at android.os.Looper.loopOnce(Looper.java:210)
06-27 18:55:01.731 26106 26106 W IgMetaConfig: 	at android.os.Looper.loop(Looper.java:299)
06-27 18:55:01.731 26106 26106 W IgMetaConfig: 	at android.app.ActivityThread.main(ActivityThread.java:8319)
06-27 18:55:01.731 26106 26106 W IgMetaConfig: 	at java.lang.reflect.Method.invoke(Native Method)
06-27 18:55:01.731 26106 26106 W IgMetaConfig: 	at com.android.internal.os.RuntimeInit$MethodAndArgsCaller.run(RuntimeInit.java:556)
06-27 18:55:01.731 26106 26106 W IgMetaConfig: 	at com.android.internal.os.ZygoteInit.main(ZygoteInit.java:1038)
06-27 18:55:01.731 26106 26106 W SoLoader: Loading pando-jni on the main thread
06-27 18:55:01.732 26106 26127 D nativeloader: Load /data/app/~~mHJsJgCEXJSsWGGtLk098g==/com.instagram.android-KhicYZsPBSg71DZuM0NbTg==/lib/arm64/libfbunwindstack.so using ns clns-6 from class loader (caller=base.apk): ok
06-27 18:55:01.733 26106 26106 W IgMetaConfig: Could not obtain MC: null_factory 
06-27 18:55:01.733 26106 26106 W IgMetaConfig: java.lang.RuntimeException: Could not obtain MC, call-site will receive default values
06-27 18:55:01.733 26106 26106 W IgMetaConfig: 	at X.4mp.A06(:4)
06-27 18:55:01.733 26106 26106 W IgMetaConfig: 	at X.4mp.A05(:8)
06-27 18:55:01.733 26106 26106 W IgMetaConfig: 	at X.4mp.A03(:2)
06-27 18:55:01.733 26106 26106 W IgMetaConfig: 	at X.8MR.invoke(:851)
06-27 18:55:01.733 26106 26106 W IgMetaConfig: 	at X.0Mt.invoke(:126)
06-27 18:55:01.733 26106 26106 W IgMetaConfig: 	at X.1np.getValue(:25)
06-27 18:55:01.733 26106 26106 W IgMetaConfig: 	at X.3eo.getScopedClass(:28)
06-27 18:55:01.733 26106 26106 W IgMetaConfig: 	at com.instagram.common.session.UserSession.getScopedClass(:61)
06-27 18:55:01.733 26106 26106 W IgMetaConfig: 	at X.4nl.A00(:14)
06-27 18:55:01.733 26106 26106 W IgMetaConfig: 	at X.8GX.invoke(:944)
06-27 18:55:01.733 26106 26106 W IgMetaConfig: 	at X.1np.getValue(:25)
06-27 18:55:01.733 26106 26106 W IgMetaConfig: 	at com.instagram.user.model.User.A0m(:33)
06-27 18:55:01.733 26106 26106 W IgMetaConfig: 	at X.4mc.A01(:317)
06-27 18:55:01.733 26106 26106 W IgMetaConfig: 	at X.0Ym.<init>(:229)
06-27 18:55:01.733 26106 26106 W IgMetaConfig: 	at X.1gr.invoke(:714)
06-27 18:55:01.733 26106 26106 W IgMetaConfig: 	at X.1np.getValue(:25)
06-27 18:55:01.733 26106 26106 W IgMetaConfig: 	at X.0bm.A00(:4)
06-27 18:55:01.733 26106 26106 W IgMetaConfig: 	at X.0bm.A05(:4)
06-27 18:55:01.733 26106 26106 W IgMetaConfig: 	at X.4at.A08(:43)
06-27 18:55:01.733 26106 26106 W IgMetaConfig: 	at X.4aX.A04(:33)
06-27 18:55:01.733 26106 26106 W IgMetaConfig: 	at X.4a5.A00(:89)
06-27 18:55:01.733 26106 26106 W IgMetaConfig: 	at com.instagram.process.instagram.InstagramApplicationForMainProcess.initializeAllColdStartJobs(:844)
06-27 18:55:01.733 26106 26106 W IgMetaConfig: 	at com.instagram.process.instagram.InstagramApplicationForMainProcess.scheduleInitializers(:246)
06-27 18:55:01.733 26106 26106 W IgMetaConfig: 	at com.instagram.process.instagram.InstagramApplicationForMainProcess.onCreate(:78)
06-27 18:55:01.733 26106 26106 W IgMetaConfig: 	at com.instagram.app.InstagramAppShell.onCreate(:1001)
06-27 18:55:01.733 26106 26106 W IgMetaConfig: 	at android.app.Instrumentation.callApplicationOnCreate(Instrumentation.java:1212)
06-27 18:55:01.733 26106 26106 W IgMetaConfig: 	at android.app.ActivityThread.handleBindApplication(ActivityThread.java:7103)
06-27 18:55:01.733 26106 26106 W IgMetaConfig: 	at android.app.ActivityThread.access$1600(ActivityThread.java:271)
06-27 18:55:01.733 26106 26106 W IgMetaConfig: 	at android.app.ActivityThread$H.handleMessage(ActivityThread.java:2134)
06-27 18:55:01.733 26106 26106 W IgMetaConfig: 	at android.os.Handler.dispatchMessage(Handler.java:106)
06-27 18:55:01.733 26106 26106 W IgMetaConfig: 	at android.os.Looper.loopOnce(Looper.java:210)
06-27 18:55:01.733 26106 26106 W IgMetaConfig: 	at android.os.Looper.loop(Looper.java:299)
06-27 18:55:01.733 26106 26106 W IgMetaConfig: 	at android.app.ActivityThread.main(ActivityThread.java:8319)
06-27 18:55:01.733 26106 26106 W IgMetaConfig: 	at java.lang.reflect.Method.invoke(Native Method)
06-27 18:55:01.733 26106 26106 W IgMetaConfig: 	at com.android.internal.os.RuntimeInit$MethodAndArgsCaller.run(RuntimeInit.java:556)
06-27 18:55:01.733 26106 26106 W IgMetaConfig: 	at com.android.internal.os.ZygoteInit.main(ZygoteInit.java:1038)
06-27 18:55:01.734 26106 26106 W IgMetaConfig: Could not obtain MC: null_factory 
06-27 18:55:01.734 26106 26106 W IgMetaConfig: java.lang.RuntimeException: Could not obtain MC, call-site will receive default values
06-27 18:55:01.734 26106 26106 W IgMetaConfig: 	at X.4mp.A06(:4)
06-27 18:55:01.734 26106 26106 W IgMetaConfig: 	at X.4mp.A05(:8)
06-27 18:55:01.734 26106 26106 W IgMetaConfig: 	at X.4mp.A03(:2)
06-27 18:55:01.734 26106 26106 W IgMetaConfig: 	at X.8MR.invoke(:871)
06-27 18:55:01.734 26106 26106 W IgMetaConfig: 	at X.0Mt.invoke(:126)
06-27 18:55:01.734 26106 26106 W IgMetaConfig: 	at X.1np.getValue(:25)
06-27 18:55:01.734 26106 26106 W IgMetaConfig: 	at X.3eo.getScopedClass(:28)
06-27 18:55:01.734 26106 26106 W IgMetaConfig: 	at com.instagram.common.session.UserSession.getScopedClass(:61)
06-27 18:55:01.734 26106 26106 W IgMetaConfig: 	at X.4nl.A00(:14)
06-27 18:55:01.734 26106 26106 W IgMetaConfig: 	at X.8GX.invoke(:944)
06-27 18:55:01.734 26106 26106 W IgMetaConfig: 	at X.1np.getValue(:25)
06-27 18:55:01.734 26106 26106 W IgMetaConfig: 	at com.instagram.user.model.User.A0m(:33)
06-27 18:55:01.734 26106 26106 W IgMetaConfig: 	at X.4mc.A01(:317)
06-27 18:55:01.734 26106 26106 W IgMetaConfig: 	at X.0Ym.<init>(:229)
06-27 18:55:01.734 26106 26106 W IgMetaConfig: 	at X.1gr.invoke(:714)
06-27 18:55:01.734 26106 26106 W IgMetaConfig: 	at X.1np.getValue(:25)
06-27 18:55:01.734 26106 26106 W IgMetaConfig: 	at X.0bm.A00(:4)
06-27 18:55:01.734 26106 26106 W IgMetaConfig: 	at X.0bm.A05(:4)
06-27 18:55:01.734 26106 26106 W IgMetaConfig: 	at X.4at.A08(:43)
06-27 18:55:01.734 26106 26106 W IgMetaConfig: 	at X.4aX.A04(:33)
06-27 18:55:01.734 26106 26106 W IgMetaConfig: 	at X.4a5.A00(:89)
06-27 18:55:01.734 26106 26106 W IgMetaConfig: 	at com.instagram.process.instagram.InstagramApplicationForMainProcess.initializeAllColdStartJobs(:844)
06-27 18:55:01.734 26106 26106 W IgMetaConfig: 	at com.instagram.process.instagram.InstagramApplicationForMainProcess.scheduleInitializers(:246)
06-27 18:55:01.734 26106 26106 W IgMetaConfig: 	at com.instagram.process.instagram.InstagramApplicationForMainProcess.onCreate(:78)
06-27 18:55:01.734 26106 26106 W IgMetaConfig: 	at com.instagram.app.InstagramAppShell.onCreate(:1001)
06-27 18:55:01.734 26106 26106 W IgMetaConfig: 	at android.app.Instrumentation.callApplicationOnCreate(Instrumentation.java:1212)
06-27 18:55:01.734 26106 26106 W IgMetaConfig: 	at android.app.ActivityThread.handleBindApplication(ActivityThread.java:7103)
06-27 18:55:01.734 26106 26106 W IgMetaConfig: 	at android.app.ActivityThread.access$1600(ActivityThread.java:271)
06-27 18:55:01.734 26106 26106 W IgMetaConfig: 	at android.app.ActivityThread$H.handleMessage(ActivityThread.java:2134)
06-27 18:55:01.734 26106 26106 W IgMetaConfig: 	at android.os.Handler.dispatchMessage(Handler.java:106)
06-27 18:55:01.734 26106 26106 W IgMetaConfig: 	at android.os.Looper.loopOnce(Looper.java:210)
06-27 18:55:01.734 26106 26106 W IgMetaConfig: 	at android.os.Looper.loop(Looper.java:299)
06-27 18:55:01.734 26106 26106 W IgMetaConfig: 	at android.app.ActivityThread.main(ActivityThread.java:8319)
06-27 18:55:01.734 26106 26106 W IgMetaConfig: 	at java.lang.reflect.Method.invoke(Native Method)
06-27 18:55:01.734 26106 26106 W IgMetaConfig: 	at com.android.internal.os.RuntimeInit$MethodAndArgsCaller.run(RuntimeInit.java:556)
06-27 18:55:01.734 26106 26106 W IgMetaConfig: 	at com.android.internal.os.ZygoteInit.main(ZygoteInit.java:1038)
06-27 18:55:01.735 26106 26106 W IgMetaConfig: Could not obtain MC: null_factory 
06-27 18:55:01.735 26106 26106 W IgMetaConfig: java.lang.RuntimeException: Could not obtain MC, call-site will receive default values
06-27 18:55:01.735 26106 26106 W IgMetaConfig: 	at X.4mp.A06(:4)
06-27 18:55:01.735 26106 26106 W IgMetaConfig: 	at X.4mp.A05(:8)
06-27 18:55:01.735 26106 26106 W IgMetaConfig: 	at X.4mp.A03(:2)
06-27 18:55:01.735 26106 26106 W IgMetaConfig: 	at X.8MR.invoke(:888)
06-27 18:55:01.735 26106 26106 W IgMetaConfig: 	at X.0Mt.invoke(:126)
06-27 18:55:01.735 26106 26106 W IgMetaConfig: 	at X.1np.getValue(:25)
06-27 18:55:01.735 26106 26106 W IgMetaConfig: 	at X.3eo.getScopedClass(:28)
06-27 18:55:01.735 26106 26106 W IgMetaConfig: 	at com.instagram.common.session.UserSession.getScopedClass(:61)
06-27 18:55:01.735 26106 26106 W IgMetaConfig: 	at X.4nl.A00(:14)
06-27 18:55:01.735 26106 26106 W IgMetaConfig: 	at X.8GX.invoke(:944)
06-27 18:55:01.735 26106 26106 W IgMetaConfig: 	at X.1np.getValue(:25)
06-27 18:55:01.735 26106 26106 W IgMetaConfig: 	at com.instagram.user.model.User.A0m(:33)
06-27 18:55:01.735 26106 26106 W IgMetaConfig: 	at X.4mc.A01(:317)
06-27 18:55:01.735 26106 26106 W IgMetaConfig: 	at X.0Ym.<init>(:229)
06-27 18:55:01.735 26106 26106 W IgMetaConfig: 	at X.1gr.invoke(:714)
06-27 18:55:01.735 26106 26106 W IgMetaConfig: 	at X.1np.getValue(:25)
06-27 18:55:01.735 26106 26106 W IgMetaConfig: 	at X.0bm.A00(:4)
06-27 18:55:01.735 26106 26106 W IgMetaConfig: 	at X.0bm.A05(:4)
06-27 18:55:01.735 26106 26106 W IgMetaConfig: 	at X.4at.A08(:43)
06-27 18:55:01.735 26106 26106 W IgMetaConfig: 	at X.4aX.A04(:33)
06-27 18:55:01.735 26106 26106 W IgMetaConfig: 	at X.4a5.A00(:89)
06-27 18:55:01.735 26106 26106 W IgMetaConfig: 	at com.instagram.process.instagram.InstagramApplicationForMainProcess.initializeAllColdStartJobs(:844)
06-27 18:55:01.735 26106 26106 W IgMetaConfig: 	at com.instagram.process.instagram.InstagramApplicationForMainProcess.scheduleInitializers(:246)
06-27 18:55:01.735 26106 26106 W IgMetaConfig: 	at com.instagram.process.instagram.InstagramApplicationForMainProcess.onCreate(:78)
06-27 18:55:01.735 26106 26106 W IgMetaConfig: 	at com.instagram.app.InstagramAppShell.onCreate(:1001)
06-27 18:55:01.735 26106 26106 W IgMetaConfig: 	at android.app.Instrumentation.callApplicationOnCreate(Instrumentation.java:1212)
06-27 18:55:01.735 26106 26106 W IgMetaConfig: 	at android.app.ActivityThread.handleBindApplication(ActivityThread.java:7103)
06-27 18:55:01.735 26106 26106 W IgMetaConfig: 	at android.app.ActivityThread.access$1600(ActivityThread.java:271)
06-27 18:55:01.735 26106 26106 W IgMetaConfig: 	at android.app.ActivityThread$H.handleMessage(ActivityThread.java:2134)
06-27 18:55:01.735 26106 26106 W IgMetaConfig: 	at android.os.Handler.dispatchMessage(Handler.java:106)
06-27 18:55:01.735 26106 26106 W IgMetaConfig: 	at android.os.Looper.loopOnce(Looper.java:210)
06-27 18:55:01.735 26106 26106 W IgMetaConfig: 	at android.os.Looper.loop(Looper.java:299)
06-27 18:55:01.735 26106 26106 W IgMetaConfig: 	at android.app.ActivityThread.main(ActivityThread.java:8319)
06-27 18:55:01.735 26106 26106 W IgMetaConfig: 	at java.lang.reflect.Method.invoke(Native Method)
06-27 18:55:01.735 26106 26106 W IgMetaConfig: 	at com.android.internal.os.RuntimeInit$MethodAndArgsCaller.run(RuntimeInit.java:556)
06-27 18:55:01.735 26106 26106 W IgMetaConfig: 	at com.android.internal.os.ZygoteInit.main(ZygoteInit.java:1038)
06-27 18:55:01.736 26106 26106 W IgMetaConfig: Could not obtain MC: null_factory 
06-27 18:55:01.736 26106 26106 W IgMetaConfig: java.lang.RuntimeException: Could not obtain MC, call-site will receive default values
06-27 18:55:01.736 26106 26106 W IgMetaConfig: 	at X.4mp.A06(:4)
06-27 18:55:01.736 26106 26106 W IgMetaConfig: 	at X.4mp.A05(:8)
06-27 18:55:01.736 26106 26106 W IgMetaConfig: 	at X.4mp.A03(:2)
06-27 18:55:01.736 26106 26106 W IgMetaConfig: 	at X.8MR.invoke(:909)
06-27 18:55:01.736 26106 26106 W IgMetaConfig: 	at X.0Mt.invoke(:126)
06-27 18:55:01.736 26106 26106 W IgMetaConfig: 	at X.1np.getValue(:25)
06-27 18:55:01.736 26106 26106 W IgMetaConfig: 	at X.3eo.getScopedClass(:28)
06-27 18:55:01.736 26106 26106 W IgMetaConfig: 	at com.instagram.common.session.UserSession.getScopedClass(:61)
06-27 18:55:01.736 26106 26106 W IgMetaConfig: 	at X.4nl.A00(:14)
06-27 18:55:01.736 26106 26106 W IgMetaConfig: 	at X.8GX.invoke(:944)
06-27 18:55:01.736 26106 26106 W IgMetaConfig: 	at X.1np.getValue(:25)
06-27 18:55:01.736 26106 26106 W IgMetaConfig: 	at com.instagram.user.model.User.A0m(:33)
06-27 18:55:01.736 26106 26106 W IgMetaConfig: 	at X.4mc.A01(:317)
06-27 18:55:01.736 26106 26106 W IgMetaConfig: 	at X.0Ym.<init>(:229)
06-27 18:55:01.736 26106 26106 W IgMetaConfig: 	at X.1gr.invoke(:714)
06-27 18:55:01.736 26106 26106 W IgMetaConfig: 	at X.1np.getValue(:25)
06-27 18:55:01.736 26106 26106 W IgMetaConfig: 	at X.0bm.A00(:4)
06-27 18:55:01.736 26106 26106 W IgMetaConfig: 	at X.0bm.A05(:4)
06-27 18:55:01.736 26106 26106 W IgMetaConfig: 	at X.4at.A08(:43)
06-27 18:55:01.736 26106 26106 W IgMetaConfig: 	at X.4aX.A04(:33)
06-27 18:55:01.736 26106 26106 W IgMetaConfig: 	at X.4a5.A00(:89)
06-27 18:55:01.736 26106 26106 W IgMetaConfig: 	at com.instagram.process.instagram.InstagramApplicationForMainProcess.initializeAllColdStartJobs(:844)
06-27 18:55:01.736 26106 26106 W IgMetaConfig: 	at com.instagram.process.instagram.InstagramApplicationForMainProcess.scheduleInitializers(:246)
06-27 18:55:01.736 26106 26106 W IgMetaConfig: 	at com.instagram.process.instagram.InstagramApplicationForMainProcess.onCreate(:78)
06-27 18:55:01.736 26106 26106 W IgMetaConfig: 	at com.instagram.app.InstagramAppShell.onCreate(:1001)
06-27 18:55:01.736 26106 26106 W IgMetaConfig: 	at android.app.Instrumentation.callApplicationOnCreate(Instrumentation.java:1212)
06-27 18:55:01.736 26106 26106 W IgMetaConfig: 	at android.app.ActivityThread.handleBindApplication(ActivityThread.java:7103)
06-27 18:55:01.736 26106 26106 W IgMetaConfig: 	at android.app.ActivityThread.access$1600(ActivityThread.java:271)
06-27 18:55:01.736 26106 26106 W IgMetaConfig: 	at android.app.ActivityThread$H.handleMessage(ActivityThread.java:2134)
06-27 18:55:01.736 26106 26106 W IgMetaConfig: 	at android.os.Handler.dispatchMessage(Handler.java:106)
06-27 18:55:01.736 26106 26106 W IgMetaConfig: 	at android.os.Looper.loopOnce(Looper.java:210)
06-27 18:55:01.736 26106 26106 W IgMetaConfig: 	at android.os.Looper.loop(Looper.java:299)
06-27 18:55:01.736 26106 26106 W IgMetaConfig: 	at android.app.ActivityThread.main(ActivityThread.java:8319)
06-27 18:55:01.736 26106 26106 W IgMetaConfig: 	at java.lang.reflect.Method.invoke(Native Method)
06-27 18:55:01.736 26106 26106 W IgMetaConfig: 	at com.android.internal.os.RuntimeInit$MethodAndArgsCaller.run(RuntimeInit.java:556)
06-27 18:55:01.736 26106 26106 W IgMetaConfig: 	at com.android.internal.os.ZygoteInit.main(ZygoteInit.java:1038)
06-27 18:55:01.737 26106 26106 W IgMetaConfig: Could not obtain MC: null_factory 
06-27 18:55:01.737 26106 26106 W IgMetaConfig: java.lang.RuntimeException: Could not obtain MC, call-site will receive default values
06-27 18:55:01.737 26106 26106 W IgMetaConfig: 	at X.4mp.A06(:4)
06-27 18:55:01.737 26106 26106 W IgMetaConfig: 	at X.4mp.A05(:8)
06-27 18:55:01.737 26106 26106 W IgMetaConfig: 	at X.4mp.A03(:2)
06-27 18:55:01.737 26106 26106 W IgMetaConfig: 	at X.8MR.invoke(:924)
06-27 18:55:01.737 26106 26106 W IgMetaConfig: 	at X.0Mt.invoke(:126)
06-27 18:55:01.737 26106 26106 W IgMetaConfig: 	at X.1np.getValue(:25)
06-27 18:55:01.737 26106 26106 W IgMetaConfig: 	at X.3eo.getScopedClass(:28)
06-27 18:55:01.737 26106 26106 W IgMetaConfig: 	at com.instagram.common.session.UserSession.getScopedClass(:61)
06-27 18:55:01.737 26106 26106 W IgMetaConfig: 	at X.4nl.A00(:14)
06-27 18:55:01.737 26106 26106 W IgMetaConfig: 	at X.8GX.invoke(:944)
06-27 18:55:01.737 26106 26106 W IgMetaConfig: 	at X.1np.getValue(:25)
06-27 18:55:01.737 26106 26106 W IgMetaConfig: 	at com.instagram.user.model.User.A0m(:33)
06-27 18:55:01.737 26106 26106 W IgMetaConfig: 	at X.4mc.A01(:317)
06-27 18:55:01.737 26106 26106 W IgMetaConfig: 	at X.0Ym.<init>(:229)
06-27 18:55:01.737 26106 26106 W IgMetaConfig: 	at X.1gr.invoke(:714)
06-27 18:55:01.737 26106 26106 W IgMetaConfig: 	at X.1np.getValue(:25)
06-27 18:55:01.737 26106 26106 W IgMetaConfig: 	at X.0bm.A00(:4)
06-27 18:55:01.737 26106 26106 W IgMetaConfig: 	at X.0bm.A05(:4)
06-27 18:55:01.737 26106 26106 W IgMetaConfig: 	at X.4at.A08(:43)
06-27 18:55:01.737 26106 26106 W IgMetaConfig: 	at X.4aX.A04(:33)
06-27 18:55:01.737 26106 26106 W IgMetaConfig: 	at X.4a5.A00(:89)
06-27 18:55:01.737 26106 26106 W IgMetaConfig: 	at com.instagram.process.instagram.InstagramApplicationForMainProcess.initializeAllColdStartJobs(:844)
06-27 18:55:01.737 26106 26106 W IgMetaConfig: 	at com.instagram.process.instagram.InstagramApplicationForMainProcess.scheduleInitializers(:246)
06-27 18:55:01.737 26106 26106 W IgMetaConfig: 	at com.instagram.process.instagram.InstagramApplicationForMainProcess.onCreate(:78)
06-27 18:55:01.737 26106 26106 W IgMetaConfig: 	at com.instagram.app.InstagramAppShell.onCreate(:1001)
06-27 18:55:01.737 26106 26106 W IgMetaConfig: 	at android.app.Instrumentation.callApplicationOnCreate(Instrumentation.java:1212)
06-27 18:55:01.737 26106 26106 W IgMetaConfig: 	at android.app.ActivityThread.handleBindApplication(ActivityThread.java:7103)
06-27 18:55:01.737 26106 26106 W IgMetaConfig: 	at android.app.ActivityThread.access$1600(ActivityThread.java:271)
06-27 18:55:01.737 26106 26106 W IgMetaConfig: 	at android.app.ActivityThread$H.handleMessage(ActivityThread.java:2134)
06-27 18:55:01.737 26106 26106 W IgMetaConfig: 	at android.os.Handler.dispatchMessage(Handler.java:106)
06-27 18:55:01.737 26106 26106 W IgMetaConfig: 	at android.os.Looper.loopOnce(Looper.java:210)
06-27 18:55:01.737 26106 26106 W IgMetaConfig: 	at android.os.Looper.loop(Looper.java:299)
06-27 18:55:01.737 26106 26106 W IgMetaConfig: 	at android.app.ActivityThread.main(ActivityThread.java:8319)
06-27 18:55:01.737 26106 26106 W IgMetaConfig: 	at java.lang.reflect.Method.invoke(Native Method)
06-27 18:55:01.737 26106 26106 W IgMetaConfig: 	at com.android.internal.os.RuntimeInit$MethodAndArgsCaller.run(RuntimeInit.java:556)
06-27 18:55:01.737 26106 26106 W IgMetaConfig: 	at com.android.internal.os.ZygoteInit.main(ZygoteInit.java:1038)
06-27 18:55:01.738 26106 26106 W IgMetaConfig: Could not obtain MC: null_factory 
