06-27 19:45:02.661  8221  8589 D ThermalIECHandler: IECAll48Allowed: false; IECMonitorAllowed: false; IECTestState: false
06-27 19:45:02.662  1627  5857 V LocationPolicy: writePolicyLocked()
06-27 19:45:02.662 25950 25964 D AppObserver: ForegroundInfo{mForegroundPackageName='org.alexandreareias.edmundoapp', mForegroundUid=10869, mForegroundPid=17348, mLastForegroundPackageName='com.miui.home', mLastForegroundUid=10092, mLastForegroundPid=25950, mMultiWindowForegroundPackageName='org.alexandreareias.edmundoapp', mMultiWindowForegroundUid=10869, mFlags=1}
06-27 19:45:02.664  2535  2590 D HomeWallpaperRenderer: OFFSET  x: 1.0  y: 0.0
06-27 19:45:02.666  1627  2409 I MiuiNetworkPolicy: updateUidState uid = 10869, uidState = 2
06-27 19:45:02.666  1627  1815 D Aurogon :  uid = 10869 switch to FG
06-27 19:45:02.666 26331 26343 I GameBoosterService: onForegroundInfoChanged: Cur=org.alexandreareias.edmundoapp	 last=com.miui.home
06-27 19:45:02.666 25530 27040 D PMonitor:  onForegroundActivitiesChanged:pid = 17348,activity-uid=10869,foregroundActivities=true
06-27 19:45:02.666 26331 26343 D GameBoosterService: onGameStatusChange foreground:ForegroundInfo{mForegroundPackageName='org.alexandreareias.edmundoapp', mForegroundUid=10869, mForegroundPid=17348, mLastForegroundPackageName='com.miui.home', mLastForegroundUid=10092, mLastForegroundPid=25950, mMultiWindowForegroundPackageName='org.alexandreareias.edmundoapp', mMultiWindowForegroundUid=10869, mFlags=1}
06-27 19:45:02.667 26331 26343 I VideoBoxUtils: isSupportVideoBox: false
06-27 19:45:02.667 26331 26343 I VideoToolBoxService: vtb is closed!!!
06-27 19:45:02.668  5990  6010 W MQSService: CallerName:org.alexandreareias.edmundoapp,calling Uid:10869
06-27 19:45:02.668  5990  6010 D MQSService: registerApplicationScoutThread pid = 17348, packageName = org.alexandreareias.edmundoapp
06-27 19:45:02.668  1627  1815 D NetworkManagement: failed to update firewall rulle!
06-27 19:45:02.670  2535  3079 W OpenGLRenderer: Surface doesn't have any previously queued frames, nothing to readback from
06-27 19:45:02.674 25950 27291 W FloatingIconLayer: release
06-27 19:45:02.675  2535  2590 D HomeWallpaperRenderer: OFFSET  x: 1.0  y: 0.0
06-27 19:45:02.676  2535  3079 W OpenGLRenderer: Surface doesn't have any previously queued frames, nothing to readback from
06-27 19:45:02.680 17348 17348 I ActivityThread: Relaunch all activities: onCoreSettingsChange
06-27 19:45:02.683 17348 17348 D CompatibilityChangeReporter: Compat change id reported: 171979766; UID 10869; state: ENABLED
06-27 19:45:02.685 17348 17360 D AppScoutStateMachine: 17348-ScoutStateMachinecreated
06-27 19:45:02.694  2535  2590 D HomeWallpaperRenderer: OFFSET  x: 1.0  y: 0.0
06-27 19:45:02.694  2535  3079 W OpenGLRenderer: Surface doesn't have any previously queued frames, nothing to readback from
06-27 19:45:02.702  8221  8589 D ThermalIECHandler: storeDataStyle: thermal_iec_monitor_persistence_data_style_iec_state; startIECTime: -1; IECScreenOffOverPeriodTime: 94674207
06-27 19:45:02.702  8221  8589 D ThermalIECHandler: storeDataStyle: thermal_iec_monitor_persistence_data_style_iec_state; startIECTime: -1; IECScreenOffOverPeriodTime: 94674207
06-27 19:45:02.704 17348 17348 W ActivityThread: Application org.alexandreareias.edmundoapp can be debugged on port 8100...
06-27 19:45:02.708  2535  3079 W OpenGLRenderer: Surface doesn't have any previously queued frames, nothing to readback from
06-27 19:45:02.710  2535  2590 D HomeWallpaperRenderer: OFFSET  x: 1.0  y: 0.0
06-27 19:45:02.700  1053  1053 W /vendor/bin/hw/vendor.qti.hardware.perf@2.2-service: type=1400 audit(0.0:103637): avc: denied { search } for comm=41646170744C61756E636820566D name="1817" dev="proc" ino=4505513 scontext=u:r:vendor_hal_perf_default:s0 tcontext=u:r:system_server:s0 tclass=dir permissive=0
06-27 19:45:02.700  1053  1053 W /vendor/bin/hw/vendor.qti.hardware.perf@2.2-service: type=1400 audit(0.0:103638): avc: denied { search } for comm=41646170744C61756E636820566D name="1818" dev="proc" ino=4499875 scontext=u:r:vendor_hal_perf_default:s0 tcontext=u:r:system_server:s0 tclass=dir permissive=0
06-27 19:45:02.700  1053  1053 W /vendor/bin/hw/vendor.qti.hardware.perf@2.2-service: type=1400 audit(0.0:103639): avc: denied { search } for comm=41646170744C61756E636820566D name="1819" dev="proc" ino=4499876 scontext=u:r:vendor_hal_perf_default:s0 tcontext=u:r:system_server:s0 tclass=dir permissive=0
06-27 19:45:02.700  1053  1053 W /vendor/bin/hw/vendor.qti.hardware.perf@2.2-service: type=1400 audit(0.0:103640): avc: denied { search } for comm=41646170744C61756E636820566D name="2384" dev="proc" ino=4499877 scontext=u:r:vendor_hal_perf_default:s0 tcontext=u:r:system_server:s0 tclass=dir permissive=0
06-27 19:45:02.700  1053  1053 W /vendor/bin/hw/vendor.qti.hardware.perf@2.2-service: type=1400 audit(0.0:103641): avc: denied { search } for comm=41646170744C61756E636820566D name="3269" dev="proc" ino=4505520 scontext=u:r:vendor_hal_perf_default:s0 tcontext=u:r:system_server:s0 tclass=dir permissive=0
06-27 19:45:02.700  1053  1053 W /vendor/bin/hw/vendor.qti.hardware.perf@2.2-service: type=1400 audit(0.0:103642): avc: denied { search } for comm=41646170744C61756E636820566D name="3270" dev="proc" ino=4499878 scontext=u:r:vendor_hal_perf_default:s0 tcontext=u:r:system_server:s0 tclass=dir permissive=0
06-27 19:45:02.714 17348 17348 W ziparchive: Unable to open '/data/app/~~2_jz4MBK9pV7Wj6HKv37rQ==/org.alexandreareias.edmundoapp-rWh5LAayH-LrkYQPrIqtRg==/base.dm': No such file or directory
06-27 19:45:02.714 17348 17348 W ziparchive: Unable to open '/data/app/~~2_jz4MBK9pV7Wj6HKv37rQ==/org.alexandreareias.edmundoapp-rWh5LAayH-LrkYQPrIqtRg==/base.dm': No such file or directory
06-27 19:45:02.723 17348 17348 D nativeloader: Configuring clns-4 for other apk /data/app/~~2_jz4MBK9pV7Wj6HKv37rQ==/org.alexandreareias.edmundoapp-rWh5LAayH-LrkYQPrIqtRg==/base.apk. target_sdk_version=31, uses_libraries=, library_path=/data/app/~~2_jz4MBK9pV7Wj6HKv37rQ==/org.alexandreareias.edmundoapp-rWh5LAayH-LrkYQPrIqtRg==/lib/arm64:/data/app/~~2_jz4MBK9pV7Wj6HKv37rQ==/org.alexandreareias.edmundoapp-rWh5LAayH-LrkYQPrIqtRg==/base.apk!/lib/arm64-v8a, permitted_path=/data:/mnt/expand:/data/user/0/org.alexandreareias.edmundoapp
06-27 19:45:02.724  2535  2590 D HomeWallpaperRenderer: OFFSET  x: 1.0  y: 0.0
06-27 19:45:02.724  2535  3079 W OpenGLRenderer: Surface doesn't have any previously queued frames, nothing to readback from
06-27 19:45:02.741  2535  2590 D HomeWallpaperRenderer: OFFSET  x: 1.0  y: 0.0
06-27 19:45:02.741  2535  3079 W OpenGLRenderer: Surface doesn't have any previously queued frames, nothing to readback from
06-27 19:45:02.751 17348 17348 I Perf    : Connecting to perf service.
06-27 19:45:02.758  2535  2590 D HomeWallpaperRenderer: OFFSET  x: 1.0  y: 0.0
06-27 19:45:02.758  2535  3079 W OpenGLRenderer: Surface doesn't have any previously queued frames, nothing to readback from
06-27 19:45:02.763 17348 17348 V GraphicsEnvironment: ANGLE Developer option for 'org.alexandreareias.edmundoapp' set to: 'default'
06-27 19:45:02.763 17348 17348 V GraphicsEnvironment: Neither updatable production driver nor prerelease driver is supported.
06-27 19:45:02.767 17348 17348 I ForceDarkHelperStubImpl: initialize for org.alexandreareias.edmundoapp , ForceDarkOrigin
06-27 19:45:02.769 17348 17348 D nativeloader: Load libforcedarkimpl.so using system ns (caller=/system/framework/miui-framework.jar): ok
06-27 19:45:02.769 17348 17348 D OpenGLRenderer: JNI_OnLoad success
06-27 19:45:02.769 17348 17348 I MiuiForceDarkConfig: setConfig density:2.750000, mainRule:0, secondaryRule:0, tertiaryRule:0
06-27 19:45:02.774  2535  2590 D HomeWallpaperRenderer: OFFSET  x: 1.0  y: 0.0
06-27 19:45:02.774  2535  3079 W OpenGLRenderer: Surface doesn't have any previously queued frames, nothing to readback from
06-27 19:45:02.775 17348 17348 D NetworkSecurityConfig: No Network Security Config specified, using platform default
06-27 19:45:02.778 17348 17348 D NetworkSecurityConfig: No Network Security Config specified, using platform default
06-27 19:45:02.784  2872  7896 I SarService: Receiver polling >>>> Change receiver mode: off
06-27 19:45:02.792  2535  2590 D HomeWallpaperRenderer: OFFSET  x: 1.0  y: 0.0
06-27 19:45:02.792  2535  3079 W OpenGLRenderer: Surface doesn't have any previously queued frames, nothing to readback from
06-27 19:45:02.808  2535  2590 D HomeWallpaperRenderer: OFFSET  x: 1.0  y: 0.0
06-27 19:45:02.808  2535  3079 W OpenGLRenderer: Surface doesn't have any previously queued frames, nothing to readback from
06-27 19:45:02.826  2535  2590 D HomeWallpaperRenderer: OFFSET  x: 1.0  y: 0.0
06-27 19:45:02.826  2535  3079 W OpenGLRenderer: Surface doesn't have any previously queued frames, nothing to readback from
06-27 19:45:02.832 17348 17348 V PythonActivity: PythonActivity onCreate running
06-27 19:45:02.833 17348 17348 V PythonActivity: About to do super onCreate
06-27 19:45:02.833 17348 17348 V SDL     : Device: joyeuse
06-27 19:45:02.833 17348 17348 V SDL     : Model: Redmi Note 9 Pro
06-27 19:45:02.833 17348 17348 V SDL     : onCreate()
06-27 19:45:02.841 17348 17348 V PythonActivity: Did super onCreate
06-27 19:45:02.841 17348 17348 V SDL     : getting identifier
06-27 19:45:02.841 17348 17348 V SDL     : kind is layout and name lottie
06-27 19:45:02.842  2535  2590 D HomeWallpaperRenderer: OFFSET  x: 1.0  y: 0.0
06-27 19:45:02.842  2535  3079 W OpenGLRenderer: Surface doesn't have any previously queued frames, nothing to readback from
06-27 19:45:02.844 17348 17348 V SDL     : result is 0
06-27 19:45:02.844 17348 17348 E eias.edmundoap: Invalid ID 0x00000000.
06-27 19:45:02.845 17348 17348 V SDL     : couldn't find lottie layout or animation, trying static splash
06-27 19:45:02.845 17348 17348 V SDL     : getting identifier
06-27 19:45:02.845 17348 17348 V SDL     : kind is drawable and name presplash
06-27 19:45:02.846 17348 17348 V SDL     : result is 2130771969
06-27 19:45:02.858  2535  2590 D HomeWallpaperRenderer: OFFSET  x: 1.0  y: 0.0
06-27 19:45:02.858  2535  3079 W OpenGLRenderer: Surface doesn't have any previously queued frames, nothing to readback from
06-27 19:45:02.858 17348 17348 D ViewScrollStubImpl: the value of mScrollFrictionRes is: 0.015
06-27 19:45:02.865 17348 17348 V SDL     : asked to get string presplash_color
06-27 19:45:02.865 17348 17348 V SDL     : getting identifier
06-27 19:45:02.865 17348 17348 V SDL     : kind is string and name presplash_color
06-27 19:45:02.865 17348 17348 V SDL     : result is 2131034113
06-27 19:45:02.872 17348 17348 E eias.edmundoap: Invalid ID 0x00000000.
06-27 19:45:02.875  2535  3079 W OpenGLRenderer: Surface doesn't have any previously queued frames, nothing to readback from
06-27 19:45:02.876  2535  2590 D HomeWallpaperRenderer: OFFSET  x: 1.0  y: 0.0
06-27 19:45:02.884 17348 17348 D MiuiMultiWindowUtils: freeform resolution args raw data:{  "zizhan":{    "freeform_args": {      "inner":{        "vertical_portrait":{"aspect_ratio":0.626, "original_ratio":0.5643,"original_scale":0.74,"top_margin":0.168,"left_margin":0.484},        "horizontal_portrait":{"aspect_ratio":0.626, "original_ratio":0.5643,"original_scale":0.74,"top_margin":0.1222,"left_margin":0.59745},        "vertical_landscape":{"aspect_ratio":1.6, "original_ratio":1,"original_scale":0.604,"top_margin":0.2596,"left_margin":0.2624},        "horizontal_landscape":{"aspect_ratio":1.6, "original_ratio":1,"original_scale":0.604,"top_margin":0.213,"left_margin":0.3758}      },      "outer":{        "vertical_portrait":{"aspect_ratio":0.626, "original_ratio":1,"original_scale":0.74,"top_margin":0.0753,"left_margin":-1},        "horizontal_portrait":{"aspect_ratio":0.626, "original_ratio":1,"original_scale":0.5756,"top_margin":-1,"left_margin":0.0753},        "vertical_landscape":{"aspect_ratio":1.6, "original_ratio":0.6847,"original_scale":0.587,"top_margin":0.0753,"left_margin":-1},        "horizontal_landscape":{"aspect_ratio":1.6, "original_ratio":0.6847,"original_scale":0.587,"top_margin":-1,"left_margin":0.0753}}    },    "mini_freeform_args":{      "inner":{        "vertical_portrait":{"aspect_ratio":0.626, "original_ratio":0.147},        "horizontal_portrait":{"aspect_ratio":0.626, "original_ratio":0.147},        "vertical_landscape":{"aspect_ratio":1.6, "original_ratio":0.165},        "horizontal_landscape":{"aspect_ratio":1.6, "original_ratio":0.165}      },      "outer":{        "vertical_portrait":{"aspect_ratio":0.626, "original_ratio":0.26},        "horizontal_portrait":{"aspect_ratio":0.626, "original_ratio":0.26},        "vertical_landscape":{"aspect_ratio":1.6, "original_ratio":0.293},        "horizontal_landscape":{"aspect_ratio":1.6, "original_ratio":0.293}}    }  },  "wide_default":{    "freeform_args": {        "vertical_portrait":{"aspect_ratio":0.625, "original_ratio":0.58,"original_scale":0.7574,"top_margin":0.125,"left_margin":-1},        "horizontal_portrait":{"aspect_ratio":0.625, "original_ratio":0.58,"original_scale":0.7574,"top_margin":-1,"left_margin":0.0714},        "vertical_landscape":{"aspect_ratio":1.6, "original_ratio":1,"original_scale":0.5153,"top_margin":0.125,"left_margin":-1},        "horizontal_landscape":{"aspect_ratio":1.6, "original_ratio":1,"original_scale":0.5153,"top_margin":-1,"left_margin":0.0714}    },    "mini_freeform_args":{        "vertical_portrait":{"aspect_ratio":0.5625, "original_ratio":0.144},        "horizontal_portrait":{"aspect_ratio":0.5625, "original_ratio":0.144},        "vertical_landscape":{"aspect_ratio":-1, "original_ratio":0.144},        "horizontal_landscape":{"aspect_ratio":-1, "original_ratio":0.144}    }  },  "narrow_default": {    "freeform_args": {        "vertical_portrait":{"aspect_ratio":0.5625, "original_ratio":1,"original_scale":0.7182,"top_margin":0.142,"left_margin":-1},        "horizontal_portrait":{"aspect_ratio":0.8, "original_ratio":1,"original_scale":0.7182,"top_margin":-1,"left_margin":0.05},        "vertical_landscape":{"aspect_ratio":1.6, "original_ratio":0.6545,"original_scale":0.4473,"top_margin":0.142,"left_margin":-1},        "horizontal_landscape":{"aspect_ratio":1.6, "original_ratio":0.6545,"original_scale":0.4473,"top_margin":-1,"left_margin":0.05}    },    "mini_freeform_args":{        "vertical_portrait":{"aspect_ratio":0.5625, "original_ratio":0.3},        "horizontal_portrait":{"aspect_ratio":0.5625, "original_ratio":0.3},        "vertical_landscape":{"aspect_ratio":1.7778, "original_ratio":0.3},        "horizontal_landscape":{"aspect_ratio":1.7778, "original_ratio":0.3}    }  },  "regular_default": {    "freeform_args": {      "vertical_portrait":{"aspect_ratio":0.625, "original_ratio":1,"original_scale":0.7,"top_margin":0.109,"left_margin":-1},      "horizontal_portrait":{"aspect_ratio":0.6667, "original_ratio":1,"original_scale":0.6102,"top_margin":-1,"left_margin":0.026},      "vertical_landscape":{"aspect_ratio
06-27 19:45:02.891  2535  2590 D HomeWallpaperRenderer: OFFSET  x: 1.0  y: 0.0
06-27 19:45:02.891  2535  3079 W OpenGLRenderer: Surface doesn't have any previously queued frames, nothing to readback from
06-27 19:45:02.900 17348 17348 W System.err: org.json.JSONException: No value for joyeuse
06-27 19:45:02.902 17348 17348 W System.err: 	at org.json.JSONObject.get(JSONObject.java:398)
06-27 19:45:02.902 17348 17348 W System.err: 	at org.json.JSONObject.getJSONObject(JSONObject.java:618)
06-27 19:45:02.903 17348 17348 W System.err: 	at android.util.MiuiMultiWindowUtils.initFreeFormResolutionArgsOfDevice(MiuiMultiWindowUtils.java:1433)
06-27 19:45:02.903 17348 17348 W System.err: 	at android.util.MiuiMultiWindowUtils.initFreeFormResolutionArgs(MiuiMultiWindowUtils.java:1427)
06-27 19:45:02.903 17348 17348 W System.err: 	at android.util.MiuiMultiWindowUtils.<clinit>(MiuiMultiWindowUtils.java:209)
06-27 19:45:02.903 17348 17348 W System.err: 	at com.android.internal.policy.DecorViewMultiWinStubImpl.<init>(DecorViewMultiWinStubImpl.java:19)
06-27 19:45:02.903 17348 17348 W System.err: 	at com.android.internal.policy.DecorViewMultiWinStubImpl$Provider$SINGLETON.<clinit>(DecorViewMultiWinStubImpl$Provider.java:21)
06-27 19:45:02.904 17348 17348 W System.err: 	at com.android.internal.policy.DecorViewMultiWinStubImpl$Provider.provideSingleton(DecorViewMultiWinStubImpl$Provider.java:10)
06-27 19:45:02.904 17348 17348 W System.err: 	at com.android.internal.policy.DecorViewMultiWinStubImpl$Provider.provideSingleton(DecorViewMultiWinStubImpl$Provider.java:8)
06-27 19:45:02.904 17348 17348 W System.err: 	at com.miui.base.MiuiStubRegistry.get(MiuiStubRegistry.java:129)
06-27 19:45:02.904 17348 17348 W System.err: 	at com.miui.base.MiuiStubRegistry.get(MiuiStubRegistry.java:123)
06-27 19:45:02.904 17348 17348 W System.err: 	at com.miui.base.MiuiStubUtil.getInstance(MiuiStubUtil.java:46)
06-27 19:45:02.904 17348 17348 W System.err: 	at com.miui.base.MiuiStubUtil.getImpl(MiuiStubUtil.java:30)
06-27 19:45:02.904 17348 17348 W System.err: 	at com.android.internal.policy.DecorViewMultiWinStub$SingletonHolder.<clinit>(DecorViewMultiWinStub.java:11)
06-27 19:45:02.904 17348 17348 W System.err: 	at com.android.internal.policy.DecorViewMultiWinStub.newInstance(DecorViewMultiWinStub.java:16)
06-27 19:45:02.904 17348 17348 W System.err: 	at com.android.internal.policy.DecorView.<init>(DecorView.java:335)
06-27 19:45:02.904 17348 17348 W System.err: 	at com.android.internal.policy.PhoneWindow.generateDecor(PhoneWindow.java:2380)
06-27 19:45:02.904 17348 17348 W System.err: 	at com.android.internal.policy.PhoneWindow.installDecor(PhoneWindow.java:2760)
06-27 19:45:02.904 17348 17348 W System.err: 	at com.android.internal.policy.PhoneWindow.setContentView(PhoneWindow.java:487)
06-27 19:45:02.905 17348 17348 W System.err: 	at com.android.internal.policy.PhoneWindow.setContentView(PhoneWindow.java:478)
06-27 19:45:02.905 17348 17348 W System.err: 	at android.app.Activity.setContentView(Activity.java:3618)
06-27 19:45:02.905 17348 17348 W System.err: 	at org.kivy.android.PythonActivity.showLoadingScreen(PythonActivity.java:439)
06-27 19:45:02.905 17348 17348 W System.err: 	at org.kivy.android.PythonActivity.onCreate(PythonActivity.java:67)
06-27 19:45:02.905 17348 17348 W System.err: 	at android.app.Activity.performCreate(Activity.java:8163)
06-27 19:45:02.907 17348 17348 W System.err: 	at android.app.Activity.performCreate(Activity.java:8130)
06-27 19:45:02.907 17348 17348 W System.err: 	at android.app.Instrumentation.callActivityOnCreate(Instrumentation.java:1330)
06-27 19:45:02.908 17348 17348 W System.err: 	at android.app.ActivityThread.performLaunchActivity(ActivityThread.java:3744)
06-27 19:45:02.908 17348 17348 W System.err: 	at android.app.ActivityThread.handleLaunchActivity(ActivityThread.java:3938)
06-27 19:45:02.908 17348 17348 W System.err: 	at android.app.servertransaction.LaunchActivityItem.execute(LaunchActivityItem.java:103)
06-27 19:45:02.909 17348 17348 W System.err: 	at android.app.servertransaction.TransactionExecutor.executeCallbacks(TransactionExecutor.java:135)
06-27 19:45:02.909  2535  2590 D HomeWallpaperRenderer: OFFSET  x: 1.0  y: 0.0
06-27 19:45:02.909  2535  3079 W OpenGLRenderer: Surface doesn't have any previously queued frames, nothing to readback from
06-27 19:45:02.909 17348 17348 W System.err: 	at android.app.servertransaction.TransactionExecutor.execute(TransactionExecutor.java:95)
06-27 19:45:02.909 17348 17348 W System.err: 	at android.app.ActivityThread$H.handleMessage(ActivityThread.java:2291)
06-27 19:45:02.909 17348 17348 W System.err: 	at android.os.Handler.dispatchMessage(Handler.java:106)
06-27 19:45:02.909 17348 17348 W System.err: 	at android.os.Looper.loopOnce(Looper.java:210)
06-27 19:45:02.910 17348 17348 W System.err: 	at android.os.Looper.loop(Looper.java:299)
06-27 19:45:02.910 17348 17348 W System.err: 	at android.app.ActivityThread.main(ActivityThread.java:8319)
06-27 19:45:02.910 17348 17348 W System.err: 	at java.lang.reflect.Method.invoke(Native Method)
06-27 19:45:02.911 17348 17348 W System.err: 	at com.android.internal.os.RuntimeInit$MethodAndArgsCaller.run(RuntimeInit.java:556)
06-27 19:45:02.911 17348 17348 W System.err: 	at com.android.internal.os.ZygoteInit.main(ZygoteInit.java:1038)
06-27 19:45:02.911 17348 17348 D IS_CTS_MODE: false
06-27 19:45:02.911 17348 17348 D MULTI_WINDOW_SWITCH_ENABLED: false
06-27 19:45:02.913 17348 17348 D IS_CTS_MODE: false
06-27 19:45:02.913 17348 17348 D MULTI_WINDOW_SWITCH_ENABLED: false
06-27 19:45:02.913 17348 17348 D IS_CTS_MODE: false
06-27 19:45:02.913 17348 17348 D MULTI_WINDOW_SWITCH_ENABLED: false
06-27 19:45:02.920 25950 25950 D Launcher_UnlockAnimationStateMachine: mResetIdleStateRunnable
06-27 19:45:02.924  2535  2590 D HomeWallpaperRenderer: OFFSET  x: 1.0  y: 0.0
06-27 19:45:02.924  2535  3079 W OpenGLRenderer: Surface doesn't have any previously queued frames, nothing to readback from
06-27 19:45:02.925 17348 17348 D DecorView[]: getWindowModeFromSystem  windowmode is 1
06-27 19:45:02.938 17348 17348 V SDL     : onStart()
06-27 19:45:02.939 17348 17373 V PythonActivity: Ready to unpack
06-27 19:45:02.941 17348 17373 V pythonutil: Unpacking private app
06-27 19:45:02.942  2535  2590 D HomeWallpaperRenderer: OFFSET  x: 1.0  y: 0.0
06-27 19:45:02.942  2535  3079 W OpenGLRenderer: Surface doesn't have any previously queued frames, nothing to readback from
06-27 19:45:02.943 17348 17373 V pythonutil: Data version is 6cab5f6252bbcb281d5a07ce976de40f1616031e
06-27 19:45:02.944 17348 17348 V PythonActivity: onResume()
06-27 19:45:02.944 17348 17348 V SDL     : onResume()
06-27 19:45:02.953 17348 17373 V pythonutil: Unpacking /data/app/~~2_jz4MBK9pV7Wj6HKv37rQ==/org.alexandreareias.edmundoapp-rWh5LAayH-LrkYQPrIqtRg==/lib/arm64/libpybundle app
06-27 19:45:02.953 17348 17373 V pythonutil: Data version is 6cab5f6252bbcb281d5a07ce976de40f1616031e
06-27 19:45:02.959  2535  2590 D HomeWallpaperRenderer: OFFSET  x: 1.0  y: 0.0
06-27 19:45:02.959  2535  3079 W OpenGLRenderer: Surface doesn't have any previously queued frames, nothing to readback from
06-27 19:45:02.971 25950 25950 D RecentsImpl: mActivityStateObserver org.kivy.android.PythonActivity
06-27 19:45:02.971 25950 25950 W RecentsImpl: onResumed className=org.kivy.android.PythonActivity   mIsInAnotherPro=false   isKeyguardLocked=false
06-27 19:45:02.975 17348 17348 V pythonutil: Checking pattern libsqlite3\.so against libSDL2.so
06-27 19:45:02.976  2535  2590 D HomeWallpaperRenderer: OFFSET  x: 1.0  y: 0.0
06-27 19:45:02.976  2535  3079 W OpenGLRenderer: Surface doesn't have any previously queued frames, nothing to readback from
06-27 19:45:02.976 17348 17348 V pythonutil: Checking pattern libsqlite3\.so against libSDL2_ttf.so
06-27 19:45:02.976 17348 17348 V pythonutil: Checking pattern libsqlite3\.so against libSDL2_mixer.so
06-27 19:45:02.976 17348 17348 V pythonutil: Checking pattern libsqlite3\.so against libssl1.1.so
06-27 19:45:02.977 17348 17348 V pythonutil: Checking pattern libsqlite3\.so against libpybundle.so
06-27 19:45:02.977 17348 17348 V pythonutil: Checking pattern libsqlite3\.so against libmain.so
06-27 19:45:02.977 17348 17348 V pythonutil: Checking pattern libsqlite3\.so against libpython3.11.so
06-27 19:45:02.977 17348 17348 V pythonutil: Checking pattern libsqlite3\.so against libcrypto1.1.so
06-27 19:45:02.977 17348 17348 V pythonutil: Checking pattern libsqlite3\.so against libffi.so
06-27 19:45:02.977 17348 17348 V pythonutil: Checking pattern libsqlite3\.so against libsqlite3.so
06-27 19:45:02.977 17348 17348 V pythonutil: Pattern libsqlite3\.so matched file libsqlite3.so
06-27 19:45:02.977 17348 17348 V pythonutil: Checking pattern libsqlite3\.so against libSDL2_image.so
06-27 19:45:02.978 17348 17348 V pythonutil: Checking pattern libffi\.so against libSDL2.so
06-27 19:45:02.978 17348 17348 V pythonutil: Checking pattern libffi\.so against libSDL2_ttf.so
06-27 19:45:02.978 17348 17348 V pythonutil: Checking pattern libffi\.so against libSDL2_mixer.so
06-27 19:45:02.979 17348 17348 V pythonutil: Checking pattern libffi\.so against libssl1.1.so
06-27 19:45:02.979 17348 17348 V pythonutil: Checking pattern libffi\.so against libpybundle.so
06-27 19:45:02.979 17348 17348 V pythonutil: Checking pattern libffi\.so against libmain.so
06-27 19:45:02.979 17348 17348 V pythonutil: Checking pattern libffi\.so against libpython3.11.so
06-27 19:45:02.979 17348 17348 V pythonutil: Checking pattern libffi\.so against libcrypto1.1.so
06-27 19:45:02.980 17348 17348 V pythonutil: Checking pattern libffi\.so against libffi.so
06-27 19:45:02.980 17348 17348 V pythonutil: Pattern libffi\.so matched file libffi.so
06-27 19:45:02.980 17348 17348 V pythonutil: Checking pattern libffi\.so against libsqlite3.so
06-27 19:45:02.980 17348 17348 V pythonutil: Checking pattern libffi\.so against libSDL2_image.so
06-27 19:45:02.981 17348 17348 V pythonutil: Checking pattern libpng16\.so against libSDL2.so
06-27 19:45:02.981 17348 17348 V pythonutil: Checking pattern libpng16\.so against libSDL2_ttf.so
06-27 19:45:02.981 17348 17348 V pythonutil: Checking pattern libpng16\.so against libSDL2_mixer.so
06-27 19:45:02.981 17348 17348 V pythonutil: Checking pattern libpng16\.so against libssl1.1.so
06-27 19:45:02.981 17348 17348 V pythonutil: Checking pattern libpng16\.so against libpybundle.so
06-27 19:45:02.982 17348 17348 V pythonutil: Checking pattern libpng16\.so against libmain.so
06-27 19:45:02.982 17348 17348 V pythonutil: Checking pattern libpng16\.so against libpython3.11.so
06-27 19:45:02.982 17348 17348 V pythonutil: Checking pattern libpng16\.so against libcrypto1.1.so
06-27 19:45:02.983 17348 17348 V pythonutil: Checking pattern libpng16\.so against libffi.so
06-27 19:45:02.983 17348 17348 V pythonutil: Checking pattern libpng16\.so against libsqlite3.so
06-27 19:45:02.983 17348 17348 V pythonutil: Checking pattern libpng16\.so against libSDL2_image.so
06-27 19:45:02.984 17348 17348 V pythonutil: Checking pattern libssl.*\.so against libSDL2.so
06-27 19:45:02.984 17348 17348 V pythonutil: Checking pattern libssl.*\.so against libSDL2_ttf.so
06-27 19:45:02.984 17348 17348 V pythonutil: Checking pattern libssl.*\.so against libSDL2_mixer.so
06-27 19:45:02.984 17348 17348 V pythonutil: Checking pattern libssl.*\.so against libssl1.1.so
06-27 19:45:02.984 17348 17348 V pythonutil: Pattern libssl.*\.so matched file libssl1.1.so
06-27 19:45:02.984 17348 17348 V pythonutil: Checking pattern libssl.*\.so against libpybundle.so
06-27 19:45:02.984  2872  7896 I SarService: Receiver polling >>>> Change receiver mode: off
06-27 19:45:02.985 17348 17348 V pythonutil: Checking pattern libssl.*\.so against libmain.so
06-27 19:45:02.985 17348 17348 V pythonutil: Checking pattern libssl.*\.so against libpython3.11.so
06-27 19:45:02.985 17348 17348 V pythonutil: Checking pattern libssl.*\.so against libcrypto1.1.so
06-27 19:45:02.985 17348 17348 V pythonutil: Checking pattern libssl.*\.so against libffi.so
06-27 19:45:02.985 17348 17348 V pythonutil: Checking pattern libssl.*\.so against libsqlite3.so
06-27 19:45:02.985 17348 17348 V pythonutil: Checking pattern libssl.*\.so against libSDL2_image.so
06-27 19:45:02.985 17348 17348 V pythonutil: Checking pattern libcrypto.*\.so against libSDL2.so
06-27 19:45:02.985 17348 17348 V pythonutil: Checking pattern libcrypto.*\.so against libSDL2_ttf.so
06-27 19:45:02.986 17348 17348 V pythonutil: Checking pattern libcrypto.*\.so against libSDL2_mixer.so
06-27 19:45:02.986 17348 17348 V pythonutil: Checking pattern libcrypto.*\.so against libssl1.1.so
06-27 19:45:02.986 17348 17348 V pythonutil: Checking pattern libcrypto.*\.so against libpybundle.so
06-27 19:45:02.986 17348 17348 V pythonutil: Checking pattern libcrypto.*\.so against libmain.so
06-27 19:45:02.986 17348 17348 V pythonutil: Checking pattern libcrypto.*\.so against libpython3.11.so
06-27 19:45:02.986 17348 17348 V pythonutil: Checking pattern libcrypto.*\.so against libcrypto1.1.so
06-27 19:45:02.986 17348 17348 V pythonutil: Pattern libcrypto.*\.so matched file libcrypto1.1.so
06-27 19:45:02.986 17348 17348 V pythonutil: Checking pattern libcrypto.*\.so against libffi.so
06-27 19:45:02.986 17348 17348 V pythonutil: Checking pattern libcrypto.*\.so against libsqlite3.so
06-27 19:45:02.987 17348 17348 V pythonutil: Checking pattern libcrypto.*\.so against libSDL2_image.so
06-27 19:45:02.987 17348 17348 V pythonutil: Checking pattern libSDL2\.so against libSDL2.so
06-27 19:45:02.987 17348 17348 V pythonutil: Pattern libSDL2\.so matched file libSDL2.so
06-27 19:45:02.987 17348 17348 V pythonutil: Checking pattern libSDL2\.so against libSDL2_ttf.so
06-27 19:45:02.987 17348 17348 V pythonutil: Checking pattern libSDL2\.so against libSDL2_mixer.so
06-27 19:45:02.987 17348 17348 V pythonutil: Checking pattern libSDL2\.so against libssl1.1.so
06-27 19:45:02.987 17348 17348 V pythonutil: Checking pattern libSDL2\.so against libpybundle.so
06-27 19:45:02.987 17348 17348 V pythonutil: Checking pattern libSDL2\.so against libmain.so
06-27 19:45:02.987 17348 17348 V pythonutil: Checking pattern libSDL2\.so against libpython3.11.so
06-27 19:45:02.987 17348 17348 V pythonutil: Checking pattern libSDL2\.so against libcrypto1.1.so
06-27 19:45:02.987 17348 17348 V pythonutil: Checking pattern libSDL2\.so against libffi.so
06-27 19:45:02.988 17348 17348 V pythonutil: Checking pattern libSDL2\.so against libsqlite3.so
06-27 19:45:02.988 17348 17348 V pythonutil: Checking pattern libSDL2\.so against libSDL2_image.so
06-27 19:45:02.988 17348 17348 V pythonutil: Checking pattern libSDL2_image\.so against libSDL2.so
06-27 19:45:02.988 17348 17348 V pythonutil: Checking pattern libSDL2_image\.so against libSDL2_ttf.so
06-27 19:45:02.988 17348 17348 V pythonutil: Checking pattern libSDL2_image\.so against libSDL2_mixer.so
06-27 19:45:02.988 17348 17348 V pythonutil: Checking pattern libSDL2_image\.so against libssl1.1.so
06-27 19:45:02.989 17348 17348 V pythonutil: Checking pattern libSDL2_image\.so against libpybundle.so
06-27 19:45:02.989 17348 17348 V pythonutil: Checking pattern libSDL2_image\.so against libmain.so
06-27 19:45:02.989 17348 17348 V pythonutil: Checking pattern libSDL2_image\.so against libpython3.11.so
06-27 19:45:02.989 17348 17348 V pythonutil: Checking pattern libSDL2_image\.so against libcrypto1.1.so
06-27 19:45:02.989 17348 17348 V pythonutil: Checking pattern libSDL2_image\.so against libffi.so
06-27 19:45:02.989 17348 17348 V pythonutil: Checking pattern libSDL2_image\.so against libsqlite3.so
06-27 19:45:02.990 17348 17348 V pythonutil: Checking pattern libSDL2_image\.so against libSDL2_image.so
06-27 19:45:02.990 17348 17348 V pythonutil: Pattern libSDL2_image\.so matched file libSDL2_image.so
06-27 19:45:02.991 17348 17348 V pythonutil: Checking pattern libSDL2_mixer\.so against libSDL2.so
06-27 19:45:02.991 17348 17348 V pythonutil: Checking pattern libSDL2_mixer\.so against libSDL2_ttf.so
06-27 19:45:02.991 17348 17348 V pythonutil: Checking pattern libSDL2_mixer\.so against libSDL2_mixer.so
06-27 19:45:02.991  2535  3079 W OpenGLRenderer: Surface doesn't have any previously queued frames, nothing to readback from
06-27 19:45:02.992 17348 17348 V pythonutil: Pattern libSDL2_mixer\.so matched file libSDL2_mixer.so
06-27 19:45:02.991  2535  2590 D HomeWallpaperRenderer: OFFSET  x: 1.0  y: 0.0
06-27 19:45:02.992 17348 17348 V pythonutil: Checking pattern libSDL2_mixer\.so against libssl1.1.so
06-27 19:45:02.992 17348 17348 V pythonutil: Checking pattern libSDL2_mixer\.so against libpybundle.so
06-27 19:45:02.992 17348 17348 V pythonutil: Checking pattern libSDL2_mixer\.so against libmain.so
06-27 19:45:02.992 17348 17348 V pythonutil: Checking pattern libSDL2_mixer\.so against libpython3.11.so
06-27 19:45:02.992 17348 17348 V pythonutil: Checking pattern libSDL2_mixer\.so against libcrypto1.1.so
06-27 19:45:02.993 17348 17348 V pythonutil: Checking pattern libSDL2_mixer\.so against libffi.so
06-27 19:45:02.993 17348 17348 V pythonutil: Checking pattern libSDL2_mixer\.so against libsqlite3.so
06-27 19:45:02.993 17348 17348 V pythonutil: Checking pattern libSDL2_mixer\.so against libSDL2_image.so
06-27 19:45:02.994 17348 17348 V pythonutil: Checking pattern libSDL2_ttf\.so against libSDL2.so
06-27 19:45:02.994 17348 17348 V pythonutil: Checking pattern libSDL2_ttf\.so against libSDL2_ttf.so
06-27 19:45:02.994 17348 17348 V pythonutil: Pattern libSDL2_ttf\.so matched file libSDL2_ttf.so
06-27 19:45:02.995 17348 17348 V pythonutil: Checking pattern libSDL2_ttf\.so against libSDL2_mixer.so
06-27 19:45:02.995 17348 17348 V pythonutil: Checking pattern libSDL2_ttf\.so against libssl1.1.so
06-27 19:45:02.995 17348 17348 V pythonutil: Checking pattern libSDL2_ttf\.so against libpybundle.so
06-27 19:45:02.995 17348 17348 V pythonutil: Checking pattern libSDL2_ttf\.so against libmain.so
06-27 19:45:02.995 17348 17348 V pythonutil: Checking pattern libSDL2_ttf\.so against libpython3.11.so
06-27 19:45:02.996 17348 17348 V pythonutil: Checking pattern libSDL2_ttf\.so against libcrypto1.1.so
06-27 19:45:02.996 17348 17348 V pythonutil: Checking pattern libSDL2_ttf\.so against libffi.so
06-27 19:45:02.996 17348 17348 V pythonutil: Checking pattern libSDL2_ttf\.so against libsqlite3.so
06-27 19:45:02.996 17348 17348 V pythonutil: Checking pattern libSDL2_ttf\.so against libSDL2_image.so
06-27 19:45:02.996 17348 17348 V pythonutil: Loading library: sqlite3
06-27 19:45:03.002 17348 17348 D nativeloader: Load /data/app/~~2_jz4MBK9pV7Wj6HKv37rQ==/org.alexandreareias.edmundoapp-rWh5LAayH-LrkYQPrIqtRg==/lib/arm64/libsqlite3.so using ns clns-4 from class loader (caller=/data/app/~~2_jz4MBK9pV7Wj6HKv37rQ==/org.alexandreareias.edmundoapp-rWh5LAayH-LrkYQPrIqtRg==/base.apk!classes5.dex): ok
06-27 19:45:03.002 17348 17348 V pythonutil: Loading library: ffi
06-27 19:45:03.007  2535  2590 D HomeWallpaperRenderer: OFFSET  x: 1.0  y: 0.0
06-27 19:45:03.007 17348 17348 D nativeloader: Load /data/app/~~2_jz4MBK9pV7Wj6HKv37rQ==/org.alexandreareias.edmundoapp-rWh5LAayH-LrkYQPrIqtRg==/lib/arm64/libffi.so using ns clns-4 from class loader (caller=/data/app/~~2_jz4MBK9pV7Wj6HKv37rQ==/org.alexandreareias.edmundoapp-rWh5LAayH-LrkYQPrIqtRg==/base.apk!classes5.dex): ok
06-27 19:45:03.008  2535  3079 W OpenGLRenderer: Surface doesn't have any previously queued frames, nothing to readback from
06-27 19:45:03.008 17348 17348 V pythonutil: Loading library: ssl1.1
06-27 19:45:03.018 17348 17348 D nativeloader: Load /data/app/~~2_jz4MBK9pV7Wj6HKv37rQ==/org.alexandreareias.edmundoapp-rWh5LAayH-LrkYQPrIqtRg==/lib/arm64/libssl1.1.so using ns clns-4 from class loader (caller=/data/app/~~2_jz4MBK9pV7Wj6HKv37rQ==/org.alexandreareias.edmundoapp-rWh5LAayH-LrkYQPrIqtRg==/base.apk!classes5.dex): ok
06-27 19:45:03.018 17348 17348 V pythonutil: Loading library: crypto1.1
06-27 19:45:03.019 17348 17348 D nativeloader: Load /data/app/~~2_jz4MBK9pV7Wj6HKv37rQ==/org.alexandreareias.edmundoapp-rWh5LAayH-LrkYQPrIqtRg==/lib/arm64/libcrypto1.1.so using ns clns-4 from class loader (caller=/data/app/~~2_jz4MBK9pV7Wj6HKv37rQ==/org.alexandreareias.edmundoapp-rWh5LAayH-LrkYQPrIqtRg==/base.apk!classes5.dex): ok
06-27 19:45:03.019 17348 17348 V pythonutil: Loading library: SDL2
06-27 19:45:03.025  2535  2590 D HomeWallpaperRenderer: OFFSET  x: 1.0  y: 0.0
06-27 19:45:03.025  2535  3079 W OpenGLRenderer: Surface doesn't have any previously queued frames, nothing to readback from
06-27 19:45:03.029 17348 17348 D nativeloader: Load /data/app/~~2_jz4MBK9pV7Wj6HKv37rQ==/org.alexandreareias.edmundoapp-rWh5LAayH-LrkYQPrIqtRg==/lib/arm64/libSDL2.so using ns clns-4 from class loader (caller=/data/app/~~2_jz4MBK9pV7Wj6HKv37rQ==/org.alexandreareias.edmundoapp-rWh5LAayH-LrkYQPrIqtRg==/base.apk!classes5.dex): ok
06-27 19:45:03.030 17348 17348 V pythonutil: Loading library: SDL2_image
06-27 19:45:03.035 17348 17348 D nativeloader: Load /data/app/~~2_jz4MBK9pV7Wj6HKv37rQ==/org.alexandreareias.edmundoapp-rWh5LAayH-LrkYQPrIqtRg==/lib/arm64/libSDL2_image.so using ns clns-4 from class loader (caller=/data/app/~~2_jz4MBK9pV7Wj6HKv37rQ==/org.alexandreareias.edmundoapp-rWh5LAayH-LrkYQPrIqtRg==/base.apk!classes5.dex): ok
06-27 19:45:03.035 17348 17348 V pythonutil: Loading library: SDL2_mixer
06-27 19:45:03.039 17348 17348 D nativeloader: Load /data/app/~~2_jz4MBK9pV7Wj6HKv37rQ==/org.alexandreareias.edmundoapp-rWh5LAayH-LrkYQPrIqtRg==/lib/arm64/libSDL2_mixer.so using ns clns-4 from class loader (caller=/data/app/~~2_jz4MBK9pV7Wj6HKv37rQ==/org.alexandreareias.edmundoapp-rWh5LAayH-LrkYQPrIqtRg==/base.apk!classes5.dex): ok
06-27 19:45:03.040 17348 17348 V pythonutil: Loading library: SDL2_ttf
06-27 19:45:03.042  2535  2590 D HomeWallpaperRenderer: OFFSET  x: 1.0  y: 0.0
06-27 19:45:03.042  2535  3079 W OpenGLRenderer: Surface doesn't have any previously queued frames, nothing to readback from
06-27 19:45:03.051 17348 17348 D nativeloader: Load /data/app/~~2_jz4MBK9pV7Wj6HKv37rQ==/org.alexandreareias.edmundoapp-rWh5LAayH-LrkYQPrIqtRg==/lib/arm64/libSDL2_ttf.so using ns clns-4 from class loader (caller=/data/app/~~2_jz4MBK9pV7Wj6HKv37rQ==/org.alexandreareias.edmundoapp-rWh5LAayH-LrkYQPrIqtRg==/base.apk!classes5.dex): ok
06-27 19:45:03.051 17348 17348 V pythonutil: Loading library: python3.5m
06-27 19:45:03.059  2535  2590 D HomeWallpaperRenderer: OFFSET  x: 1.0  y: 0.0
06-27 19:45:03.059  2535  3079 W OpenGLRenderer: Surface doesn't have any previously queued frames, nothing to readback from
06-27 19:45:03.066 17348 17348 D nativeloader: Load libpython3.5m.so using ns clns-4 from class loader (caller=/data/app/~~2_jz4MBK9pV7Wj6HKv37rQ==/org.alexandreareias.edmundoapp-rWh5LAayH-LrkYQPrIqtRg==/base.apk!classes5.dex): dlopen failed: library "libpython3.5m.so" not found
06-27 19:45:03.066 17348 17348 V pythonutil: Library loading error: dlopen failed: library "libpython3.5m.so" not found
06-27 19:45:03.066 17348 17348 V pythonutil: Loading library: python3.6m
06-27 19:45:03.069 17348 17348 D nativeloader: Load libpython3.6m.so using ns clns-4 from class loader (caller=/data/app/~~2_jz4MBK9pV7Wj6HKv37rQ==/org.alexandreareias.edmundoapp-rWh5LAayH-LrkYQPrIqtRg==/base.apk!classes5.dex): dlopen failed: library "libpython3.6m.so" not found
06-27 19:45:03.069 17348 17348 V pythonutil: Library loading error: dlopen failed: library "libpython3.6m.so" not found
06-27 19:45:03.069 17348 17348 V pythonutil: Loading library: python3.7m
06-27 19:45:03.071 17348 17348 D nativeloader: Load libpython3.7m.so using ns clns-4 from class loader (caller=/data/app/~~2_jz4MBK9pV7Wj6HKv37rQ==/org.alexandreareias.edmundoapp-rWh5LAayH-LrkYQPrIqtRg==/base.apk!classes5.dex): dlopen failed: library "libpython3.7m.so" not found
06-27 19:45:03.072 17348 17348 V pythonutil: Library loading error: dlopen failed: library "libpython3.7m.so" not found
06-27 19:45:03.072 17348 17348 V pythonutil: Loading library: python3.8
06-27 19:45:03.074 17348 17348 D nativeloader: Load libpython3.8.so using ns clns-4 from class loader (caller=/data/app/~~2_jz4MBK9pV7Wj6HKv37rQ==/org.alexandreareias.edmundoapp-rWh5LAayH-LrkYQPrIqtRg==/base.apk!classes5.dex): dlopen failed: library "libpython3.8.so" not found
06-27 19:45:03.075 17348 17348 V pythonutil: Library loading error: dlopen failed: library "libpython3.8.so" not found
06-27 19:45:03.075 17348 17348 V pythonutil: Loading library: python3.9
06-27 19:45:03.077 17348 17348 D nativeloader: Load libpython3.9.so using ns clns-4 from class loader (caller=/data/app/~~2_jz4MBK9pV7Wj6HKv37rQ==/org.alexandreareias.edmundoapp-rWh5LAayH-LrkYQPrIqtRg==/base.apk!classes5.dex): dlopen failed: library "libpython3.9.so" not found
06-27 19:45:03.077 25950 25950 E LauncherAnimationRunner: finish: mFinishRunnable.run
06-27 19:45:03.077 17348 17348 V pythonutil: Library loading error: dlopen failed: library "libpython3.9.so" not found
06-27 19:45:03.078 17348 17348 V pythonutil: Loading library: python3.10
06-27 19:45:03.081 17348 17348 D nativeloader: Load libpython3.10.so using ns clns-4 from class loader (caller=/data/app/~~2_jz4MBK9pV7Wj6HKv37rQ==/org.alexandreareias.edmundoapp-rWh5LAayH-LrkYQPrIqtRg==/base.apk!classes5.dex): dlopen failed: library "libpython3.10.so" not found
06-27 19:45:03.081 17348 17348 V pythonutil: Library loading error: dlopen failed: library "libpython3.10.so" not found
06-27 19:45:03.082 17348 17348 V pythonutil: Loading library: python3.11
06-27 19:45:03.095  1627  1662 I WindowManagerService: Physical orientation not applied, rotation=0
06-27 19:45:03.099 17348 17348 D nativeloader: Load /data/app/~~2_jz4MBK9pV7Wj6HKv37rQ==/org.alexandreareias.edmundoapp-rWh5LAayH-LrkYQPrIqtRg==/lib/arm64/libpython3.11.so using ns clns-4 from class loader (caller=/data/app/~~2_jz4MBK9pV7Wj6HKv37rQ==/org.alexandreareias.edmundoapp-rWh5LAayH-LrkYQPrIqtRg==/base.apk!classes5.dex): ok
06-27 19:45:03.099 17348 17348 V pythonutil: Loading library: main
06-27 19:45:03.102 17348 17348 D nativeloader: Load /data/app/~~2_jz4MBK9pV7Wj6HKv37rQ==/org.alexandreareias.edmundoapp-rWh5LAayH-LrkYQPrIqtRg==/lib/arm64/libmain.so using ns clns-4 from class loader (caller=/data/app/~~2_jz4MBK9pV7Wj6HKv37rQ==/org.alexandreareias.edmundoapp-rWh5LAayH-LrkYQPrIqtRg==/base.apk!classes5.dex): ok
06-27 19:45:03.102 17348 17348 V pythonutil: Loaded everything!
06-27 19:45:03.105 17348 17348 V SDL     : nativeSetupJNI()
06-27 19:45:03.108 17348 17348 V SDL     : AUDIO nativeSetupJNI()
06-27 19:45:03.109 17348 17348 V SDL     : CONTROLLER nativeSetupJNI()
06-27 19:45:03.146  1627  1662 W ServiceManager: Permission failure: android.permission.HIGH_SAMPLING_RATE_SENSORS from uid=10869 pid=17348
06-27 19:45:03.155 17348 17348 V PythonActivity: Setting env vars for start.c and Python to use
06-27 19:45:03.155 17348 17348 V PythonActivity: Access to our meta-data...
06-27 19:45:03.156 17348 17348 I PythonActivity: Surface will NOT be transparent
06-27 19:45:03.176 17348 17348 D DecorView[]: getWindowModeFromSystem  windowmode is 1
06-27 19:45:03.176 17348 17348 D DecorView[]: updateDecorCaptionStatus displayWindowDecor is false
06-27 19:45:03.181  1627  1662 D WindowManager: Input focus has changed to Window{ef0ad60 u0 org.alexandreareias.edmundoapp/org.kivy.android.PythonActivity} display=0 updateInputWindows = true
06-27 19:45:03.181  1627  1662 I WindowManagerService: Physical orientation not applied, rotation=0
06-27 19:45:03.182  1627  1818 D CompatibilityChangeReporter: Compat change id reported: 158002302; UID 10869; state: ENABLED
06-27 19:45:03.185  2872  7896 I SarService: Receiver polling >>>> Change receiver mode: off
06-27 19:45:03.188 17348 17370 I AdrenoGLES-0: QUALCOMM build                   : 820d4a4028, I5580630f49
06-27 19:45:03.188 17348 17370 I AdrenoGLES-0: Build Date                       : 11/04/21
06-27 19:45:03.188 17348 17370 I AdrenoGLES-0: OpenGL ES Shader Compiler Version: EV031.32.02.16
06-27 19:45:03.188 17348 17370 I AdrenoGLES-0: Local Branch                     : 
06-27 19:45:03.188 17348 17370 I AdrenoGLES-0: Remote Branch                    : 
06-27 19:45:03.188 17348 17370 I AdrenoGLES-0: Remote Branch                    : 
06-27 19:45:03.188 17348 17370 I AdrenoGLES-0: Reconstruct Branch               : 
06-27 19:45:03.188 17348 17370 I AdrenoGLES-0: Build Config                     : S P 10.0.7 AArch64
06-27 19:45:03.188 17348 17370 I AdrenoGLES-0: Driver Path                      : /vendor/lib64/egl/libGLESv2_adreno.so
06-27 19:45:03.194 17348 17370 I AdrenoGLES-0: PFP: 0x016ee190, ME: 0x00000000
06-27 19:45:03.195 17348 17348 D SurfaceView: UPDATE null, mIsCastMode = false
06-27 19:45:03.206 17348 17348 V SDL     : surfaceCreated()
06-27 19:45:03.206 17348 17348 V SDL     : surfaceChanged()
06-27 19:45:03.207  1026  1145 I SDM     : HWCDisplay::GetColorModeCount: Supported color mode count = 1
06-27 19:45:03.207  1026  1145 I SDM     : HWCDisplay::GetColorModes: Color mode = 0 is supported
06-27 19:45:03.207 17348 17348 V SDL     : Window size: 1080x2168
06-27 19:45:03.207 17348 17348 V SDL     : Device size: 1080x2400
06-27 19:45:03.209  1627  1662 W ServiceManager: Permission failure: android.permission.HIGH_SAMPLING_RATE_SENSORS from uid=10869 pid=17348
06-27 19:45:03.210  1627  1662 W ServiceManager: Permission failure: android.permission.HIGH_SAMPLING_RATE_SENSORS from uid=10869 pid=17348
06-27 19:45:03.210  1036  1036 I sensors-hal: batch:242, android.sensor.accelerometer/11, period=10000000, max_latency=20000000
06-27 19:45:03.210  1036  1036 I sensors-hal: set_config:63, sample_period_ns is adjusted to 10000000 based on min/max delay_ns
06-27 19:45:03.211 17348 17370 D hw-ProcessState: Binder ioctl to enable oneway spam detection failed: Invalid argument
06-27 19:45:03.211  1036  1036 I sensors-hal: batch:251, android.sensor.accelerometer/11, period=10000000, max_latency=20000000 request completed
06-27 19:45:03.212  1036  1036 I sensors-hal: flush:271, android.sensor.accelerometer/11
06-27 19:45:03.212  1036  1036 I sensors-hal: flush:277, android.sensor.accelerometer/11 completed
06-27 19:45:03.214 17348 17377 V SDL     : Running main function SDL_main from library /data/app/~~2_jz4MBK9pV7Wj6HKv37rQ==/org.alexandreareias.edmundoapp-rWh5LAayH-LrkYQPrIqtRg==/lib/arm64/libmain.so
06-27 19:45:03.214 17348 17377 V PythonActivity: appConfirmedActive() -> preparing loading screen removal
06-27 19:45:03.214 17348 17377 V SDL     : nativeRunMain()
06-27 19:45:03.215 17348 17377 I python  : Initializing Python for Android
06-27 19:45:03.215 17348 17377 I python  : Setting additional env vars from p4a_env_vars.txt
06-27 19:45:03.216 17348 17377 I python  : Changing directory to the one provided by ANDROID_ARGUMENT
06-27 19:45:03.216 17348 17377 I python  : /data/user/0/org.alexandreareias.edmundoapp/files/app
06-27 19:45:03.219 17348 17377 I python  : Preparing to initialize python
06-27 19:45:03.221 17348 17377 I python  : _python_bundle dir exists
06-27 19:45:03.221 17348 17377 I python  : calculated paths to be...
06-27 19:45:03.221 17348 17377 I python  : /data/user/0/org.alexandreareias.edmundoapp/files/app/_python_bundle/stdlib.zip:/data/user/0/org.alexandreareias.edmundoapp/files/app/_python_bundle/modules
06-27 19:45:03.221 17348 17377 I python  : set wchar paths...
06-27 19:45:03.221  1036 10934 I sensors-hal: ssc_conn_resp_cb:663, resp_value = 0
06-27 19:45:03.225  1036 10934 I sensors-hal: ssc_conn_resp_cb:663, resp_value = 0
06-27 19:45:03.248 17348 17370 E eias.edmundoap: open libmigui.so failed! dlopen - dlopen failed: library "libmigui.so" not found
06-27 19:45:03.254  1627  1662 D WindowManager: finishDrawingLocked: mDrawState=COMMIT_DRAW_PENDING Window{ef0ad60 u0 org.alexandreareias.edmundoapp/org.kivy.android.PythonActivity} in Surface(name=org.alexandreareias.edmundoapp/org.kivy.android.PythonActivity)/@0x7ba2e90
06-27 19:45:03.261  1627  1814 W ziparchive: Unable to open '/data/app/~~2_jz4MBK9pV7Wj6HKv37rQ==/org.alexandreareias.edmundoapp-rWh5LAayH-LrkYQPrIqtRg==/base.dm': No such file or directory
06-27 19:45:03.261  1053  3925 E ANDR-PERF-LM: ThreadHelper: thread_callback() 145: More than one pending updates!!! This should not happen. MeterMgr should avoid this case.
06-27 19:45:03.265  1627  1662 W InputManager-JNI: Input channel object '2f8e2df Splash Screen org.alexandreareias.edmundoapp (client)' was disposed without first being removed with the input manager!
06-27 19:45:03.269  1053  3925 E ANDR-PERF-LM: ThreadHelper: thread_callback() 145: More than one pending updates!!! This should not happen. MeterMgr should avoid this case.
06-27 19:45:03.270  1627  1814 I ActivityTaskManager: Displayed org.alexandreareias.edmundoapp/org.kivy.android.PythonActivity: +771ms
06-27 19:45:03.270 17348 17348 D DecorView[]: getWindowModeFromSystem  windowmode is 1
06-27 19:45:03.270 17348 17348 D DecorView[]: updateDecorCaptionStatus displayWindowDecor is false
06-27 19:45:03.273 25950 25950 D Launcher.Lifecycle: onStop:UserHandle{0},ce92670,false
06-27 19:45:03.273 25950 25950 D Launcher_UnlockAnimationStateMachine: onStop = IDLE
06-27 19:45:03.276  1627  5857 I WindowManagerService: Physical orientation not applied, rotation=0
06-27 19:45:03.283  1627  1662 W ProcessStats: Tracking association SourceState{7754fd9 com.miui.home/10092 BTopFgs #324656} whose proc state 2 is better than process ProcessState{6c8e892 com.miui.securitycenter.remote/1000 pkg=com.miui.securitycenter} proc state 3 (0 skipped)
06-27 19:45:03.285  1627  2409 I MiuiNetworkPolicy: updateUidState uid = 99496, uidState = 5
06-27 19:45:03.285  1627  2409 I MiuiNetworkPolicy: updateUidState uid = 10192, uidState = 5
06-27 19:45:03.285  1627  2409 I MiuiNetworkPolicy: updateUidState uid = 10188, uidState = 5
06-27 19:45:03.286  7820  8204 I BtGatt.ScanManager: msg.what = 6
06-27 19:45:03.287 26283 26283 I cpwx    : onStop
06-27 19:45:03.289  1627  2409 I MiuiNetworkPolicy: updateUidState uid = 10111, uidState = 4
06-27 19:45:03.289  1627  2409 I MiuiNetworkPolicy: updateUidState uid = 10092, uidState = 5
06-27 19:45:03.296  1627  1815 D Aurogon :  uid = 10092 switch to BG
06-27 19:45:03.296 25530 27040 D PMonitor:  onForegroundActivitiesChanged:pid = 25950,activity-uid=10092,foregroundActivities=false
06-27 19:45:03.297 17348 17348 D SurfaceView: UPDATE Surface(name=SurfaceView[org.alexandreareias.edmundoapp/org.kivy.android.PythonActivity])/@0x10c5eb1, mIsProjectionMode = false
06-27 19:45:03.304 17348 17348 V SDL     : onWindowFocusChanged(): true
06-27 19:45:03.304 17348 17348 D DecorView[]: onWindowFocusChanged hasWindowFocus true
06-27 19:45:03.305 17348 17377 I python  : Initialized python
06-27 19:45:03.305 17348 17377 I python  : AND: Init threads
06-27 19:45:03.306 17348 17377 I python  : testing python print redirection
